###############################################################################
#                                                                             #
# IAR ELF Linker V6.21.1.52794/W32 for ARM              14/Aug/2013  17:31:30 #
# Copyright 2007-2011 IAR Systems AB.                                         #
#                                                                             #
#    Output file  =  E:\fm3_ucos_demo_1v1\example\IAR\Flash                   #
#                    Debug\Exe\GettingStarted.out                             #
#    Map file     =  E:\fm3_ucos_demo_1v1\example\IAR\Flash                   #
#                    Debug\List\GettingStarted.map                            #
#    Command line =  "E:\fm3_ucos_demo_1v1\example\IAR\Flash                  #
#                    Debug\Obj\I2C_fm3.o" "E:\fm3_ucos_demo_1v1\example\IAR\F #
#                    lash Debug\Obj\adc.o" "E:\fm3_ucos_demo_1v1\example\IAR\ #
#                    Flash Debug\Obj\adc12_FM3.o"                             #
#                    "E:\fm3_ucos_demo_1v1\example\IAR\Flash                  #
#                    Debug\Obj\bt_fm3.o" "E:\fm3_ucos_demo_1v1\example\IAR\Fl #
#                    ash Debug\Obj\clock_fm3.o" "E:\fm3_ucos_demo_1v1\example #
#                    \IAR\Flash Debug\Obj\core_cm3.o"                         #
#                    "E:\fm3_ucos_demo_1v1\example\IAR\Flash                  #
#                    Debug\Obj\cr_fm3.o" "E:\fm3_ucos_demo_1v1\example\IAR\Fl #
#                    ash Debug\Obj\crc_fm3.o" "E:\fm3_ucos_demo_1v1\example\I #
#                    AR\Flash Debug\Obj\csio_fm3.o"                           #
#                    "E:\fm3_ucos_demo_1v1\example\IAR\Flash                  #
#                    Debug\Obj\cstartup_M.o" "E:\fm3_ucos_demo_1v1\example\IA #
#                    R\Flash Debug\Obj\csv_fm3.o"                             #
#                    "E:\fm3_ucos_demo_1v1\example\IAR\Flash                  #
#                    Debug\Obj\dmac_fm3.o" "E:\fm3_ucos_demo_1v1\example\IAR\ #
#                    Flash Debug\Obj\dt_fm3.o" "E:\fm3_ucos_demo_1v1\example\ #
#                    IAR\Flash Debug\Obj\extint_fm3.o"                        #
#                    "E:\fm3_ucos_demo_1v1\example\IAR\Flash                  #
#                    Debug\Obj\io_fm3.o" "E:\fm3_ucos_demo_1v1\example\IAR\Fl #
#                    ash Debug\Obj\key.o" "E:\fm3_ucos_demo_1v1\example\IAR\F #
#                    lash Debug\Obj\lcd.o" "E:\fm3_ucos_demo_1v1\example\IAR\ #
#                    Flash Debug\Obj\lin_fm3.o" "E:\fm3_ucos_demo_1v1\example #
#                    \IAR\Flash Debug\Obj\lpcm_fm3.o"                         #
#                    "E:\fm3_ucos_demo_1v1\example\IAR\Flash                  #
#                    Debug\Obj\lvd_fm3.o" "E:\fm3_ucos_demo_1v1\example\IAR\F #
#                    lash Debug\Obj\main.o" "E:\fm3_ucos_demo_1v1\example\IAR #
#                    \Flash Debug\Obj\mfs_fm3.o"                              #
#                    "E:\fm3_ucos_demo_1v1\example\IAR\Flash                  #
#                    Debug\Obj\mft_adcmp_fm3.o" "E:\fm3_ucos_demo_1v1\example #
#                    \IAR\Flash Debug\Obj\mft_frt_fm3.o"                      #
#                    "E:\fm3_ucos_demo_1v1\example\IAR\Flash                  #
#                    Debug\Obj\mft_icu_fm3.o" "E:\fm3_ucos_demo_1v1\example\I #
#                    AR\Flash Debug\Obj\mft_ocu_fm3.o"                        #
#                    "E:\fm3_ucos_demo_1v1\example\IAR\Flash                  #
#                    Debug\Obj\mft_wfg_fm3.o" "E:\fm3_ucos_demo_1v1\example\I #
#                    AR\Flash Debug\Obj\os_core.o"                            #
#                    "E:\fm3_ucos_demo_1v1\example\IAR\Flash                  #
#                    Debug\Obj\os_cpu_a.o" "E:\fm3_ucos_demo_1v1\example\IAR\ #
#                    Flash Debug\Obj\os_cpu_c.o"                              #
#                    "E:\fm3_ucos_demo_1v1\example\IAR\Flash                  #
#                    Debug\Obj\os_dbg.o" "E:\fm3_ucos_demo_1v1\example\IAR\Fl #
#                    ash Debug\Obj\os_flag.o" "E:\fm3_ucos_demo_1v1\example\I #
#                    AR\Flash Debug\Obj\os_mbox.o"                            #
#                    "E:\fm3_ucos_demo_1v1\example\IAR\Flash                  #
#                    Debug\Obj\os_mem.o" "E:\fm3_ucos_demo_1v1\example\IAR\Fl #
#                    ash Debug\Obj\os_mutex.o" "E:\fm3_ucos_demo_1v1\example\ #
#                    IAR\Flash Debug\Obj\os_q.o"                              #
#                    "E:\fm3_ucos_demo_1v1\example\IAR\Flash                  #
#                    Debug\Obj\os_sem.o" "E:\fm3_ucos_demo_1v1\example\IAR\Fl #
#                    ash Debug\Obj\os_task.o" "E:\fm3_ucos_demo_1v1\example\I #
#                    AR\Flash Debug\Obj\os_time.o"                            #
#                    "E:\fm3_ucos_demo_1v1\example\IAR\Flash                  #
#                    Debug\Obj\os_tmr.o" "E:\fm3_ucos_demo_1v1\example\IAR\Fl #
#                    ash Debug\Obj\qprc_fm3.o" "E:\fm3_ucos_demo_1v1\example\ #
#                    IAR\Flash Debug\Obj\system_mb9bf50x.o"                   #
#                    "E:\fm3_ucos_demo_1v1\example\IAR\Flash                  #
#                    Debug\Obj\uart.o" "E:\fm3_ucos_demo_1v1\example\IAR\Flas #
#                    h Debug\Obj\uart_fm3.o" "E:\fm3_ucos_demo_1v1\example\IA #
#                    R\Flash Debug\Obj\wc_fm3.o"                              #
#                    "E:\fm3_ucos_demo_1v1\example\IAR\Flash                  #
#                    Debug\Obj\wd_fm3.o" --redirect _Printf=_PrintfTiny       #
#                    --redirect _Scanf=_ScanfSmall -o                         #
#                    "E:\fm3_ucos_demo_1v1\example\IAR\Flash                  #
#                    Debug\Exe\GettingStarted.out" --map                      #
#                    "E:\fm3_ucos_demo_1v1\example\IAR\Flash                  #
#                    Debug\List\GettingStarted.map" --config                  #
#                    E:\fm3_ucos_demo_1v1\example\IAR\config\mb9bf506.icf     #
#                    --semihosting --entry __iar_program_start --vfe          #
#                                                                             #
#                                                                             #
###############################################################################

*******************************************************************************
*** RUNTIME MODEL ATTRIBUTES
***

CppFlavor       = *
__SystemLibrary = DLib


*******************************************************************************
*** PLACEMENT SUMMARY
***

"A1":  place at 0x00000000 { ro section .intvec };
"P1":  place in [from 0x00000000 to 0x0007ffff] { ro };
"P2":  place in [from 0x1fff8000 to 0x20007fff] { rw, block CSTACK, block HEAP };

  Section            Kind        Address    Size  Object
  -------            ----        -------    ----  ------
"A1":                                       0xf8
  .intvec            ro code  0x00000000    0xf8  cstartup_M.o [1]
                            - 0x000000f8    0xf8

"P1":                                     0x35dc
  .text              ro code  0x000000f8   0xa28  main.o [1]
  .text              ro code  0x00000b20   0x194  adc.o [1]
  .text              ro code  0x00000cb4   0x11c  system_mb9bf50x.o [1]
  .text              ro code  0x00000dd0   0x870  os_core.o [1]
  .text              ro code  0x00001640   0x480  os_task.o [1]
  .text              ro code  0x00001ac0    0xe8  os_cpu_c.o [1]
  .text              ro code  0x00001ba8   0x4a4  lcd.o [1]
  .text              ro code  0x0000204c   0x25a  key.o [1]
  .text              ro code  0x000022a6    0x2e  copy_init3.o [4]
  .text              ro code  0x000022d4   0x23c  uart.o [1]
  .text              ro code  0x00002510    0x36  strlen.o [4]
  .text              ro code  0x00002546    0x22  zero_init3.o [4]
  .text              ro code  0x00002568    0x70  ABImemcpy.o [4]
  .text              ro code  0x000025d8     0xa  main.o [1]
  .text              ro code  0x000025e2     0xa  xsprout.o [3]
  .text              ro code  0x000025ec   0x118  os_time.o [1]
  .text              ro code  0x00002704    0x34  sprintf.o [3]
  .text              ro code  0x00002738     0x6  ABImemclr4.o [4]
  .rodata            const    0x0000273e     0x2  main.o [1]
  .text              ro code  0x00002740    0x8e  os_flag.o [1]
  .rodata            const    0x000027ce     0x2  os_dbg.o [1]
  .text              ro code  0x000027d0    0x54  os_mem.o [1]
  .text              ro code  0x00002824    0x40  os_q.o [1]
  .text              ro code  0x00002864   0x174  os_dbg.o [1]
  CODE               ro code  0x000029d8    0xa0  os_cpu_a.o [1]
  .text              ro code  0x00002a78   0x2bc  uart_fm3.o [1]
  .text              ro code  0x00002d34   0x11a  xprintftiny.o [3]
  .rodata            const    0x00002e4e     0x2  os_dbg.o [1]
  .text              ro code  0x00002e50    0x38  ABImemset48.o [4]
  .rodata            const    0x00002e88   0x230  lcd.o [1]
  .text              ro code  0x000030b8   0x188  adc12_FM3.o [1]
  .rodata            const    0x00003240   0x100  os_core.o [1]
  .rodata            const    0x00003340    0x54  key.o [1]
  .text              ro code  0x00003394    0x2c  data_init3.o [4]
  .iar.init_table    const    0x000033c0    0x24  - Linker created -
  .text              ro code  0x000033e4    0x16  cmain.o [4]
  .text              ro code  0x000033fa     0x4  low_level_init.o [3]
  .text              ro code  0x000033fe     0x8  exit.o [3]
  .rodata            const    0x00003406     0x2  os_dbg.o [1]
  .text              ro code  0x00003408     0xa  cexit.o [4]
  .rodata            const    0x00003412     0x2  os_dbg.o [1]
  .text              ro code  0x00003414    0x14  exit.o [5]
  .rodata            const    0x00003428    0x14  main.o [1]
  .rodata            const    0x0000343c    0x14  main.o [1]
  .rodata            const    0x00003450    0x14  main.o [1]
  .rodata            const    0x00003464    0x10  main.o [1]
  .rodata            const    0x00003474    0x10  main.o [1]
  .rodata            const    0x00003484    0x10  main.o [1]
  .rodata            const    0x00003494    0x10  main.o [1]
  .rodata            const    0x000034a4    0x10  main.o [1]
  .rodata            const    0x000034b4    0x10  main.o [1]
  .rodata            const    0x000034c4    0x10  main.o [1]
  .rodata            const    0x000034d4    0x10  main.o [1]
  .rodata            const    0x000034e4    0x10  main.o [1]
  .rodata            const    0x000034f4    0x10  os_core.o [1]
  .rodata            const    0x00003504    0x10  os_core.o [1]
  .rodata            const    0x00003514     0xc  main.o [1]
  .rodata            const    0x00003520     0xc  main.o [1]
  .rodata            const    0x0000352c     0xc  main.o [1]
  .text              ro code  0x00003538     0xc  cstartup_M.o [4]
  .rodata            const    0x00003544     0x8  key.o [1]
  .rodata            const    0x0000354c     0x8  lcd.o [1]
  .rodata            const    0x00003554     0x8  main.o [1]
  .rodata            const    0x0000355c     0x8  main.o [1]
  .rodata            const    0x00003564     0x8  main.o [1]
  .rodata            const    0x0000356c     0x8  main.o [1]
  .rodata            const    0x00003574     0x8  main.o [1]
  .rodata            const    0x0000357c     0x4  main.o [1]
  .rodata            const    0x00003580     0x4  main.o [1]
  .rodata            const    0x00003584     0x4  main.o [1]
  .rodata            const    0x00003588     0x4  main.o [1]
  .rodata            const    0x0000358c     0x4  os_dbg.o [1]
  .rodata            const    0x00003590     0x2  os_dbg.o [1]
  .rodata            const    0x00003592     0x2  os_dbg.o [1]
  .rodata            const    0x00003594     0x2  os_dbg.o [1]
  .rodata            const    0x00003596     0x2  os_dbg.o [1]
  .rodata            const    0x00003598     0x2  os_dbg.o [1]
  .rodata            const    0x0000359a     0x2  os_dbg.o [1]
  .rodata            const    0x0000359c     0x2  os_dbg.o [1]
  .rodata            const    0x0000359e     0x2  os_dbg.o [1]
  .rodata            const    0x000035a0     0x2  os_dbg.o [1]
  .rodata            const    0x000035a2     0x2  os_dbg.o [1]
  .rodata            const    0x000035a4     0x2  os_dbg.o [1]
  .rodata            const    0x000035a6     0x2  os_dbg.o [1]
  .rodata            const    0x000035a8     0x2  os_dbg.o [1]
  .rodata            const    0x000035aa     0x2  os_dbg.o [1]
  .rodata            const    0x000035ac     0x2  os_dbg.o [1]
  .rodata            const    0x000035ae     0x2  os_dbg.o [1]
  .rodata            const    0x000035b0     0x2  os_dbg.o [1]
  .rodata            const    0x000035b2     0x2  os_dbg.o [1]
  .rodata            const    0x000035b4     0x2  os_dbg.o [1]
  .rodata            const    0x000035b6     0x2  os_dbg.o [1]
  .rodata            const    0x000035b8     0x2  os_dbg.o [1]
  .rodata            const    0x000035ba     0x2  os_dbg.o [1]
  .rodata            const    0x000035bc     0x2  os_dbg.o [1]
  .rodata            const    0x000035be     0x2  os_dbg.o [1]
  .rodata            const    0x000035c0     0x2  os_dbg.o [1]
  .rodata            const    0x000035c2     0x2  os_dbg.o [1]
  .rodata            const    0x000035c4     0x2  os_dbg.o [1]
  .rodata            const    0x000035c6     0x2  os_dbg.o [1]
  .rodata            const    0x000035c8     0x2  os_dbg.o [1]
  .rodata            const    0x000035ca     0x2  os_dbg.o [1]
  .rodata            const    0x000035cc     0x2  os_dbg.o [1]
  .rodata            const    0x000035ce     0x2  os_dbg.o [1]
  .rodata            const    0x000035d0     0x2  os_dbg.o [1]
  .rodata            const    0x000035d2     0x2  os_dbg.o [1]
  .rodata            const    0x000035d4     0x2  os_dbg.o [1]
  .rodata            const    0x000035d6     0x2  os_dbg.o [1]
  .rodata            const    0x000035d8     0x2  os_dbg.o [1]
  .rodata            const    0x000035da     0x2  os_dbg.o [1]
  .rodata            const    0x000035dc     0x2  os_dbg.o [1]
  .rodata            const    0x000035de     0x2  os_dbg.o [1]
  .rodata            const    0x000035e0     0x2  os_dbg.o [1]
  .text              ro code  0x000035e2     0x2  cstartup_M.o [1]
  .rodata            const    0x000035e4     0x0  bwt_init3c.o [4]
  Initializer bytes  ro data  0x000035e4    0xf0  <for P2 s0>
                            - 0x000036d4  0x35dc

"P2", part 1 of 3:                          0xf0
  P2 s0                       0x1fff8000    0xf0  <Init block>
    .data            inited   0x1fff8000    0x60  main.o [1]
    .data            inited   0x1fff8060    0x54  uart.o [1]
    .data            inited   0x1fff80b4    0x20  uart_fm3.o [1]
    .data            inited   0x1fff80d4     0xc  adc12_FM3.o [1]
    .data            inited   0x1fff80e0     0xc  uart.o [1]
    .data            inited   0x1fff80ec     0x4  system_mb9bf50x.o [1]
                            - 0x1fff80f0    0xf0

"P2", part 2 of 3:                        0x2898
  .bss               zero     0x1fff80f0   0x840  os_core.o [1]
  .bss               zero     0x1fff8930   0x400  lcd.o [1]
  .bss               zero     0x1fff8d30   0x400  main.o [1]
  .bss               zero     0x1fff9130   0x400  uart.o [1]
  .bss               zero     0x1fff9530   0x400  uart.o [1]
  .bss               zero     0x1fff9930   0x3f4  os_core.o [1]
  .bss               zero     0x1fff9d24   0x258  os_core.o [1]
  .bss               zero     0x1fff9f7c   0x200  main.o [1]
  .bss               zero     0x1fffa17c   0x200  main.o [1]
  .bss               zero     0x1fffa37c   0x200  main.o [1]
  .bss               zero     0x1fffa57c   0x100  os_core.o [1]
  .bss               zero     0x1fffa67c    0xb4  os_core.o [1]
  .bss               zero     0x1fffa730    0x8c  os_core.o [1]
  .bss               zero     0x1fffa7bc    0x80  os_core.o [1]
  .bss               zero     0x1fffa83c    0x60  os_core.o [1]
  .bss               zero     0x1fffa89c    0x20  os_core.o [1]
  .bss               zero     0x1fffa8bc     0xc  adc12_FM3.o [1]
  .bss               zero     0x1fffa8c8     0xc  adc12_FM3.o [1]
  .bss               zero     0x1fffa8d4     0xc  adc12_FM3.o [1]
  .bss               zero     0x1fffa8e0     0xc  adc12_FM3.o [1]
  .bss               zero     0x1fffa8ec     0x8  key.o [1]
  .bss               zero     0x1fffa8f4     0x8  key.o [1]
  .bss               zero     0x1fffa8fc     0x4  main.o [1]
  .bss               zero     0x1fffa900     0x4  main.o [1]
  .bss               zero     0x1fffa904     0x4  main.o [1]
  .bss               zero     0x1fffa908     0x4  main.o [1]
  .bss               zero     0x1fffa90c     0x4  main.o [1]
  .bss               zero     0x1fffa910     0x4  main.o [1]
  .bss               zero     0x1fffa914     0x4  main.o [1]
  .bss               zero     0x1fffa918     0x4  main.o [1]
  .bss               zero     0x1fffa91c     0x4  main.o [1]
  .bss               zero     0x1fffa920     0x4  main.o [1]
  .bss               zero     0x1fffa924     0x4  main.o [1]
  .bss               zero     0x1fffa928     0x4  main.o [1]
  .bss               zero     0x1fffa92c     0x4  main.o [1]
  .bss               zero     0x1fffa930     0x4  main.o [1]
  .bss               zero     0x1fffa934     0x4  os_core.o [1]
  .bss               zero     0x1fffa938     0x4  os_core.o [1]
  .bss               zero     0x1fffa93c     0x4  os_core.o [1]
  .bss               zero     0x1fffa940     0x4  os_core.o [1]
  .bss               zero     0x1fffa944     0x4  os_core.o [1]
  .bss               zero     0x1fffa948     0x4  os_core.o [1]
  .bss               zero     0x1fffa94c     0x4  os_core.o [1]
  .bss               zero     0x1fffa950     0x4  os_core.o [1]
  .bss               zero     0x1fffa954     0x4  os_core.o [1]
  .bss               zero     0x1fffa958     0x4  os_core.o [1]
  .bss               zero     0x1fffa95c     0x4  os_core.o [1]
  .bss               zero     0x1fffa960     0x4  os_core.o [1]
  .bss               zero     0x1fffa964     0x4  os_core.o [1]
  .bss               zero     0x1fffa968     0x2  main.o [1]
  .bss               zero     0x1fffa96a     0x2  main.o [1]
  .bss               zero     0x1fffa96c     0x2  main.o [1]
  .bss               zero     0x1fffa96e     0x2  main.o [1]
  .bss               zero     0x1fffa970     0x2  os_core.o [1]
  .bss               zero     0x1fffa972     0x1  key.o [1]
  .bss               zero     0x1fffa973     0x1  main.o [1]
  .bss               zero     0x1fffa974     0x1  main.o [1]
  .bss               zero     0x1fffa975     0x1  main.o [1]
  .bss               zero     0x1fffa976     0x1  main.o [1]
  .bss               zero     0x1fffa977     0x1  main.o [1]
  .bss               zero     0x1fffa978     0x1  main.o [1]
  .bss               zero     0x1fffa979     0x1  main.o [1]
  .bss               zero     0x1fffa97a     0x1  os_core.o [1]
  .bss               zero     0x1fffa97b     0x1  os_core.o [1]
  .bss               zero     0x1fffa97c     0x1  os_core.o [1]
  .bss               zero     0x1fffa97d     0x1  os_core.o [1]
  .bss               zero     0x1fffa97e     0x1  os_core.o [1]
  .bss               zero     0x1fffa97f     0x1  os_core.o [1]
  .bss               zero     0x1fffa980     0x1  os_core.o [1]
  .bss               zero     0x1fffa981     0x1  os_core.o [1]
  .bss               zero     0x1fffa982     0x1  os_core.o [1]
                            - 0x1fffa983  0x2893

"P2", part 3 of 3:                         0x400
  CSTACK                      0x1fffa988   0x400  <Block>
    CSTACK           uninit   0x1fffa988   0x400  <Block tail>
                            - 0x1fffad88   0x400


*******************************************************************************
*** INIT TABLE
***

          Address     Size
          -------     ----
Zero (__iar_zero_init3)
    1 destination range, total size 0x2893:
          0x1fff80f0  0x2893

Copy (__iar_copy_init3)
    1 source range, total size 0xf0:
          0x000035e4    0xf0
    1 destination range, total size 0xf0:
          0x1fff8000    0xf0


*******************************************************************************
*** MODULE SUMMARY
***

    Module             ro code  ro data  rw data
    ------             -------  -------  -------
E:\fm3_ucos_demo_1v1\example\IAR\Flash Debug\Obj: [1]
    adc.o                  404
    adc12_FM3.o            392       12       60
    cstartup_M.o           250
    key.o                  602       92       17
    lcd.o                1 188      568    1 024
    main.o               2 610      394    2 727
    os_core.o            2 160      288    4 619
    os_cpu_a.o             160
    os_cpu_c.o             232
    os_dbg.o               372       94
    os_flag.o              142
    os_mem.o                84
    os_q.o                  64
    os_task.o            1 152
    os_time.o              280
    system_mb9bf50x.o      284        4        4
    uart.o                 572       96    2 144
    uart_fm3.o             700       32       32
    --------------------------------------------
    Total:              11 648    1 580   10 627

command line: [2]
    --------------------------------------------
    Total:

dl7M_tln.a: [3]
    exit.o                   8
    low_level_init.o         4
    sprintf.o               52
    xprintftiny.o          282
    xsprout.o               10
    --------------------------------------------
    Total:                 356

rt7M_tl.a: [4]
    ABImemclr4.o             6
    ABImemcpy.o            112
    ABImemset48.o           56
    bwt_init3c.o
    cexit.o                 10
    cmain.o                 22
    copy_init3.o            46
    cstartup_M.o            12
    data_init3.o            44
    strlen.o                54
    zero_init3.o            34
    --------------------------------------------
    Total:                 396

shb_l.a: [5]
    exit.o                  20
    --------------------------------------------
    Total:                  20

    Linker created                   36    1 024
------------------------------------------------
    Grand Total:        12 420    1 616   11 651


*******************************************************************************
*** ENTRY LIST
***

Entry                      Address   Size  Type      Object
-----                      -------   ----  ----      ------
?main                   0x000033e5         Code  Gb  cmain.o [4]
ADC0_IRQHandler         0x000030b9   0x18  Code  Gb  adc12_FM3.o [1]
ADC12Reg                0x1fff80d4    0xc  Data  Lc  adc12_FM3.o [1]
ADC12_IrqHandler        0x00003101  0x11e  Code  Lc  adc12_FM3.o [1]
ADC1_IRQHandler         0x000030d1   0x18  Code  Gb  adc12_FM3.o [1]
ADC2_IRQHandler         0x000030e9   0x18  Code  Gb  adc12_FM3.o [1]
AD_Data                 0x1fffa968    0x2  Data  Gb  main.o [1]
AD_Data_temp            0x1fffa96a    0x2  Data  Gb  main.o [1]
BIT_MASK                0x0000354c    0x8  Data  Gb  lcd.o [1]
BTIM_IRQHandler         0x000035e3         Code  Wk  cstartup_M.o [1]
BusFault_Handler        0x000035e3         Code  Wk  cstartup_M.o [1]
CAN0_IRQHandler         0x000035e3         Code  Wk  cstartup_M.o [1]
CAN1_IRQHandler         0x000035e3         Code  Wk  cstartup_M.o [1]
CAP_IRQHandler          0x000035e3         Code  Wk  cstartup_M.o [1]
CLK_IRQHandler          0x000035e3         Code  Wk  cstartup_M.o [1]
COM_IRQHandler          0x000035e3         Code  Wk  cstartup_M.o [1]
CSTACK$$Base            0x1fffa988          --   Gb  - Linker created -
CSTACK$$Limit           0x1fffad88          --   Gb  - Linker created -
CmpCallback             0x1fffa8e0    0xc  Data  Lc  adc12_FM3.o [1]
Count                   0x1fffa972    0x1  Data  Gb  key.o [1]
CrtrimSet               0x00000cb5   0x26  Code  Lc  system_mb9bf50x.o [1]
DMA_CH0_IRQHandler      0x000035e3         Code  Wk  cstartup_M.o [1]
DMA_CH1_IRQHandler      0x000035e3         Code  Wk  cstartup_M.o [1]
DMA_CH2_IRQHandler      0x000035e3         Code  Wk  cstartup_M.o [1]
DMA_CH3_IRQHandler      0x000035e3         Code  Wk  cstartup_M.o [1]
DMA_CH4_IRQHandler      0x000035e3         Code  Wk  cstartup_M.o [1]
DMA_CH5_IRQHandler      0x000035e3         Code  Wk  cstartup_M.o [1]
DMA_CH6_IRQHandler      0x000035e3         Code  Wk  cstartup_M.o [1]
DMA_CH7_IRQHandler      0x000035e3         Code  Wk  cstartup_M.o [1]
DT_QDU_IRQHandler       0x0000011d   0x6e  Code  Gb  main.o [1]
DataArrived             0x00002467   0x48  Code  Gb  uart.o [1]
DebugMon_Handler        0x000035e3         Code  Wk  cstartup_M.o [1]
Delay                   0x00001c77   0x14  Code  Gb  lcd.o [1]
DelayResolution100us    0x0000035b   0x22  Code  Gb  main.o [1]
EXTI0_7_IRQHandler      0x000035e3         Code  Wk  cstartup_M.o [1]
EXTI8_15_IRQHandler     0x000035e3         Code  Wk  cstartup_M.o [1]
FCS_IRQHandler          0x000035e3         Code  Wk  cstartup_M.o [1]
FIFOOVECallback         0x1fffa8bc    0xc  Data  Lc  adc12_FM3.o [1]
FONTTYPE8_8             0x00002e88  0x230  Data  Gb  lcd.o [1]
FRTIM_IRQHandler        0x000035e3         Code  Wk  cstartup_M.o [1]
FlagCounter             0x1fffa96c    0x2  Data  Gb  main.o [1]
GetBaseClock            0x0000018b   0xc2  Code  Gb  main.o [1]
Get_OSSTK_Status        0x00000955   0x30  Code  Gb  main.o [1]
HardFault_Handler       0x000035e3         Code  Wk  cstartup_M.o [1]
InitLEDs                0x0000024d   0x52  Code  Gb  main.o [1]
InitUart2               0x0000232f   0x7a  Code  Gb  uart.o [1]
Init_ADC                0x00000b21   0x5a  Code  Gb  adc.o [1]
Init_Joy_IO             0x00000329   0x32  Code  Gb  main.o [1]
Init_LCD_IO             0x0000029f   0x8a  Code  Gb  main.o [1]
Init_PWM                0x00000b7b   0xa6  Code  Gb  adc.o [1]
KeyboardCommandTab      0x00003340   0x54  Data  Lc  key.o [1]
Keyboard_Exec           0x0000206f   0xf4  Code  Gb  key.o [1]
Keyboard_Init           0x0000204d   0x22  Code  Gb  key.o [1]
Keyboard_Key01          0x000021d5   0x20  Code  Gb  key.o [1]
Keyboard_Key02          0x000021f5   0x24  Code  Gb  key.o [1]
Keyboard_Key03          0x00002219   0x24  Code  Gb  key.o [1]
Keyboard_Key04          0x0000223d   0x20  Code  Gb  key.o [1]
Keyboard_Key05          0x00002285    0x2  Code  Gb  key.o [1]
Keyboard_Key06          0x00002287    0x2  Code  Gb  key.o [1]
Keyboard_Key07          0x00002289    0x2  Code  Gb  key.o [1]
Keyboard_Key11          0x0000228b    0x2  Code  Gb  key.o [1]
Keyboard_Key12          0x0000228d    0x2  Code  Gb  key.o [1]
Keyboard_Key13          0x0000228f    0x2  Code  Gb  key.o [1]
Keyboard_Key14          0x00002291    0x2  Code  Gb  key.o [1]
Keyboard_Key15          0x00002293    0x2  Code  Gb  key.o [1]
Keyboard_Key16          0x00002295    0x2  Code  Gb  key.o [1]
Keyboard_Key17          0x00002297    0x2  Code  Gb  key.o [1]
Keyboard_Key21          0x00002299    0x2  Code  Gb  key.o [1]
Keyboard_Key22          0x0000229b    0x2  Code  Gb  key.o [1]
Keyboard_Key23          0x0000229d    0x2  Code  Gb  key.o [1]
Keyboard_Key24          0x0000229f    0x2  Code  Gb  key.o [1]
Keyboard_Key25          0x000022a1    0x2  Code  Gb  key.o [1]
Keyboard_Key26          0x000022a3    0x2  Code  Gb  key.o [1]
Keyboard_Key27          0x000022a5    0x2  Code  Gb  key.o [1]
Keyboard_Scan           0x00002163   0x72  Code  Gb  key.o [1]
LCD_ClearSCR            0x00001cb3   0x3a  Code  Gb  lcd.o [1]
LCD_FillAll             0x00001ced   0x4a  Code  Gb  lcd.o [1]
LCD_Initialize          0x00001ba9   0xce  Code  Gb  lcd.o [1]
LCD_PutChar             0x00001d7f  0x196  Code  Gb  lcd.o [1]
LCD_PutString           0x00001f15   0x26  Code  Gb  lcd.o [1]
LCD_UpdatePoint         0x00001d37   0x48  Code  Gb  lcd.o [1]
LCD_WriteCmd            0x00001f3b   0x7e  Code  Gb  lcd.o [1]
LCD_WriteData           0x00001fb9   0x7e  Code  Gb  lcd.o [1]
LCD_display             0x00000701  0x24c  Code  Gb  main.o [1]
LCD_stk_update          0x000006a5   0x50  Code  Gb  main.o [1]
LVD_IRQHandler          0x000035e3         Code  Wk  cstartup_M.o [1]
LcdFlag                 0x1fffa973    0x1  Data  Gb  main.o [1]
MFSI_RX0_IRQHandler     0x000035e3         Code  Wk  cstartup_M.o [1]
MFSI_RX1_IRQHandler     0x000035e3         Code  Wk  cstartup_M.o [1]
MFSI_RX2_IRQHandler     0x000035e3         Code  Wk  cstartup_M.o [1]
MFSI_RX3_IRQHandler     0x000035e3         Code  Wk  cstartup_M.o [1]
MFSI_RX4_IRQHandler     0x000035e3         Code  Wk  cstartup_M.o [1]
MFSI_RX5_IRQHandler     0x000035e3         Code  Wk  cstartup_M.o [1]
MFSI_RX6_IRQHandler     0x000035e3         Code  Wk  cstartup_M.o [1]
MFSI_RX7_IRQHandler     0x000035e3         Code  Wk  cstartup_M.o [1]
MFSI_TX0_IRQHandler     0x000035e3         Code  Wk  cstartup_M.o [1]
MFSI_TX1_IRQHandler     0x000035e3         Code  Wk  cstartup_M.o [1]
MFSI_TX2_IRQHandler     0x000035e3         Code  Wk  cstartup_M.o [1]
MFSI_TX3_IRQHandler     0x000035e3         Code  Wk  cstartup_M.o [1]
MFSI_TX4_IRQHandler     0x000035e3         Code  Wk  cstartup_M.o [1]
MFSI_TX5_IRQHandler     0x000035e3         Code  Wk  cstartup_M.o [1]
MFSI_TX6_IRQHandler     0x000035e3         Code  Wk  cstartup_M.o [1]
MFSI_TX7_IRQHandler     0x000035e3         Code  Wk  cstartup_M.o [1]
MFS_UARTConfigBaudrate  0x00002a79   0x38  Code  Gb  uart_fm3.o [1]
MFS_UARTConfigDT        0x00002c2f   0x50  Code  Gb  uart_fm3.o [1]
MFS_UARTConfigEvenParity
                        0x00002ba7   0x22  Code  Gb  uart_fm3.o [1]
MFS_UARTConfigInv       0x00002ca1   0x22  Code  Gb  uart_fm3.o [1]
MFS_UARTConfigLSB       0x00002b63   0x22  Code  Gb  uart_fm3.o [1]
MFS_UARTConfigMSB       0x00002b85   0x22  Code  Gb  uart_fm3.o [1]
MFS_UARTConfigNoInv     0x00002c7f   0x22  Code  Gb  uart_fm3.o [1]
MFS_UARTConfigOddParity
                        0x00002bc9   0x22  Code  Gb  uart_fm3.o [1]
MFS_UARTConfigST        0x00002af1   0x72  Code  Gb  uart_fm3.o [1]
MFS_UARTDisableParity   0x00002beb   0x22  Code  Gb  uart_fm3.o [1]
MFS_UARTEnableParity    0x00002c0d   0x22  Code  Gb  uart_fm3.o [1]
MFS_UARTEnableRX        0x00002cf9   0x1a  Code  Gb  uart_fm3.o [1]
MFS_UARTEnableSOE       0x00002ad3   0x1e  Code  Gb  uart_fm3.o [1]
MFS_UARTEnableTX        0x00002cdf   0x1a  Code  Gb  uart_fm3.o [1]
MFS_UARTGetTXRegEmptyStatus
                        0x00002d13   0x16  Code  Gb  uart_fm3.o [1]
MFS_UARTRXOneData       0x00002ccf   0x10  Code  Gb  uart_fm3.o [1]
MFS_UARTSetUARTMode     0x00002ab1   0x22  Code  Gb  uart_fm3.o [1]
MFS_UARTTXOneData       0x00002cc3    0xc  Code  Gb  uart_fm3.o [1]
MemManage_Handler       0x000035e3         Code  Wk  cstartup_M.o [1]
NMI_Handler             0x000035e3         Code  Wk  cstartup_M.o [1]
NVIC_ClearPendingIRQ    0x000022ef   0x1a  Code  Lc  uart.o [1]
NVIC_EnableIRQ          0x000022d5   0x1a  Code  Lc  uart.o [1]
NVIC_IntEnable          0x000000f9   0x24  Code  Gb  main.o [1]
NVIC_SetPriority        0x00002309   0x26  Code  Lc  uart.o [1]
OSCPUUsage              0x1fffa97a    0x1  Data  Gb  os_core.o [1]
OSCtxSw                 0x00002a03         Code  Gb  os_cpu_a.o [1]
OSCtxSwCtr              0x1fffa934    0x4  Data  Gb  os_core.o [1]
OSDataSize              0x000035e0    0x2  Data  Gb  os_dbg.o [1]
OSDebugEn               0x000027ce    0x2  Data  Gb  os_dbg.o [1]
OSDebugInit             0x00002865  0x174  Code  Gb  os_dbg.o [1]
OSEndiannessTest        0x0000358c    0x4  Data  Gb  os_dbg.o [1]
OSEventEn               0x00002e4e    0x2  Data  Gb  os_dbg.o [1]
OSEventFreeList         0x1fffa938    0x4  Data  Gb  os_core.o [1]
OSEventMax              0x00003406    0x2  Data  Gb  os_dbg.o [1]
OSEventMultiEn          0x00003594    0x2  Data  Gb  os_dbg.o [1]
OSEventNameSize         0x00003412    0x2  Data  Gb  os_dbg.o [1]
OSEventSize             0x00003590    0x2  Data  Gb  os_dbg.o [1]
OSEventTbl              0x1fff9d24  0x258  Data  Gb  os_core.o [1]
OSEventTblSize          0x00003592    0x2  Data  Gb  os_dbg.o [1]
OSFlagEn                0x00003596    0x2  Data  Gb  os_dbg.o [1]
OSFlagFreeList          0x1fffa93c    0x4  Data  Gb  os_core.o [1]
OSFlagGrpSize           0x00003598    0x2  Data  Gb  os_dbg.o [1]
OSFlagMax               0x0000359e    0x2  Data  Gb  os_dbg.o [1]
OSFlagNameSize          0x000035a0    0x2  Data  Gb  os_dbg.o [1]
OSFlagNodeSize          0x0000359a    0x2  Data  Gb  os_dbg.o [1]
OSFlagTbl               0x1fffa730   0x8c  Data  Gb  os_core.o [1]
OSFlagWidth             0x0000359c    0x2  Data  Gb  os_dbg.o [1]
OSIdleCtr               0x1fffa948    0x4  Data  Gb  os_core.o [1]
OSIdleCtrMax            0x1fffa940    0x4  Data  Gb  os_core.o [1]
OSIdleCtrRun            0x1fffa944    0x4  Data  Gb  os_core.o [1]
OSInit                  0x00000dd1   0x34  Code  Gb  os_core.o [1]
OSInitHookBegin         0x00001ac1    0x2  Code  Gb  os_cpu_c.o [1]
OSInitHookEnd           0x00001ac3    0x2  Code  Gb  os_cpu_c.o [1]
OSIntCtxSw              0x00002a0b         Code  Gb  os_cpu_a.o [1]
OSIntExit               0x00000e05   0x94  Code  Gb  os_core.o [1]
OSIntNesting            0x1fffa97c    0x1  Data  Gb  os_core.o [1]
OSLockNesting           0x1fffa97d    0x1  Data  Gb  os_core.o [1]
OSLowestPrio            0x000035a2    0x2  Data  Gb  os_dbg.o [1]
OSMboxEn                0x000035a4    0x2  Data  Gb  os_dbg.o [1]
OSMemEn                 0x000035a6    0x2  Data  Gb  os_dbg.o [1]
OSMemFreeList           0x1fffa95c    0x4  Data  Gb  os_core.o [1]
OSMemMax                0x000035a8    0x2  Data  Gb  os_dbg.o [1]
OSMemNameSize           0x000035aa    0x2  Data  Gb  os_dbg.o [1]
OSMemSize               0x000035ac    0x2  Data  Gb  os_dbg.o [1]
OSMemTbl                0x1fffa67c   0xb4  Data  Gb  os_core.o [1]
OSMemTblSize            0x000035ae    0x2  Data  Gb  os_dbg.o [1]
OSMutexEn               0x000035b0    0x2  Data  Gb  os_dbg.o [1]
OSPrioCur               0x1fffa97e    0x1  Data  Gb  os_core.o [1]
OSPrioHighRdy           0x1fffa97f    0x1  Data  Gb  os_core.o [1]
OSPtrSize               0x000035b2    0x2  Data  Gb  os_dbg.o [1]
OSQEn                   0x000035b4    0x2  Data  Gb  os_dbg.o [1]
OSQFreeList             0x1fffa960    0x4  Data  Gb  os_core.o [1]
OSQMax                  0x000035b6    0x2  Data  Gb  os_dbg.o [1]
OSQSize                 0x000035b8    0x2  Data  Gb  os_dbg.o [1]
OSQTbl                  0x1fffa83c   0x60  Data  Gb  os_core.o [1]
OSRdyGrp                0x1fffa970    0x2  Data  Gb  os_core.o [1]
OSRdyTbl                0x1fffa89c   0x20  Data  Gb  os_core.o [1]
OSRdyTblSize            0x000035ba    0x2  Data  Gb  os_dbg.o [1]
OSRunning               0x1fffa980    0x1  Data  Gb  os_core.o [1]
OSSemEn                 0x000035bc    0x2  Data  Gb  os_dbg.o [1]
OSStart                 0x00000e99   0x42  Code  Gb  os_core.o [1]
OSStartHighRdy          0x000029e7         Code  Gb  os_cpu_a.o [1]
OSStatInit              0x00000edb   0x46  Code  Gb  os_core.o [1]
OSStatRdy               0x1fffa97b    0x1  Data  Gb  os_core.o [1]
OSStkWidth              0x000035be    0x2  Data  Gb  os_dbg.o [1]
OSTCBCur                0x1fffa94c    0x4  Data  Gb  os_core.o [1]
OSTCBFreeList           0x1fffa950    0x4  Data  Gb  os_core.o [1]
OSTCBHighRdy            0x1fffa954    0x4  Data  Gb  os_core.o [1]
OSTCBInitHook           0x00001b4f    0x2  Code  Gb  os_cpu_c.o [1]
OSTCBList               0x1fffa958    0x4  Data  Gb  os_core.o [1]
OSTCBPrioTbl            0x1fff9930  0x3f4  Data  Gb  os_core.o [1]
OSTCBPrioTblMax         0x000035d6    0x2  Data  Gb  os_dbg.o [1]
OSTCBSize               0x000035d8    0x2  Data  Gb  os_dbg.o [1]
OSTCBTbl                0x1fff80f0  0x840  Data  Gb  os_core.o [1]
OSTaskCreateEn          0x000035c0    0x2  Data  Gb  os_dbg.o [1]
OSTaskCreateExt         0x00001641   0xd4  Code  Gb  os_task.o [1]
OSTaskCreateExtEn       0x000035c2    0x2  Data  Gb  os_dbg.o [1]
OSTaskCreateHook        0x00001ac5    0x2  Code  Gb  os_cpu_c.o [1]
OSTaskCtr               0x1fffa981    0x1  Data  Gb  os_core.o [1]
OSTaskDel               0x00001715  0x188  Code  Gb  os_task.o [1]
OSTaskDelEn             0x000035c4    0x2  Data  Gb  os_dbg.o [1]
OSTaskDelHook           0x00001ac7    0x2  Code  Gb  os_cpu_c.o [1]
OSTaskIdleHook          0x00001ac9    0x2  Code  Gb  os_cpu_c.o [1]
OSTaskIdleStk           0x1fffa7bc   0x80  Data  Gb  os_core.o [1]
OSTaskIdleStkSize       0x000035c6    0x2  Data  Gb  os_dbg.o [1]
OSTaskMax               0x000035ca    0x2  Data  Gb  os_dbg.o [1]
OSTaskNameSet           0x0000189d   0x94  Code  Gb  os_task.o [1]
OSTaskNameSize          0x000035cc    0x2  Data  Gb  os_dbg.o [1]
OSTaskProfileEn         0x000035c8    0x2  Data  Gb  os_dbg.o [1]
OSTaskStatEn            0x000035ce    0x2  Data  Gb  os_dbg.o [1]
OSTaskStatHook          0x00001acb    0x2  Code  Gb  os_cpu_c.o [1]
OSTaskStatStk           0x1fffa57c  0x100  Data  Gb  os_core.o [1]
OSTaskStatStkChkEn      0x000035d2    0x2  Data  Gb  os_dbg.o [1]
OSTaskStatStkSize       0x000035d0    0x2  Data  Gb  os_dbg.o [1]
OSTaskStkChk            0x00001931   0x96  Code  Gb  os_task.o [1]
OSTaskStkInit           0x00001acd   0x80  Code  Gb  os_cpu_c.o [1]
OSTaskSuspend           0x000019c7   0xb8  Code  Gb  os_task.o [1]
OSTaskSwHook            0x00001b4d    0x2  Code  Gb  os_cpu_c.o [1]
OSTaskSwHookEn          0x000035d4    0x2  Data  Gb  os_dbg.o [1]
OSTickStepState         0x1fffa982    0x1  Data  Gb  os_core.o [1]
OSTicksPerSec           0x000035da    0x2  Data  Gb  os_dbg.o [1]
OSTime                  0x1fffa964    0x4  Data  Gb  os_core.o [1]
OSTimeDly               0x000025ed   0x6a  Code  Gb  os_time.o [1]
OSTimeDlyHMSM           0x00002657   0x80  Code  Gb  os_time.o [1]
OSTimeGet               0x000026d7   0x1a  Code  Gb  os_time.o [1]
OSTimeTick              0x00000f21   0xf6  Code  Gb  os_core.o [1]
OSTimeTickHook          0x00001b51    0x2  Code  Gb  os_cpu_c.o [1]
OSTimeTickHookEn        0x000035dc    0x2  Data  Gb  os_dbg.o [1]
OSUnMapTbl              0x00003240  0x100  Data  Gb  os_core.o [1]
OSVersionNbr            0x000035de    0x2  Data  Gb  os_dbg.o [1]
OS_CPU_PendSVHandler    0x00002a13         Code  Gb  os_cpu_a.o [1]
OS_CPU_SR_Restore       0x000029e1         Code  Gb  os_cpu_a.o [1]
OS_CPU_SR_Save          0x000029d9         Code  Gb  os_cpu_a.o [1]
OS_CPU_SysTickHandler   0x00001b53   0x22  Code  Gb  os_cpu_c.o [1]
OS_CPU_SysTickInit      0x00001b75   0x24  Code  Gb  os_cpu_c.o [1]
OS_Dummy                0x00001017    0x2  Code  Gb  os_core.o [1]
OS_EventTaskRemove      0x00001019   0x34  Code  Gb  os_core.o [1]
OS_EventTaskRemoveMulti
                        0x0000104d   0x4c  Code  Gb  os_core.o [1]
OS_FlagInit             0x00002741   0x4e  Code  Gb  os_flag.o [1]
OS_FlagUnlink           0x0000279d   0x32  Code  Gb  os_flag.o [1]
OS_InitEventList        0x00001099   0x62  Code  Lc  os_core.o [1]
OS_InitMisc             0x000010fb   0x4e  Code  Lc  os_core.o [1]
OS_InitRdyList          0x00001149   0x44  Code  Lc  os_core.o [1]
OS_InitTCBList          0x00001209   0x6e  Code  Lc  os_core.o [1]
OS_InitTaskIdle         0x0000118d   0x3e  Code  Lc  os_core.o [1]
OS_InitTaskStat         0x000011cb   0x3e  Code  Lc  os_core.o [1]
OS_MemClr               0x00001277   0x12  Code  Gb  os_core.o [1]
OS_MemInit              0x000027d1   0x4c  Code  Gb  os_mem.o [1]
OS_QInit                0x00002825   0x32  Code  Gb  os_q.o [1]
OS_Sched                0x00001289   0x5c  Code  Gb  os_core.o [1]
OS_SchedNew             0x000012e5   0x5c  Code  Lc  os_core.o [1]
OS_StrCopy              0x00001345   0x20  Code  Gb  os_core.o [1]
OS_StrLen               0x00001365   0x16  Code  Gb  os_core.o [1]
OS_TCBInit              0x0000145b  0x160  Code  Gb  os_core.o [1]
OS_TaskIdle             0x0000137b   0x22  Code  Gb  os_core.o [1]
OS_TaskStat             0x000013a1   0x76  Code  Gb  os_core.o [1]
OS_TaskStatStkChk       0x00001417   0x44  Code  Gb  os_core.o [1]
OS_TaskStkClr           0x00001aa9   0x18  Code  Gb  os_task.o [1]
PPG_IRQHandler          0x000035e3         Code  Wk  cstartup_M.o [1]
PendSV_Handler          0x000035e3         Code  Wk  cstartup_M.o [1]
Power_Delay             0x00001c9f   0x14  Code  Gb  lcd.o [1]
PressCount              0x1fffa8ec    0x8  Data  Gb  key.o [1]
PressTimes              0x1fffa8f4    0x8  Data  Gb  key.o [1]
PrioCallback            0x1fffa8d4    0xc  Data  Lc  adc12_FM3.o [1]
Region$$Table$$Base     0x000033c0          --   Gb  - Linker created -
Region$$Table$$Limit    0x000033e4          --   Gb  - Linker created -
Reset_Delay             0x00001c8b   0x14  Code  Gb  lcd.o [1]
SB                      0x000035e4         Data  Gb  bwt_init3c.o [4]
SVC_Handler             0x000035e3         Code  Wk  cstartup_M.o [1]
SWDT_IRQHandler         0x000035e3         Code  Wk  cstartup_M.o [1]
ScanCallback            0x1fffa8c8    0xc  Data  Lc  adc12_FM3.o [1]
SysTick_Handler         0x000035e3         Code  Wk  cstartup_M.o [1]
SystemCoreClock         0x1fff80ec    0x4  Data  Gb  system_mb9bf50x.o [1]
SystemInit              0x00000cdb   0xa4  Code  Gb  system_mb9bf50x.o [1]
Task_AD                 0x00000513  0x168  Code  Gb  main.o [1]
Task_AD_STK             0x1fffa17c  0x200  Data  Gb  main.o [1]
Task_KEY_STK            0x1fffa37c  0x200  Data  Gb  main.o [1]
Task_Key                0x0000067b   0x2a  Code  Gb  main.o [1]
Task_Monitor            0x00000985   0x98  Code  Gb  main.o [1]
Task_Monitor_STK        0x1fff8d30  0x400  Data  Gb  main.o [1]
Task_Start              0x000003c3  0x150  Code  Gb  main.o [1]
Task_Start_STK          0x1fff9f7c  0x200  Data  Gb  main.o [1]
Tmr1Tick                0x1fffa930    0x4  Data  Gb  main.o [1]
UART2IrqRXCallback      0x00002453   0x14  Code  Gb  uart.o [1]
UARTConfigMode          0x000023a9   0xaa  Code  Gb  uart.o [1]
UART_WriteBuf           0x000024e5   0x2c  Code  Gb  uart.o [1]
USB_1_IRQHandler        0x000035e3         Code  Wk  cstartup_M.o [1]
USB_2_IRQHandler        0x000035e3         Code  Wk  cstartup_M.o [1]
Update_PWM              0x00000c21   0x1a  Code  Gb  adc.o [1]
UsageFault_Handler      0x000035e3         Code  Wk  cstartup_M.o [1]
VaulePwm                0x1fffa96e    0x2  Data  Gb  main.o [1]
WFG_IRQHandler          0x000035e3         Code  Wk  cstartup_M.o [1]
_PrintfTiny             0x00002d35  0x11a  Code  Gb  xprintftiny.o [3]
_SProut                 0x000025e3    0xa  Code  Gb  xsprout.o [3]
__aeabi_memclr4         0x00002739         Code  Gb  ABImemclr4.o [4]
__aeabi_memcpy          0x00002569         Code  Gb  ABImemcpy.o [4]
__aeabi_memcpy4         0x00002583         Code  Gb  ABImemcpy.o [4]
__aeabi_memcpy8         0x00002583         Code  Gb  ABImemcpy.o [4]
__aeabi_memset4         0x00002e51         Code  Gb  ABImemset48.o [4]
__aeabi_memset8         0x00002e51         Code  Gb  ABImemset48.o [4]
__cmain                 0x000033e5         Code  Gb  cmain.o [4]
__exit                  0x00003415   0x14  Code  Gb  exit.o [5]
__iar_Memset4_word      0x00002e59         Code  Gb  ABImemset48.o [4]
__iar_Memset8_word      0x00002e59         Code  Gb  ABImemset48.o [4]
__iar_copy_init3        0x000022a7   0x2e  Code  Gb  copy_init3.o [4]
__iar_data_init3        0x00003395   0x2c  Code  Gb  data_init3.o [4]
__iar_default_requirements$$_Printf<unknown>sprintf {Abs}
                        0x00000000          --   Gb  sprintf.o [3]
__iar_program_start     0x00003539         Code  Gb  cstartup_M.o [4]
__iar_provide$$_Printf<int_specials>_PrintfTiny {Abs}
                        0x00000000          --   Gb  xprintftiny.o [3]
__iar_zero_init3        0x00002547   0x22  Code  Gb  zero_init3.o [4]
__low_level_init        0x000033fb    0x4  Code  Gb  low_level_init.o [3]
__vector_table          0x00000000         Data  Gb  cstartup_M.o [1]
_call_main              0x000033f1         Code  Gb  cmain.o [4]
_exit                   0x00003409         Code  Gb  cexit.o [4]
_main                   0x000033f7         Code  Gb  cmain.o [4]
abs                     0x000025d9    0xa  Code  Gb  main.o [1]
ad_stk_remain           0x1fffa91c    0x4  Data  Gb  main.o [1]
ad_stk_used             0x1fffa918    0x4  Data  Gb  main.o [1]
ad_update_flag          0x1fffa975    0x1  Data  Gb  main.o [1]
cpu_usage               0x1fffa976    0x1  Data  Gb  main.o [1]
cpu_usage_flag          0x1fffa977    0x1  Data  Gb  main.o [1]
exit                    0x000033ff    0x8  Code  Gb  exit.o [3]
gPortContext            0x1fff8060   0x54  Data  Lc  uart.o [1]
g_sec                   0x1fffa8fc    0x4  Data  Gb  main.o [1]
g_sec_temp              0x1fffa900    0x4  Data  Gb  main.o [1]
gui_disp_buf            0x1fff8930  0x400  Data  Lc  lcd.o [1]
idle_stk_remain         0x1fffa90c    0x4  Data  Gb  main.o [1]
idle_stk_used           0x1fffa908    0x4  Data  Gb  main.o [1]
key_flag                0x1fffa978    0x1  Data  Gb  main.o [1]
key_stk_remain          0x1fffa924    0x4  Data  Gb  main.o [1]
key_stk_used            0x1fffa920    0x4  Data  Gb  main.o [1]
lcd_dsp_buf             0x1fff8000   0x60  Data  Gb  main.o [1]
main                    0x0000037d   0x46  Code  Gb  main.o [1]
mon_stk_remain          0x1fffa92c    0x4  Data  Gb  main.o [1]
mon_stk_used            0x1fffa928    0x4  Data  Gb  main.o [1]
pMFS_UART_REG_07        0x1fff80b4   0x20  Data  Lc  uart_fm3.o [1]
page_id                 0x1fffa974    0x1  Data  Gb  main.o [1]
rcvbuf                  0x1fff9530  0x400  Data  Lc  uart.o [1]
sndbuf                  0x1fff9130  0x400  Data  Lc  uart.o [1]
sprintf                 0x00002705   0x34  Code  Gb  sprintf.o [3]
stat_stk_remain         0x1fffa914    0x4  Data  Gb  main.o [1]
stat_stk_used           0x1fffa910    0x4  Data  Gb  main.o [1]
stk_update_flag         0x1fffa979    0x1  Data  Gb  main.o [1]
strlen                  0x00002511         Code  Gb  strlen.o [4]
tUARTModeConfigT        0x1fff80e0    0xc  Data  Lc  uart.o [1]
time_update_flag        0x1fffa904    0x4  Data  Gb  main.o [1]


[1] = E:\fm3_ucos_demo_1v1\example\IAR\Flash Debug\Obj
[2] = command line
[3] = dl7M_tln.a
[4] = rt7M_tl.a
[5] = shb_l.a

  12 420 bytes of readonly  code memory
   1 616 bytes of readonly  data memory
  11 651 bytes of readwrite data memory

Errors: none
Warnings: none
