Component: ARM Compiler 5.06 update 6 (build 750) Tool: armlink [4d35ed]

==============================================================================

Section Cross References

    startup_mb9bf50x.o(RESET) refers to startup_mb9bf50x.o(STACK) for __initial_sp
    startup_mb9bf50x.o(RESET) refers to startup_mb9bf50x.o(.text) for Reset_Handler
    startup_mb9bf50x.o(RESET) refers to os_cpu_a.o(.text) for OS_CPU_PendSVHandler
    startup_mb9bf50x.o(RESET) refers to os_cpu_c.o(.text) for OS_CPU_SysTickHandler
    startup_mb9bf50x.o(RESET) refers to main.o(.text) for DT_QDU_IRQHandler
    startup_mb9bf50x.o(.text) refers to system_mb9bf50x.o(.text) for SystemInit
    startup_mb9bf50x.o(.text) refers to entry.o(.ARM.Collect$$$$00000000) for __main
    serial.o(.text) refers to os_cpu_a.o(.text) for OS_CPU_SR_Save
    retarget.o(.text) refers to serial.o(.text) for sendchar
    main.o(.text) refers to adc.o(.text) for Update_PWM
    main.o(.text) refers to key.o(.text) for Keyboard_Exec
    main.o(.text) refers to os_time.o(.text) for OSTimeDlyHMSM
    main.o(.text) refers to os_cpu_c.o(.text) for OS_CPU_SysTickInit
    main.o(.text) refers to os_core.o(.text) for OSStatInit
    main.o(.text) refers to lcd.o(.text) for LCD_Initialize
    main.o(.text) refers to strlen.o(.text) for strlen
    main.o(.text) refers to os_task.o(.text) for OSTaskCreate
    main.o(.text) refers to main.o(.data) for Tmr1Tick
    main.o(.text) refers to key.o(.data) for Count
    main.o(.text) refers to main.o(.bss) for Task_LED_STK
    main.o(.text) refers to system_mb9bf50x.o(.text) for SystemInit
    main.o(.text) refers to printf3.o(i.__0sprintf$3) for __2sprintf
    main.o(.text) refers to os_core.o(.data) for OSCPUUsage
    main.o(.data) refers to main.o(.conststring) for .conststring
    system_mb9bf50x.o(.text) refers to system_mb9bf50x.o(.data) for SystemCoreClock
    os_core.o(.text) refers to os_cpu_a.o(.text) for OS_CPU_SR_Save
    os_core.o(.text) refers to os_core.o(.data) for OSIntNesting
    os_core.o(.text) refers to os_core.o(.constdata) for OSUnMapTbl
    os_core.o(.text) refers to os_core.o(.bss) for OSRdyTbl
    os_core.o(.text) refers to os_task.o(.text) for OSTaskStkChk
    os_core.o(.text) refers to os_time.o(.text) for OSTimeDly
    os_core.o(.text) refers to os_cpu_c.o(.text) for OSTaskStatHook
    os_core.o(.text) refers to os_flag.o(.text) for OS_FlagInit
    os_core.o(.text) refers to os_mem.o(.text) for OS_MemInit
    os_core.o(.text) refers to os_q.o(.text) for OS_QInit
    os_core.o(.text) refers to os_dbg.o(.text) for OSDebugInit
    os_dbg.o(.text) refers to os_dbg.o(.constdata) for OSDebugEn
    os_flag.o(.text) refers to os_cpu_a.o(.text) for OS_CPU_SR_Save
    os_flag.o(.text) refers to os_core.o(.text) for OS_Sched
    os_flag.o(.text) refers to os_core.o(.data) for OSIntNesting
    os_flag.o(.text) refers to os_core.o(.bss) for OSRdyTbl
    os_mbox.o(.text) refers to os_cpu_a.o(.text) for OS_CPU_SR_Save
    os_mbox.o(.text) refers to os_core.o(.text) for OS_EventWaitListInit
    os_mbox.o(.text) refers to os_core.o(.data) for OSIntNesting
    os_mem.o(.text) refers to os_cpu_a.o(.text) for OS_CPU_SR_Save
    os_mem.o(.text) refers to os_core.o(.text) for OS_StrCopy
    os_mem.o(.text) refers to os_core.o(.data) for OSMemFreeList
    os_mem.o(.text) refers to os_core.o(.bss) for OSMemTbl
    os_mutex.o(.text) refers to os_cpu_a.o(.text) for OS_CPU_SR_Save
    os_mutex.o(.text) refers to os_core.o(.text) for OS_EventWaitListInit
    os_mutex.o(.text) refers to os_core.o(.data) for OSIntNesting
    os_mutex.o(.text) refers to os_core.o(.bss) for OSTCBPrioTbl
    os_q.o(.text) refers to os_cpu_a.o(.text) for OS_CPU_SR_Save
    os_q.o(.text) refers to os_core.o(.text) for OS_EventWaitListInit
    os_q.o(.text) refers to os_core.o(.data) for OSIntNesting
    os_q.o(.text) refers to os_core.o(.bss) for OSQTbl
    os_sem.o(.text) refers to os_cpu_a.o(.text) for OS_CPU_SR_Save
    os_sem.o(.text) refers to os_core.o(.text) for OS_EventWaitListInit
    os_sem.o(.text) refers to os_core.o(.data) for OSIntNesting
    os_task.o(.text) refers to os_cpu_a.o(.text) for OS_CPU_SR_Save
    os_task.o(.text) refers to os_core.o(.text) for OS_Sched
    os_task.o(.text) refers to os_cpu_c.o(.text) for OSTaskStkInit
    os_task.o(.text) refers to os_flag.o(.text) for OS_FlagUnlink
    os_task.o(.text) refers to os_core.o(.bss) for OSTCBPrioTbl
    os_task.o(.text) refers to os_core.o(.data) for OSTCBCur
    os_time.o(.text) refers to os_cpu_a.o(.text) for OS_CPU_SR_Save
    os_time.o(.text) refers to os_core.o(.text) for OS_Sched
    os_time.o(.text) refers to os_core.o(.data) for OSIntNesting
    os_time.o(.text) refers to os_core.o(.bss) for OSRdyTbl
    os_cpu_c.o(.text) refers to os_cpu_a.o(.text) for OS_CPU_SR_Save
    os_cpu_c.o(.text) refers to os_core.o(.text) for OSTimeTick
    os_cpu_c.o(.text) refers to os_core.o(.data) for OSIntNesting
    os_cpu_a.o(.text) refers to os_core.o(.data) for OSRunning
    os_cpu_a.o(.text) refers to os_cpu_c.o(.text) for OSTaskSwHook
    lcd.o(.text) refers to lcd.o(.bss) for gui_disp_buf
    lcd.o(.text) refers to lcd.o(.constdata) for FONTTYPE8_8
    key.o(.text) refers to lcd.o(.text) for LCD_ClearSCR
    key.o(.text) refers to key.o(.data) for PressCount
    key.o(.text) refers to key.o(.constdata) for KeyboardCommandTab
    key.o(.text) refers to main.o(.data) for key_flag
    key.o(.constdata) refers to key.o(.text) for Keyboard_Key01
    entry.o(.ARM.Collect$$$$00000000) refers (Special) to entry10a.o(.ARM.Collect$$$$0000000D) for __rt_final_cpp
    entry.o(.ARM.Collect$$$$00000000) refers (Special) to entry11a.o(.ARM.Collect$$$$0000000F) for __rt_final_exit
    entry.o(.ARM.Collect$$$$00000000) refers (Special) to entry7b.o(.ARM.Collect$$$$00000008) for _main_clock
    entry.o(.ARM.Collect$$$$00000000) refers (Special) to entry8b.o(.ARM.Collect$$$$0000000A) for _main_cpp_init
    entry.o(.ARM.Collect$$$$00000000) refers (Special) to entry9a.o(.ARM.Collect$$$$0000000B) for _main_init
    entry.o(.ARM.Collect$$$$00000000) refers (Special) to entry5.o(.ARM.Collect$$$$00000004) for _main_scatterload
    entry.o(.ARM.Collect$$$$00000000) refers (Special) to entry2.o(.ARM.Collect$$$$00000001) for _main_stk
    printfb.o(i.__0fprintf$bare) refers to printfb.o(i._printf_core) for _printf_core
    printfb.o(i.__0fprintf$bare) refers to retarget.o(.text) for fputc
    printfb.o(i.__0printf$bare) refers to printfb.o(i._printf_core) for _printf_core
    printfb.o(i.__0printf$bare) refers to retarget.o(.text) for fputc
    printfb.o(i.__0printf$bare) refers to retarget.o(.data) for __stdout
    printfb.o(i.__0snprintf$bare) refers to printfb.o(i._printf_core) for _printf_core
    printfb.o(i.__0snprintf$bare) refers to printfb.o(i._snputc) for _snputc
    printfb.o(i.__0sprintf$bare) refers to printfb.o(i._printf_core) for _printf_core
    printfb.o(i.__0sprintf$bare) refers to printfb.o(i._sputc) for _sputc
    printfb.o(i.__0vfprintf$bare) refers to printfb.o(i._printf_core) for _printf_core
    printfb.o(i.__0vfprintf$bare) refers to retarget.o(.text) for fputc
    printfb.o(i.__0vprintf$bare) refers to printfb.o(i._printf_core) for _printf_core
    printfb.o(i.__0vprintf$bare) refers to retarget.o(.text) for fputc
    printfb.o(i.__0vprintf$bare) refers to retarget.o(.data) for __stdout
    printfb.o(i.__0vsnprintf$bare) refers to printfb.o(i._printf_core) for _printf_core
    printfb.o(i.__0vsnprintf$bare) refers to printfb.o(i._snputc) for _snputc
    printfb.o(i.__0vsprintf$bare) refers to printfb.o(i._printf_core) for _printf_core
    printfb.o(i.__0vsprintf$bare) refers to printfb.o(i._sputc) for _sputc
    printf0.o(i.__0fprintf$0) refers to printf0.o(i._printf_core) for _printf_core
    printf0.o(i.__0fprintf$0) refers to retarget.o(.text) for fputc
    printf0.o(i.__0printf$0) refers to printf0.o(i._printf_core) for _printf_core
    printf0.o(i.__0printf$0) refers to retarget.o(.text) for fputc
    printf0.o(i.__0printf$0) refers to retarget.o(.data) for __stdout
    printf0.o(i.__0snprintf$0) refers to printf0.o(i._printf_core) for _printf_core
    printf0.o(i.__0snprintf$0) refers to printf0.o(i._snputc) for _snputc
    printf0.o(i.__0sprintf$0) refers to printf0.o(i._printf_core) for _printf_core
    printf0.o(i.__0sprintf$0) refers to printf0.o(i._sputc) for _sputc
    printf0.o(i.__0vfprintf$0) refers to printf0.o(i._printf_core) for _printf_core
    printf0.o(i.__0vfprintf$0) refers to retarget.o(.text) for fputc
    printf0.o(i.__0vprintf$0) refers to printf0.o(i._printf_core) for _printf_core
    printf0.o(i.__0vprintf$0) refers to retarget.o(.text) for fputc
    printf0.o(i.__0vprintf$0) refers to retarget.o(.data) for __stdout
    printf0.o(i.__0vsnprintf$0) refers to printf0.o(i._printf_core) for _printf_core
    printf0.o(i.__0vsnprintf$0) refers to printf0.o(i._snputc) for _snputc
    printf0.o(i.__0vsprintf$0) refers to printf0.o(i._printf_core) for _printf_core
    printf0.o(i.__0vsprintf$0) refers to printf0.o(i._sputc) for _sputc
    printf1.o(i.__0fprintf$1) refers to printf1.o(i._printf_core) for _printf_core
    printf1.o(i.__0fprintf$1) refers to retarget.o(.text) for fputc
    printf1.o(i.__0printf$1) refers to printf1.o(i._printf_core) for _printf_core
    printf1.o(i.__0printf$1) refers to retarget.o(.text) for fputc
    printf1.o(i.__0printf$1) refers to retarget.o(.data) for __stdout
    printf1.o(i.__0snprintf$1) refers to printf1.o(i._printf_core) for _printf_core
    printf1.o(i.__0snprintf$1) refers to printf1.o(i._snputc) for _snputc
    printf1.o(i.__0sprintf$1) refers to printf1.o(i._printf_core) for _printf_core
    printf1.o(i.__0sprintf$1) refers to printf1.o(i._sputc) for _sputc
    printf1.o(i.__0vfprintf$1) refers to printf1.o(i._printf_core) for _printf_core
    printf1.o(i.__0vfprintf$1) refers to retarget.o(.text) for fputc
    printf1.o(i.__0vprintf$1) refers to printf1.o(i._printf_core) for _printf_core
    printf1.o(i.__0vprintf$1) refers to retarget.o(.text) for fputc
    printf1.o(i.__0vprintf$1) refers to retarget.o(.data) for __stdout
    printf1.o(i.__0vsnprintf$1) refers to printf1.o(i._printf_core) for _printf_core
    printf1.o(i.__0vsnprintf$1) refers to printf1.o(i._snputc) for _snputc
    printf1.o(i.__0vsprintf$1) refers to printf1.o(i._printf_core) for _printf_core
    printf1.o(i.__0vsprintf$1) refers to printf1.o(i._sputc) for _sputc
    printf1.o(i._printf_core) refers to uidiv.o(.text) for __aeabi_uidivmod
    printf2.o(i.__0fprintf$2) refers to printf2.o(i._printf_core) for _printf_core
    printf2.o(i.__0fprintf$2) refers to retarget.o(.text) for fputc
    printf2.o(i.__0printf$2) refers to printf2.o(i._printf_core) for _printf_core
    printf2.o(i.__0printf$2) refers to retarget.o(.text) for fputc
    printf2.o(i.__0printf$2) refers to retarget.o(.data) for __stdout
    printf2.o(i.__0snprintf$2) refers to printf2.o(i._printf_core) for _printf_core
    printf2.o(i.__0snprintf$2) refers to printf2.o(i._snputc) for _snputc
    printf2.o(i.__0sprintf$2) refers to printf2.o(i._printf_core) for _printf_core
    printf2.o(i.__0sprintf$2) refers to printf2.o(i._sputc) for _sputc
    printf2.o(i.__0vfprintf$2) refers to printf2.o(i._printf_core) for _printf_core
    printf2.o(i.__0vfprintf$2) refers to retarget.o(.text) for fputc
    printf2.o(i.__0vprintf$2) refers to printf2.o(i._printf_core) for _printf_core
    printf2.o(i.__0vprintf$2) refers to retarget.o(.text) for fputc
    printf2.o(i.__0vprintf$2) refers to retarget.o(.data) for __stdout
    printf2.o(i.__0vsnprintf$2) refers to printf2.o(i._printf_core) for _printf_core
    printf2.o(i.__0vsnprintf$2) refers to printf2.o(i._snputc) for _snputc
    printf2.o(i.__0vsprintf$2) refers to printf2.o(i._printf_core) for _printf_core
    printf2.o(i.__0vsprintf$2) refers to printf2.o(i._sputc) for _sputc
    printf3.o(i.__0fprintf$3) refers to printf3.o(i._printf_core) for _printf_core
    printf3.o(i.__0fprintf$3) refers to retarget.o(.text) for fputc
    printf3.o(i.__0printf$3) refers to printf3.o(i._printf_core) for _printf_core
    printf3.o(i.__0printf$3) refers to retarget.o(.text) for fputc
    printf3.o(i.__0printf$3) refers to retarget.o(.data) for __stdout
    printf3.o(i.__0snprintf$3) refers to printf3.o(i._printf_core) for _printf_core
    printf3.o(i.__0snprintf$3) refers to printf3.o(i._snputc) for _snputc
    printf3.o(i.__0sprintf$3) refers to printf3.o(i._printf_core) for _printf_core
    printf3.o(i.__0sprintf$3) refers to printf3.o(i._sputc) for _sputc
    printf3.o(i.__0vfprintf$3) refers to printf3.o(i._printf_core) for _printf_core
    printf3.o(i.__0vfprintf$3) refers to retarget.o(.text) for fputc
    printf3.o(i.__0vprintf$3) refers to printf3.o(i._printf_core) for _printf_core
    printf3.o(i.__0vprintf$3) refers to retarget.o(.text) for fputc
    printf3.o(i.__0vprintf$3) refers to retarget.o(.data) for __stdout
    printf3.o(i.__0vsnprintf$3) refers to printf3.o(i._printf_core) for _printf_core
    printf3.o(i.__0vsnprintf$3) refers to printf3.o(i._snputc) for _snputc
    printf3.o(i.__0vsprintf$3) refers to printf3.o(i._printf_core) for _printf_core
    printf3.o(i.__0vsprintf$3) refers to printf3.o(i._sputc) for _sputc
    printf3.o(i._printf_core) refers to uidiv.o(.text) for __aeabi_uidivmod
    printf4.o(i.__0fprintf$4) refers to printf4.o(i._printf_core) for _printf_core
    printf4.o(i.__0fprintf$4) refers to retarget.o(.text) for fputc
    printf4.o(i.__0printf$4) refers to printf4.o(i._printf_core) for _printf_core
    printf4.o(i.__0printf$4) refers to retarget.o(.text) for fputc
    printf4.o(i.__0printf$4) refers to retarget.o(.data) for __stdout
    printf4.o(i.__0snprintf$4) refers to printf4.o(i._printf_core) for _printf_core
    printf4.o(i.__0snprintf$4) refers to printf4.o(i._snputc) for _snputc
    printf4.o(i.__0sprintf$4) refers to printf4.o(i._printf_core) for _printf_core
    printf4.o(i.__0sprintf$4) refers to printf4.o(i._sputc) for _sputc
    printf4.o(i.__0vfprintf$4) refers to printf4.o(i._printf_core) for _printf_core
    printf4.o(i.__0vfprintf$4) refers to retarget.o(.text) for fputc
    printf4.o(i.__0vprintf$4) refers to printf4.o(i._printf_core) for _printf_core
    printf4.o(i.__0vprintf$4) refers to retarget.o(.text) for fputc
    printf4.o(i.__0vprintf$4) refers to retarget.o(.data) for __stdout
    printf4.o(i.__0vsnprintf$4) refers to printf4.o(i._printf_core) for _printf_core
    printf4.o(i.__0vsnprintf$4) refers to printf4.o(i._snputc) for _snputc
    printf4.o(i.__0vsprintf$4) refers to printf4.o(i._printf_core) for _printf_core
    printf4.o(i.__0vsprintf$4) refers to printf4.o(i._sputc) for _sputc
    printf4.o(i._printf_core) refers to uldiv.o(.text) for __aeabi_uldivmod
    printf5.o(i.__0fprintf$5) refers to printf5.o(i._printf_core) for _printf_core
    printf5.o(i.__0fprintf$5) refers to retarget.o(.text) for fputc
    printf5.o(i.__0printf$5) refers to printf5.o(i._printf_core) for _printf_core
    printf5.o(i.__0printf$5) refers to retarget.o(.text) for fputc
    printf5.o(i.__0printf$5) refers to retarget.o(.data) for __stdout
    printf5.o(i.__0snprintf$5) refers to printf5.o(i._printf_core) for _printf_core
    printf5.o(i.__0snprintf$5) refers to printf5.o(i._snputc) for _snputc
    printf5.o(i.__0sprintf$5) refers to printf5.o(i._printf_core) for _printf_core
    printf5.o(i.__0sprintf$5) refers to printf5.o(i._sputc) for _sputc
    printf5.o(i.__0vfprintf$5) refers to printf5.o(i._printf_core) for _printf_core
    printf5.o(i.__0vfprintf$5) refers to retarget.o(.text) for fputc
    printf5.o(i.__0vprintf$5) refers to printf5.o(i._printf_core) for _printf_core
    printf5.o(i.__0vprintf$5) refers to retarget.o(.text) for fputc
    printf5.o(i.__0vprintf$5) refers to retarget.o(.data) for __stdout
    printf5.o(i.__0vsnprintf$5) refers to printf5.o(i._printf_core) for _printf_core
    printf5.o(i.__0vsnprintf$5) refers to printf5.o(i._snputc) for _snputc
    printf5.o(i.__0vsprintf$5) refers to printf5.o(i._printf_core) for _printf_core
    printf5.o(i.__0vsprintf$5) refers to printf5.o(i._sputc) for _sputc
    printf5.o(i._printf_core) refers to uldiv.o(.text) for __aeabi_uldivmod
    printf6.o(i.__0fprintf$6) refers to printf6.o(i._printf_core) for _printf_core
    printf6.o(i.__0fprintf$6) refers to retarget.o(.text) for fputc
    printf6.o(i.__0printf$6) refers to printf6.o(i._printf_core) for _printf_core
    printf6.o(i.__0printf$6) refers to retarget.o(.text) for fputc
    printf6.o(i.__0printf$6) refers to retarget.o(.data) for __stdout
    printf6.o(i.__0snprintf$6) refers to printf6.o(i._printf_core) for _printf_core
    printf6.o(i.__0snprintf$6) refers to printf6.o(i._snputc) for _snputc
    printf6.o(i.__0sprintf$6) refers to printf6.o(i._printf_core) for _printf_core
    printf6.o(i.__0sprintf$6) refers to printf6.o(i._sputc) for _sputc
    printf6.o(i.__0vfprintf$6) refers to printf6.o(i._printf_core) for _printf_core
    printf6.o(i.__0vfprintf$6) refers to retarget.o(.text) for fputc
    printf6.o(i.__0vprintf$6) refers to printf6.o(i._printf_core) for _printf_core
    printf6.o(i.__0vprintf$6) refers to retarget.o(.text) for fputc
    printf6.o(i.__0vprintf$6) refers to retarget.o(.data) for __stdout
    printf6.o(i.__0vsnprintf$6) refers to printf6.o(i._printf_core) for _printf_core
    printf6.o(i.__0vsnprintf$6) refers to printf6.o(i._snputc) for _snputc
    printf6.o(i.__0vsprintf$6) refers to printf6.o(i._printf_core) for _printf_core
    printf6.o(i.__0vsprintf$6) refers to printf6.o(i._sputc) for _sputc
    printf6.o(i._printf_core) refers to printf6.o(i._printf_pre_padding) for _printf_pre_padding
    printf6.o(i._printf_core) refers to uidiv.o(.text) for __aeabi_uidivmod
    printf6.o(i._printf_core) refers to printf6.o(i._printf_post_padding) for _printf_post_padding
    printf7.o(i.__0fprintf$7) refers to printf7.o(i._printf_core) for _printf_core
    printf7.o(i.__0fprintf$7) refers to retarget.o(.text) for fputc
    printf7.o(i.__0printf$7) refers to printf7.o(i._printf_core) for _printf_core
    printf7.o(i.__0printf$7) refers to retarget.o(.text) for fputc
    printf7.o(i.__0printf$7) refers to retarget.o(.data) for __stdout
    printf7.o(i.__0snprintf$7) refers to printf7.o(i._printf_core) for _printf_core
    printf7.o(i.__0snprintf$7) refers to printf7.o(i._snputc) for _snputc
    printf7.o(i.__0sprintf$7) refers to printf7.o(i._printf_core) for _printf_core
    printf7.o(i.__0sprintf$7) refers to printf7.o(i._sputc) for _sputc
    printf7.o(i.__0vfprintf$7) refers to printf7.o(i._printf_core) for _printf_core
    printf7.o(i.__0vfprintf$7) refers to retarget.o(.text) for fputc
    printf7.o(i.__0vprintf$7) refers to printf7.o(i._printf_core) for _printf_core
    printf7.o(i.__0vprintf$7) refers to retarget.o(.text) for fputc
    printf7.o(i.__0vprintf$7) refers to retarget.o(.data) for __stdout
    printf7.o(i.__0vsnprintf$7) refers to printf7.o(i._printf_core) for _printf_core
    printf7.o(i.__0vsnprintf$7) refers to printf7.o(i._snputc) for _snputc
    printf7.o(i.__0vsprintf$7) refers to printf7.o(i._printf_core) for _printf_core
    printf7.o(i.__0vsprintf$7) refers to printf7.o(i._sputc) for _sputc
    printf7.o(i._printf_core) refers to printf7.o(i._printf_pre_padding) for _printf_pre_padding
    printf7.o(i._printf_core) refers to uldiv.o(.text) for __aeabi_uldivmod
    printf7.o(i._printf_core) refers to printf7.o(i._printf_post_padding) for _printf_post_padding
    printf8.o(i.__0fprintf$8) refers to printf8.o(i._printf_core) for _printf_core
    printf8.o(i.__0fprintf$8) refers to retarget.o(.text) for fputc
    printf8.o(i.__0printf$8) refers to printf8.o(i._printf_core) for _printf_core
    printf8.o(i.__0printf$8) refers to retarget.o(.text) for fputc
    printf8.o(i.__0printf$8) refers to retarget.o(.data) for __stdout
    printf8.o(i.__0snprintf$8) refers to printf8.o(i._printf_core) for _printf_core
    printf8.o(i.__0snprintf$8) refers to printf8.o(i._snputc) for _snputc
    printf8.o(i.__0sprintf$8) refers to printf8.o(i._printf_core) for _printf_core
    printf8.o(i.__0sprintf$8) refers to printf8.o(i._sputc) for _sputc
    printf8.o(i.__0vfprintf$8) refers to printf8.o(i._printf_core) for _printf_core
    printf8.o(i.__0vfprintf$8) refers to retarget.o(.text) for fputc
    printf8.o(i.__0vprintf$8) refers to printf8.o(i._printf_core) for _printf_core
    printf8.o(i.__0vprintf$8) refers to retarget.o(.text) for fputc
    printf8.o(i.__0vprintf$8) refers to retarget.o(.data) for __stdout
    printf8.o(i.__0vsnprintf$8) refers to printf8.o(i._printf_core) for _printf_core
    printf8.o(i.__0vsnprintf$8) refers to printf8.o(i._snputc) for _snputc
    printf8.o(i.__0vsprintf$8) refers to printf8.o(i._printf_core) for _printf_core
    printf8.o(i.__0vsprintf$8) refers to printf8.o(i._sputc) for _sputc
    printf8.o(i._printf_core) refers to printf8.o(i._printf_pre_padding) for _printf_pre_padding
    printf8.o(i._printf_core) refers to uldiv.o(.text) for __aeabi_uldivmod
    printf8.o(i._printf_core) refers to printf8.o(i._printf_post_padding) for _printf_post_padding
    printfa.o(i.__0fprintf) refers (Special) to iusefp.o(.text) for __I$use$fp
    printfa.o(i.__0fprintf) refers to printfa.o(i._printf_core) for _printf_core
    printfa.o(i.__0fprintf) refers to retarget.o(.text) for fputc
    printfa.o(i.__0printf) refers (Special) to iusefp.o(.text) for __I$use$fp
    printfa.o(i.__0printf) refers to printfa.o(i._printf_core) for _printf_core
    printfa.o(i.__0printf) refers to retarget.o(.text) for fputc
    printfa.o(i.__0printf) refers to retarget.o(.data) for __stdout
    printfa.o(i.__0snprintf) refers (Special) to iusefp.o(.text) for __I$use$fp
    printfa.o(i.__0snprintf) refers to printfa.o(i._printf_core) for _printf_core
    printfa.o(i.__0snprintf) refers to printfa.o(i._snputc) for _snputc
    printfa.o(i.__0sprintf) refers (Special) to iusefp.o(.text) for __I$use$fp
    printfa.o(i.__0sprintf) refers to printfa.o(i._printf_core) for _printf_core
    printfa.o(i.__0sprintf) refers to printfa.o(i._sputc) for _sputc
    printfa.o(i.__0vfprintf) refers (Special) to iusefp.o(.text) for __I$use$fp
    printfa.o(i.__0vfprintf) refers to printfa.o(i._printf_core) for _printf_core
    printfa.o(i.__0vfprintf) refers to retarget.o(.text) for fputc
    printfa.o(i.__0vprintf) refers (Special) to iusefp.o(.text) for __I$use$fp
    printfa.o(i.__0vprintf) refers to printfa.o(i._printf_core) for _printf_core
    printfa.o(i.__0vprintf) refers to retarget.o(.text) for fputc
    printfa.o(i.__0vprintf) refers to retarget.o(.data) for __stdout
    printfa.o(i.__0vsnprintf) refers (Special) to iusefp.o(.text) for __I$use$fp
    printfa.o(i.__0vsnprintf) refers to printfa.o(i._printf_core) for _printf_core
    printfa.o(i.__0vsnprintf) refers to printfa.o(i._snputc) for _snputc
    printfa.o(i.__0vsprintf) refers (Special) to iusefp.o(.text) for __I$use$fp
    printfa.o(i.__0vsprintf) refers to printfa.o(i._printf_core) for _printf_core
    printfa.o(i.__0vsprintf) refers to printfa.o(i._sputc) for _sputc
    printfa.o(i._fp_digits) refers (Special) to iusefp.o(.text) for __I$use$fp
    printfa.o(i._fp_digits) refers to dmul.o(.text) for __aeabi_dmul
    printfa.o(i._fp_digits) refers to ddiv.o(.text) for __aeabi_ddiv
    printfa.o(i._fp_digits) refers to cdrcmple.o(.text) for __aeabi_cdrcmple
    printfa.o(i._fp_digits) refers to dadd.o(.text) for __aeabi_dadd
    printfa.o(i._fp_digits) refers to dfixul.o(.text) for __aeabi_d2ulz
    printfa.o(i._fp_digits) refers to uldiv.o(.text) for __aeabi_uldivmod
    printfa.o(i._printf_core) refers (Special) to iusefp.o(.text) for __I$use$fp
    printfa.o(i._printf_core) refers to printfa.o(i._printf_pre_padding) for _printf_pre_padding
    printfa.o(i._printf_core) refers to uldiv.o(.text) for __aeabi_uldivmod
    printfa.o(i._printf_core) refers to printfa.o(i._printf_post_padding) for _printf_post_padding
    printfa.o(i._printf_core) refers to printfa.o(i._fp_digits) for _fp_digits
    printfa.o(i._printf_core) refers to uidiv.o(.text) for __aeabi_uidivmod
    printfa.o(i._printf_post_padding) refers (Special) to iusefp.o(.text) for __I$use$fp
    printfa.o(i._printf_pre_padding) refers (Special) to iusefp.o(.text) for __I$use$fp
    printfa.o(i._snputc) refers (Special) to iusefp.o(.text) for __I$use$fp
    printfa.o(i._sputc) refers (Special) to iusefp.o(.text) for __I$use$fp
    entry2.o(.ARM.Collect$$$$00000001) refers to entry2.o(.ARM.Collect$$$$00002712) for __lit__00000000
    entry2.o(.ARM.Collect$$$$00002712) refers to startup_mb9bf50x.o(STACK) for __initial_sp
    entry2.o(__vectab_stack_and_reset_area) refers to startup_mb9bf50x.o(STACK) for __initial_sp
    entry2.o(__vectab_stack_and_reset_area) refers to entry.o(.ARM.Collect$$$$00000000) for __main
    entry5.o(.ARM.Collect$$$$00000004) refers to init.o(.text) for __scatterload
    entry9a.o(.ARM.Collect$$$$0000000B) refers to main.o(.text) for main
    entry9b.o(.ARM.Collect$$$$0000000C) refers to main.o(.text) for main
    uldiv.o(.text) refers to llushr.o(.text) for __aeabi_llsr
    uldiv.o(.text) refers to llshl.o(.text) for __aeabi_llsl
    dadd.o(.text) refers to llshl.o(.text) for __aeabi_llsl
    dadd.o(.text) refers to llsshr.o(.text) for __aeabi_lasr
    dadd.o(.text) refers to depilogue.o(.text) for _double_epilogue
    dmul.o(.text) refers to depilogue.o(.text) for _double_epilogue
    ddiv.o(.text) refers to depilogue.o(.text) for _double_round
    dfixul.o(.text) refers to llushr.o(.text) for __aeabi_llsr
    dfixul.o(.text) refers to llshl.o(.text) for __aeabi_llsl
    init.o(.text) refers to entry5.o(.ARM.Collect$$$$00000004) for __main_after_scatterload
    depilogue.o(.text) refers to llshl.o(.text) for __aeabi_llsl
    depilogue.o(.text) refers to llushr.o(.text) for __aeabi_llsr


==============================================================================

Removing Unused input sections from the image.

    Removing startup_mb9bf50x.o(HEAP), (512 bytes).
    Removing serial.o(.emb_text), (8 bytes).
    Removing serial.o(.text), (92 bytes).
    Removing retarget.o(.text), (48 bytes).
    Removing retarget.o(.data), (8 bytes).
    Removing main.o(.emb_text), (8 bytes).
    Removing system_mb9bf50x.o(.emb_text), (8 bytes).
    Removing os_mbox.o(.text), (1024 bytes).
    Removing os_mutex.o(.text), (1588 bytes).
    Removing os_sem.o(.text), (972 bytes).
    Removing lcd.o(.emb_text), (8 bytes).
    Removing adc.o(.emb_text), (8 bytes).
    Removing key.o(.emb_text), (8 bytes).
    Removing key.o(.bss), (32 bytes).
    Removing dadd.o(.text), (334 bytes).
    Removing dmul.o(.text), (228 bytes).
    Removing ddiv.o(.text), (222 bytes).
    Removing dfixul.o(.text), (48 bytes).
    Removing cdrcmple.o(.text), (48 bytes).
    Removing depilogue.o(.text), (186 bytes).

20 unused section(s) (total 5390 bytes) removed from the image.

==============================================================================

Image Symbol Table

    Local Symbols

    Symbol Name                              Value     Ov Type        Size  Object(Section)

    RESET                                    0x00000000   Section      256  startup_mb9bf50x.o(RESET)
    ../clib/microlib/division.c              0x00000000   Number         0  uidiv.o ABSOLUTE
    ../clib/microlib/division.c              0x00000000   Number         0  uldiv.o ABSOLUTE
    ../clib/microlib/init/entry.s            0x00000000   Number         0  entry9b.o ABSOLUTE
    ../clib/microlib/init/entry.s            0x00000000   Number         0  entry10a.o ABSOLUTE
    ../clib/microlib/init/entry.s            0x00000000   Number         0  entry10b.o ABSOLUTE
    ../clib/microlib/init/entry.s            0x00000000   Number         0  entry7b.o ABSOLUTE
    ../clib/microlib/init/entry.s            0x00000000   Number         0  entry8b.o ABSOLUTE
    ../clib/microlib/init/entry.s            0x00000000   Number         0  entry.o ABSOLUTE
    ../clib/microlib/init/entry.s            0x00000000   Number         0  entry5.o ABSOLUTE
    ../clib/microlib/init/entry.s            0x00000000   Number         0  entry2.o ABSOLUTE
    ../clib/microlib/init/entry.s            0x00000000   Number         0  entry8a.o ABSOLUTE
    ../clib/microlib/init/entry.s            0x00000000   Number         0  entry11b.o ABSOLUTE
    ../clib/microlib/init/entry.s            0x00000000   Number         0  entry9a.o ABSOLUTE
    ../clib/microlib/init/entry.s            0x00000000   Number         0  entry11a.o ABSOLUTE
    ../clib/microlib/init/entry.s            0x00000000   Number         0  entry7a.o ABSOLUTE
    ../clib/microlib/longlong.c              0x00000000   Number         0  llushr.o ABSOLUTE
    ../clib/microlib/longlong.c              0x00000000   Number         0  llshl.o ABSOLUTE
    ../clib/microlib/longlong.c              0x00000000   Number         0  llsshr.o ABSOLUTE
    ../clib/microlib/printf/printf.c         0x00000000   Number         0  printf0.o ABSOLUTE
    ../clib/microlib/printf/printf.c         0x00000000   Number         0  printf1.o ABSOLUTE
    ../clib/microlib/printf/printf.c         0x00000000   Number         0  printf2.o ABSOLUTE
    ../clib/microlib/printf/printf.c         0x00000000   Number         0  printfb.o ABSOLUTE
    ../clib/microlib/printf/printf.c         0x00000000   Number         0  printf7.o ABSOLUTE
    ../clib/microlib/printf/printf.c         0x00000000   Number         0  printf3.o ABSOLUTE
    ../clib/microlib/printf/printf.c         0x00000000   Number         0  printfa.o ABSOLUTE
    ../clib/microlib/printf/printf.c         0x00000000   Number         0  printf8.o ABSOLUTE
    ../clib/microlib/printf/printf.c         0x00000000   Number         0  printf4.o ABSOLUTE
    ../clib/microlib/printf/printf.c         0x00000000   Number         0  printf5.o ABSOLUTE
    ../clib/microlib/printf/printf.c         0x00000000   Number         0  printf6.o ABSOLUTE
    ../clib/microlib/printf/stubs.s          0x00000000   Number         0  stubs.o ABSOLUTE
    ../clib/microlib/string/strlen.c         0x00000000   Number         0  strlen.o ABSOLUTE
    ../clib/microlib/stubs.s                 0x00000000   Number         0  iusefp.o ABSOLUTE
    ../clib/microlib/stubs.s                 0x00000000   Number         0  useno.o ABSOLUTE
    ../fplib/microlib/fpadd.c                0x00000000   Number         0  dadd.o ABSOLUTE
    ../fplib/microlib/fpdiv.c                0x00000000   Number         0  ddiv.o ABSOLUTE
    ../fplib/microlib/fpepilogue.c           0x00000000   Number         0  depilogue.o ABSOLUTE
    ../fplib/microlib/fpfix.c                0x00000000   Number         0  dfixul.o ABSOLUTE
    ../fplib/microlib/fpmul.c                0x00000000   Number         0  dmul.o ABSOLUTE
    ..\..\common\system_mb9bf50x.c           0x00000000   Number         0  system_mb9bf50x.o ABSOLUTE
    ..\..\uCOS_II_V286\CPU\ARM\os_cpu_a.s    0x00000000   Number         0  os_cpu_a.o ABSOLUTE
    ..\..\uCOS_II_V286\CPU\ARM\os_cpu_c.c    0x00000000   Number         0  os_cpu_c.o ABSOLUTE
    ..\..\uCOS_II_V286\Source\os_core.c      0x00000000   Number         0  os_core.o ABSOLUTE
    ..\..\uCOS_II_V286\Source\os_dbg.c       0x00000000   Number         0  os_dbg.o ABSOLUTE
    ..\..\uCOS_II_V286\Source\os_flag.c      0x00000000   Number         0  os_flag.o ABSOLUTE
    ..\..\uCOS_II_V286\Source\os_mbox.c      0x00000000   Number         0  os_mbox.o ABSOLUTE
    ..\..\uCOS_II_V286\Source\os_mem.c       0x00000000   Number         0  os_mem.o ABSOLUTE
    ..\..\uCOS_II_V286\Source\os_mutex.c     0x00000000   Number         0  os_mutex.o ABSOLUTE
    ..\..\uCOS_II_V286\Source\os_q.c         0x00000000   Number         0  os_q.o ABSOLUTE
    ..\..\uCOS_II_V286\Source\os_sem.c       0x00000000   Number         0  os_sem.o ABSOLUTE
    ..\..\uCOS_II_V286\Source\os_task.c      0x00000000   Number         0  os_task.o ABSOLUTE
    ..\..\uCOS_II_V286\Source\os_time.c      0x00000000   Number         0  os_time.o ABSOLUTE
    ..\..\uCOS_II_V286\Source\os_tmr.c       0x00000000   Number         0  os_tmr.o ABSOLUTE
    ..\\..\\common\\system_mb9bf50x.c        0x00000000   Number         0  system_mb9bf50x.o ABSOLUTE
    ..\\source\\main\\main.c                 0x00000000   Number         0  main.o ABSOLUTE
    ..\\source\\modules\\adc.c               0x00000000   Number         0  adc.o ABSOLUTE
    ..\\source\\modules\\key.c               0x00000000   Number         0  key.o ABSOLUTE
    ..\\source\\modules\\lcd.c               0x00000000   Number         0  lcd.o ABSOLUTE
    ..\source\main\main.c                    0x00000000   Number         0  main.o ABSOLUTE
    ..\source\modules\adc.c                  0x00000000   Number         0  adc.o ABSOLUTE
    ..\source\modules\key.c                  0x00000000   Number         0  key.o ABSOLUTE
    ..\source\modules\lcd.c                  0x00000000   Number         0  lcd.o ABSOLUTE
    Retarget.c                               0x00000000   Number         0  retarget.o ABSOLUTE
    Serial.c                                 0x00000000   Number         0  serial.o ABSOLUTE
    Serial.c                                 0x00000000   Number         0  serial.o ABSOLUTE
    cdrcmple.s                               0x00000000   Number         0  cdrcmple.o ABSOLUTE
    dc.s                                     0x00000000   Number         0  dc.o ABSOLUTE
    handlers.s                               0x00000000   Number         0  handlers.o ABSOLUTE
    init.s                                   0x00000000   Number         0  init.o ABSOLUTE
    startup_MB9BF50x.s                       0x00000000   Number         0  startup_mb9bf50x.o ABSOLUTE
    .ARM.Collect$$$$00000000                 0x00000100   Section        0  entry.o(.ARM.Collect$$$$00000000)
    .ARM.Collect$$$$00000001                 0x00000100   Section        4  entry2.o(.ARM.Collect$$$$00000001)
    .ARM.Collect$$$$00000004                 0x00000104   Section        4  entry5.o(.ARM.Collect$$$$00000004)
    .ARM.Collect$$$$00000008                 0x00000108   Section        0  entry7b.o(.ARM.Collect$$$$00000008)
    .ARM.Collect$$$$0000000A                 0x00000108   Section        0  entry8b.o(.ARM.Collect$$$$0000000A)
    .ARM.Collect$$$$0000000B                 0x00000108   Section        8  entry9a.o(.ARM.Collect$$$$0000000B)
    .ARM.Collect$$$$0000000D                 0x00000110   Section        0  entry10a.o(.ARM.Collect$$$$0000000D)
    .ARM.Collect$$$$0000000F                 0x00000110   Section        0  entry11a.o(.ARM.Collect$$$$0000000F)
    .ARM.Collect$$$$00002712                 0x00000110   Section        4  entry2.o(.ARM.Collect$$$$00002712)
    __lit__00000000                          0x00000110   Data           4  entry2.o(.ARM.Collect$$$$00002712)
    .text                                    0x00000114   Section       36  startup_mb9bf50x.o(.text)
    .text                                    0x00000138   Section        0  main.o(.text)
    .text                                    0x00000aec   Section        0  system_mb9bf50x.o(.text)
    CrtrimSet                                0x00000b9f   Thumb Code    34  system_mb9bf50x.o(.text)
    .text                                    0x00000c8c   Section        0  os_core.o(.text)
    OS_SchedNew                              0x00000dd5   Thumb Code    80  os_core.o(.text)
    OS_InitTaskStat                          0x0000127d   Thumb Code    54  os_core.o(.text)
    OS_InitTaskIdle                          0x000012d3   Thumb Code    54  os_core.o(.text)
    OS_InitEventList                         0x0000131b   Thumb Code    78  os_core.o(.text)
    OS_InitTCBList                           0x00001369   Thumb Code    88  os_core.o(.text)
    OS_InitRdyList                           0x000013c1   Thumb Code    46  os_core.o(.text)
    OS_InitMisc                              0x000013ef   Thumb Code    44  os_core.o(.text)
    .text                                    0x00001a1c   Section        0  os_dbg.o(.text)
    .text                                    0x00001b34   Section        0  os_flag.o(.text)
    OS_FlagTaskRdy                           0x00001cb1   Thumb Code    86  os_flag.o(.text)
    OS_FlagBlock                             0x00001e9f   Thumb Code   156  os_flag.o(.text)
    .text                                    0x00002374   Section        0  os_mem.o(.text)
    .text                                    0x00002570   Section        0  os_q.o(.text)
    .text                                    0x00002b78   Section        0  os_task.o(.text)
    .text                                    0x00003370   Section        0  os_time.o(.text)
    .text                                    0x00003534   Section        0  os_cpu_c.o(.text)
    .text                                    0x0000362c   Section      164  os_cpu_a.o(.text)
    .text                                    0x000036d0   Section        0  lcd.o(.text)
    .text                                    0x00003b6c   Section        0  adc.o(.text)
    .text                                    0x00003cb4   Section        0  key.o(.text)
    .text                                    0x00003f0c   Section        0  strlen.o(.text)
    .text                                    0x00003f1a   Section        0  uidiv.o(.text)
    .text                                    0x00003f48   Section       36  init.o(.text)
    i.__0sprintf$3                           0x00003f6c   Section        0  printf3.o(i.__0sprintf$3)
    i.__scatterload_copy                     0x00003f94   Section       14  handlers.o(i.__scatterload_copy)
    i.__scatterload_null                     0x00003fa2   Section        2  handlers.o(i.__scatterload_null)
    i.__scatterload_zeroinit                 0x00003fa4   Section       14  handlers.o(i.__scatterload_zeroinit)
    i._printf_core                           0x00003fb4   Section        0  printf3.o(i._printf_core)
    _printf_core                             0x00003fb5   Thumb Code   436  printf3.o(i._printf_core)
    i._sputc                                 0x0000416c   Section        0  printf3.o(i._sputc)
    _sputc                                   0x0000416d   Thumb Code    10  printf3.o(i._sputc)
    .constdata                               0x00004176   Section      256  os_core.o(.constdata)
    .constdata                               0x00004278   Section      114  os_dbg.o(.constdata)
    .constdata                               0x000042ea   Section      568  lcd.o(.constdata)
    .constdata                               0x00004524   Section       84  key.o(.constdata)
    KeyboardCommandTab                       0x00004524   Data          84  key.o(.constdata)
    .conststring                             0x00004578   Section      250  main.o(.conststring)
    .data                                    0x20000000   Section      184  main.o(.data)
    .data                                    0x200000b8   Section        4  system_mb9bf50x.o(.data)
    .data                                    0x200000bc   Section       72  os_core.o(.data)
    .data                                    0x20000104   Section       15  key.o(.data)
    .bss                                     0x20000114   Section     3088  main.o(.bss)
    .bss                                     0x20000d24   Section     4556  os_core.o(.bss)
    .bss                                     0x20001ef0   Section     1024  lcd.o(.bss)
    gui_disp_buf                             0x20001ef0   Data        1024  lcd.o(.bss)
    STACK                                    0x200022f0   Section     1024  startup_mb9bf50x.o(STACK)

    Global Symbols

    Symbol Name                              Value     Ov Type        Size  Object(Section)

    BuildAttributes$$THM_ISAv4$P$D$K$B$S$PE$A:L22UL41UL21$X:L11$S22US41US21$IEEE1$IW$USESV6$~STKCKD$USESV7$~SHL$OSPACE$ROPI$EBA8$MICROLIB$REQ8$PRES8$EABIv2 0x00000000   Number         0  anon$$obj.o ABSOLUTE
    __ARM_use_no_argv                        0x00000000   Number         0  main.o ABSOLUTE
    __Vectors                                0x00000000   Data           4  startup_mb9bf50x.o(RESET)
    __use_no_errno                           0x00000000   Number         0  useno.o ABSOLUTE
    __use_no_exception_handling              0x00000000   Number         0  useno.o ABSOLUTE
    __use_no_fp                              0x00000000   Number         0  useno.o ABSOLUTE
    __use_no_heap                            0x00000000   Number         0  useno.o ABSOLUTE
    __use_no_heap_region                     0x00000000   Number         0  useno.o ABSOLUTE
    __use_no_semihosting                     0x00000000   Number         0  useno.o ABSOLUTE
    __use_no_semihosting_swi                 0x00000000   Number         0  useno.o ABSOLUTE
    __use_no_signal_handling                 0x00000000   Number         0  useno.o ABSOLUTE
    _printf_a                                0x00000000   Number         0  stubs.o ABSOLUTE
    _printf_c                                0x00000000   Number         0  stubs.o ABSOLUTE
    _printf_charcount                        0x00000000   Number         0  stubs.o ABSOLUTE
    _printf_d                                0x00000000   Number         0  stubs.o ABSOLUTE
    _printf_e                                0x00000000   Number         0  stubs.o ABSOLUTE
    _printf_f                                0x00000000   Number         0  stubs.o ABSOLUTE
    _printf_flags                            0x00000000   Number         0  stubs.o ABSOLUTE
    _printf_fp_dec                           0x00000000   Number         0  stubs.o ABSOLUTE
    _printf_fp_hex                           0x00000000   Number         0  stubs.o ABSOLUTE
    _printf_g                                0x00000000   Number         0  stubs.o ABSOLUTE
    _printf_i                                0x00000000   Number         0  stubs.o ABSOLUTE
    _printf_int_dec                          0x00000000   Number         0  stubs.o ABSOLUTE
    _printf_l                                0x00000000   Number         0  stubs.o ABSOLUTE
    _printf_lc                               0x00000000   Number         0  stubs.o ABSOLUTE
    _printf_ll                               0x00000000   Number         0  stubs.o ABSOLUTE
    _printf_lld                              0x00000000   Number         0  stubs.o ABSOLUTE
    _printf_lli                              0x00000000   Number         0  stubs.o ABSOLUTE
    _printf_llo                              0x00000000   Number         0  stubs.o ABSOLUTE
    _printf_llu                              0x00000000   Number         0  stubs.o ABSOLUTE
    _printf_llx                              0x00000000   Number         0  stubs.o ABSOLUTE
    _printf_longlong_dec                     0x00000000   Number         0  stubs.o ABSOLUTE
    _printf_longlong_hex                     0x00000000   Number         0  stubs.o ABSOLUTE
    _printf_longlong_oct                     0x00000000   Number         0  stubs.o ABSOLUTE
    _printf_ls                               0x00000000   Number         0  stubs.o ABSOLUTE
    _printf_mbtowc                           0x00000000   Number         0  stubs.o ABSOLUTE
    _printf_n                                0x00000000   Number         0  stubs.o ABSOLUTE
    _printf_o                                0x00000000   Number         0  stubs.o ABSOLUTE
    _printf_p                                0x00000000   Number         0  stubs.o ABSOLUTE
    _printf_percent                          0x00000000   Number         0  stubs.o ABSOLUTE
    _printf_pre_padding                      0x00000000   Number         0  stubs.o ABSOLUTE
    _printf_return_value                     0x00000000   Number         0  stubs.o ABSOLUTE
    _printf_s                                0x00000000   Number         0  stubs.o ABSOLUTE
    _printf_sizespec                         0x00000000   Number         0  stubs.o ABSOLUTE
    _printf_str                              0x00000000   Number         0  stubs.o ABSOLUTE
    _printf_truncate_signed                  0x00000000   Number         0  stubs.o ABSOLUTE
    _printf_truncate_unsigned                0x00000000   Number         0  stubs.o ABSOLUTE
    _printf_u                                0x00000000   Number         0  stubs.o ABSOLUTE
    _printf_wc                               0x00000000   Number         0  stubs.o ABSOLUTE
    _printf_wctomb                           0x00000000   Number         0  stubs.o ABSOLUTE
    _printf_widthprec                        0x00000000   Number         0  stubs.o ABSOLUTE
    _printf_x                                0x00000000   Number         0  stubs.o ABSOLUTE
    __cpp_initialize__aeabi_                  - Undefined Weak Reference
    __cxa_finalize                            - Undefined Weak Reference
    __decompress                              - Undefined Weak Reference
    _clock_init                               - Undefined Weak Reference
    _microlib_exit                            - Undefined Weak Reference
    __main                                   0x00000101   Thumb Code     0  entry.o(.ARM.Collect$$$$00000000)
    _main_stk                                0x00000101   Thumb Code     0  entry2.o(.ARM.Collect$$$$00000001)
    _main_scatterload                        0x00000105   Thumb Code     0  entry5.o(.ARM.Collect$$$$00000004)
    __main_after_scatterload                 0x00000109   Thumb Code     0  entry5.o(.ARM.Collect$$$$00000004)
    _main_clock                              0x00000109   Thumb Code     0  entry7b.o(.ARM.Collect$$$$00000008)
    _main_cpp_init                           0x00000109   Thumb Code     0  entry8b.o(.ARM.Collect$$$$0000000A)
    _main_init                               0x00000109   Thumb Code     0  entry9a.o(.ARM.Collect$$$$0000000B)
    __rt_final_cpp                           0x00000111   Thumb Code     0  entry10a.o(.ARM.Collect$$$$0000000D)
    __rt_final_exit                          0x00000111   Thumb Code     0  entry11a.o(.ARM.Collect$$$$0000000F)
    Reset_Handler                            0x00000115   Thumb Code     8  startup_mb9bf50x.o(.text)
    NMI_Handler                              0x0000011d   Thumb Code     2  startup_mb9bf50x.o(.text)
    HardFault_Handler                        0x0000011f   Thumb Code     2  startup_mb9bf50x.o(.text)
    MemManage_Handler                        0x00000121   Thumb Code     2  startup_mb9bf50x.o(.text)
    BusFault_Handler                         0x00000123   Thumb Code     2  startup_mb9bf50x.o(.text)
    UsageFault_Handler                       0x00000125   Thumb Code     2  startup_mb9bf50x.o(.text)
    SVC_Handler                              0x00000127   Thumb Code     2  startup_mb9bf50x.o(.text)
    DebugMon_Handler                         0x00000129   Thumb Code     2  startup_mb9bf50x.o(.text)
    PendSV_Handler                           0x0000012b   Thumb Code     2  startup_mb9bf50x.o(.text)
    SysTick_Handler                          0x0000012d   Thumb Code     2  startup_mb9bf50x.o(.text)
    ADC0_IRQHandler                          0x0000012f   Thumb Code     0  startup_mb9bf50x.o(.text)
    ADC1_IRQHandler                          0x0000012f   Thumb Code     0  startup_mb9bf50x.o(.text)
    ADC2_IRQHandler                          0x0000012f   Thumb Code     0  startup_mb9bf50x.o(.text)
    BTIM_IRQHandler                          0x0000012f   Thumb Code     0  startup_mb9bf50x.o(.text)
    CAN0_IRQHandler                          0x0000012f   Thumb Code     0  startup_mb9bf50x.o(.text)
    CAN1_IRQHandler                          0x0000012f   Thumb Code     0  startup_mb9bf50x.o(.text)
    DMA0_IRQHandler                          0x0000012f   Thumb Code     0  startup_mb9bf50x.o(.text)
    DMA1_IRQHandler                          0x0000012f   Thumb Code     0  startup_mb9bf50x.o(.text)
    DMA2_IRQHandler                          0x0000012f   Thumb Code     0  startup_mb9bf50x.o(.text)
    DMA3_IRQHandler                          0x0000012f   Thumb Code     0  startup_mb9bf50x.o(.text)
    DMA4_IRQHandler                          0x0000012f   Thumb Code     0  startup_mb9bf50x.o(.text)
    DMA5_IRQHandler                          0x0000012f   Thumb Code     0  startup_mb9bf50x.o(.text)
    DMA6_IRQHandler                          0x0000012f   Thumb Code     0  startup_mb9bf50x.o(.text)
    DMA7_IRQHandler                          0x0000012f   Thumb Code     0  startup_mb9bf50x.o(.text)
    EXTI15_8_IRQHandler                      0x0000012f   Thumb Code     0  startup_mb9bf50x.o(.text)
    EXTI7_0_IRQHandler                       0x0000012f   Thumb Code     0  startup_mb9bf50x.o(.text)
    FCS_IRQHandler                           0x0000012f   Thumb Code     0  startup_mb9bf50x.o(.text)
    FMS2_R_IRQHandler                        0x0000012f   Thumb Code     0  startup_mb9bf50x.o(.text)
    LVD_IRQHandler                           0x0000012f   Thumb Code     0  startup_mb9bf50x.o(.text)
    MFS0_R_IRQHandler                        0x0000012f   Thumb Code     0  startup_mb9bf50x.o(.text)
    MFS0_TS_IRQHandler                       0x0000012f   Thumb Code     0  startup_mb9bf50x.o(.text)
    MFS1_R_IRQHandler                        0x0000012f   Thumb Code     0  startup_mb9bf50x.o(.text)
    MFS1_TS_IRQHandler                       0x0000012f   Thumb Code     0  startup_mb9bf50x.o(.text)
    MFS2_TS_IRQHandler                       0x0000012f   Thumb Code     0  startup_mb9bf50x.o(.text)
    MFS3_R_IRQHandler                        0x0000012f   Thumb Code     0  startup_mb9bf50x.o(.text)
    MFS3_TS_IRQHandler                       0x0000012f   Thumb Code     0  startup_mb9bf50x.o(.text)
    MFS4_R_IRQHandler                        0x0000012f   Thumb Code     0  startup_mb9bf50x.o(.text)
    MFS4_TS_IRQHandler                       0x0000012f   Thumb Code     0  startup_mb9bf50x.o(.text)
    MFS5_R_IRQHandler                        0x0000012f   Thumb Code     0  startup_mb9bf50x.o(.text)
    MFS5_TS_IRQHandler                       0x0000012f   Thumb Code     0  startup_mb9bf50x.o(.text)
    MFS6_R_IRQHandler                        0x0000012f   Thumb Code     0  startup_mb9bf50x.o(.text)
    MFS6_TS_IRQHandler                       0x0000012f   Thumb Code     0  startup_mb9bf50x.o(.text)
    MFS7_R_IRQHandler                        0x0000012f   Thumb Code     0  startup_mb9bf50x.o(.text)
    MFS7_TS_IRQHandler                       0x0000012f   Thumb Code     0  startup_mb9bf50x.o(.text)
    MFT_FRT_IRQHandler                       0x0000012f   Thumb Code     0  startup_mb9bf50x.o(.text)
    MFT_IC_IRQHandler                        0x0000012f   Thumb Code     0  startup_mb9bf50x.o(.text)
    MFT_OC_IRQHandler                        0x0000012f   Thumb Code     0  startup_mb9bf50x.o(.text)
    MFT_WFG_IRQHandler                       0x0000012f   Thumb Code     0  startup_mb9bf50x.o(.text)
    OSC_PLL_WCNT_IRQHandler                  0x0000012f   Thumb Code     0  startup_mb9bf50x.o(.text)
    PPG_IRQHandler                           0x0000012f   Thumb Code     0  startup_mb9bf50x.o(.text)
    SWWDT_IRQHandler                         0x0000012f   Thumb Code     0  startup_mb9bf50x.o(.text)
    TIM_QPRC_IRQHandler                      0x0000012f   Thumb Code     0  startup_mb9bf50x.o(.text)
    USB_EP0_STA_IRQHandler                   0x0000012f   Thumb Code     0  startup_mb9bf50x.o(.text)
    USB_EP1_EP5_IRQHandler                   0x0000012f   Thumb Code     0  startup_mb9bf50x.o(.text)
    NVIC_IntEnable                           0x00000139   Thumb Code    40  main.o(.text)
    NVIC_IntDisable                          0x00000161   Thumb Code    42  main.o(.text)
    NVIC_ClrPend                             0x0000018b   Thumb Code    40  main.o(.text)
    NVIC_IntPri                              0x000001b3   Thumb Code    10  main.o(.text)
    DT_QDU_IRQHandler                        0x000001bd   Thumb Code    88  main.o(.text)
    GetBaseClock                             0x00000215   Thumb Code   134  main.o(.text)
    InitLEDs                                 0x0000029b   Thumb Code    70  main.o(.text)
    Init_LCD_IO                              0x000002e1   Thumb Code   104  main.o(.text)
    Init_Joy_IO                              0x00000349   Thumb Code    42  main.o(.text)
    DelayResolution100us                     0x00000373   Thumb Code    32  main.o(.text)
    Task_Key                                 0x00000393   Thumb Code    36  main.o(.text)
    LedTask                                  0x000003b7   Thumb Code   218  main.o(.text)
    Task_Start                               0x00000491   Thumb Code   288  main.o(.text)
    main                                     0x000005b1   Thumb Code    62  main.o(.text)
    Task_AD                                  0x000005ef   Thumb Code   268  main.o(.text)
    LCD_stk_update                           0x000006fb   Thumb Code    76  main.o(.text)
    LCD_display                              0x00000747   Thumb Code   534  main.o(.text)
    Get_OSSTK_Status                         0x0000095d   Thumb Code   190  main.o(.text)
    Task_Monitor                             0x00000a1b   Thumb Code   140  main.o(.text)
    SystemCoreClockUpdate                    0x00000aed   Thumb Code   178  system_mb9bf50x.o(.text)
    SystemInit                               0x00000bc1   Thumb Code   166  system_mb9bf50x.o(.text)
    OS_StrCopy                               0x00000c8d   Thumb Code    28  os_core.o(.text)
    OSEventNameGet                           0x00000ca9   Thumb Code   100  os_core.o(.text)
    OS_StrLen                                0x00000d0d   Thumb Code    20  os_core.o(.text)
    OSEventNameSet                           0x00000d21   Thumb Code   120  os_core.o(.text)
    OS_EventTaskRemoveMulti                  0x00000d99   Thumb Code    60  os_core.o(.text)
    OS_Sched                                 0x00000e25   Thumb Code    86  os_core.o(.text)
    OS_EventTaskWaitMulti                    0x00000e7b   Thumb Code   138  os_core.o(.text)
    OSEventPendMulti                         0x00000f05   Thumb Code   720  os_core.o(.text)
    OS_TaskStatStkChk                        0x000011d5   Thumb Code    54  os_core.o(.text)
    OS_TaskStat                              0x0000120b   Thumb Code   114  os_core.o(.text)
    OS_TaskIdle                              0x000012b3   Thumb Code    32  os_core.o(.text)
    OS_MemClr                                0x00001309   Thumb Code    18  os_core.o(.text)
    OSInit                                   0x0000141b   Thumb Code    52  os_core.o(.text)
    OSIntEnter                               0x0000144f   Thumb Code    28  os_core.o(.text)
    OSIntExit                                0x0000146b   Thumb Code   248  os_core.o(.text)
    OSSchedLock                              0x00001563   Thumb Code    50  os_core.o(.text)
    OSSchedUnlock                            0x00001595   Thumb Code    84  os_core.o(.text)
    OSStart                                  0x000015e9   Thumb Code    48  os_core.o(.text)
    OSStatInit                               0x00001619   Thumb Code    62  os_core.o(.text)
    OSTimeTick                               0x00001657   Thumb Code   214  os_core.o(.text)
    OSVersion                                0x0000172d   Thumb Code     6  os_core.o(.text)
    OS_Dummy                                 0x00001733   Thumb Code     2  os_core.o(.text)
    OS_EventTaskRemove                       0x00001735   Thumb Code    44  os_core.o(.text)
    OS_EventTaskRdy                          0x00001761   Thumb Code   178  os_core.o(.text)
    OS_EventTaskWait                         0x00001813   Thumb Code   114  os_core.o(.text)
    OS_EventWaitListInit                     0x00001885   Thumb Code    28  os_core.o(.text)
    OS_MemCopy                               0x000018a1   Thumb Code    20  os_core.o(.text)
    OS_TCBInit                               0x000018b5   Thumb Code   344  os_core.o(.text)
    OSDebugInit                              0x00001a1d   Thumb Code    96  os_dbg.o(.text)
    OSFlagAccept                             0x00001b35   Thumb Code   252  os_flag.o(.text)
    OSFlagCreate                             0x00001c31   Thumb Code    92  os_flag.o(.text)
    OS_FlagUnlink                            0x00001c8d   Thumb Code    36  os_flag.o(.text)
    OSFlagDel                                0x00001d07   Thumb Code   224  os_flag.o(.text)
    OSFlagNameGet                            0x00001de7   Thumb Code    82  os_flag.o(.text)
    OSFlagNameSet                            0x00001e39   Thumb Code   102  os_flag.o(.text)
    OSFlagPend                               0x00001f3b   Thumb Code   616  os_flag.o(.text)
    OSFlagPendGetFlagsRdy                    0x000021a3   Thumb Code    26  os_flag.o(.text)
    OSFlagPost                               0x000021bd   Thumb Code   312  os_flag.o(.text)
    OSFlagQuery                              0x000022f5   Thumb Code    48  os_flag.o(.text)
    OS_FlagInit                              0x00002325   Thumb Code    68  os_flag.o(.text)
    OSMemCreate                              0x00002375   Thumb Code   114  os_mem.o(.text)
    OSMemGet                                 0x000023e7   Thumb Code    62  os_mem.o(.text)
    OSMemNameGet                             0x00002425   Thumb Code    62  os_mem.o(.text)
    OSMemNameSet                             0x00002463   Thumb Code    84  os_mem.o(.text)
    OSMemPut                                 0x000024b7   Thumb Code    54  os_mem.o(.text)
    OSMemQuery                               0x000024ed   Thumb Code    52  os_mem.o(.text)
    OS_MemInit                               0x00002521   Thumb Code    68  os_mem.o(.text)
    OSQAccept                                0x00002571   Thumb Code    90  os_q.o(.text)
    OSQCreate                                0x000025cb   Thumb Code   154  os_q.o(.text)
    OSQDel                                   0x00002665   Thumb Code   262  os_q.o(.text)
    OSQFlush                                 0x0000276b   Thumb Code    36  os_q.o(.text)
    OSQPend                                  0x0000278f   Thumb Code   284  os_q.o(.text)
    OSQPendAbort                             0x000028ab   Thumb Code   128  os_q.o(.text)
    OSQPost                                  0x0000292b   Thumb Code   114  os_q.o(.text)
    OSQPostFront                             0x0000299d   Thumb Code   138  os_q.o(.text)
    OSQPostOpt                               0x00002a27   Thumb Code   182  os_q.o(.text)
    OSQQuery                                 0x00002add   Thumb Code   100  os_q.o(.text)
    OS_QInit                                 0x00002b41   Thumb Code    46  os_q.o(.text)
    OSTaskChangePrio                         0x00002b79   Thumb Code   426  os_task.o(.text)
    OSTaskCreate                             0x00002d23   Thumb Code   150  os_task.o(.text)
    OS_TaskStkClr                            0x00002db9   Thumb Code    26  os_task.o(.text)
    OSTaskCreateExt                          0x00002dd3   Thumb Code   172  os_task.o(.text)
    OSTaskDel                                0x00002e7f   Thumb Code   360  os_task.o(.text)
    OSTaskDelReq                             0x00002fe7   Thumb Code   100  os_task.o(.text)
    OSTaskNameGet                            0x0000304b   Thumb Code   116  os_task.o(.text)
    OSTaskNameSet                            0x000030bf   Thumb Code   132  os_task.o(.text)
    OSTaskResume                             0x00003143   Thumb Code   160  os_task.o(.text)
    OSTaskStkChk                             0x000031e3   Thumb Code   132  os_task.o(.text)
    OSTaskSuspend                            0x00003267   Thumb Code   154  os_task.o(.text)
    OSTaskQuery                              0x00003301   Thumb Code    82  os_task.o(.text)
    OSTimeDly                                0x00003371   Thumb Code    98  os_time.o(.text)
    OSTimeDlyHMSM                            0x000033d3   Thumb Code   108  os_time.o(.text)
    OSTimeDlyResume                          0x0000343f   Thumb Code   172  os_time.o(.text)
    OSTimeGet                                0x000034eb   Thumb Code    24  os_time.o(.text)
    OSTimeSet                                0x00003503   Thumb Code    24  os_time.o(.text)
    OSInitHookBegin                          0x00003535   Thumb Code     2  os_cpu_c.o(.text)
    OSInitHookEnd                            0x00003537   Thumb Code     2  os_cpu_c.o(.text)
    OSTaskCreateHook                         0x00003539   Thumb Code     2  os_cpu_c.o(.text)
    OSTaskDelHook                            0x0000353b   Thumb Code     2  os_cpu_c.o(.text)
    OSTaskIdleHook                           0x0000353d   Thumb Code     2  os_cpu_c.o(.text)
    OSTaskStatHook                           0x0000353f   Thumb Code     2  os_cpu_c.o(.text)
    OSTaskStkInit                            0x00003541   Thumb Code   154  os_cpu_c.o(.text)
    OSTaskSwHook                             0x000035db   Thumb Code     2  os_cpu_c.o(.text)
    OSTCBInitHook                            0x000035dd   Thumb Code     2  os_cpu_c.o(.text)
    OSTimeTickHook                           0x000035df   Thumb Code     2  os_cpu_c.o(.text)
    OS_CPU_SysTickHandler                    0x000035e1   Thumb Code    34  os_cpu_c.o(.text)
    OS_CPU_SysTickInit                       0x00003603   Thumb Code    32  os_cpu_c.o(.text)
    OS_CPU_SR_Save                           0x0000362d   Thumb Code     0  os_cpu_a.o(.text)
    OS_CPU_SR_Restore                        0x00003635   Thumb Code     0  os_cpu_a.o(.text)
    OSStartHighRdy                           0x0000363b   Thumb Code     0  os_cpu_a.o(.text)
    OSCtxSw                                  0x0000365b   Thumb Code     0  os_cpu_a.o(.text)
    OSIntCtxSw                               0x00003665   Thumb Code     0  os_cpu_a.o(.text)
    OS_CPU_PendSVHandler                     0x0000366f   Thumb Code     0  os_cpu_a.o(.text)
    Delay                                    0x000036d1   Thumb Code    18  lcd.o(.text)
    LCD_WriteData                            0x000036e3   Thumb Code   118  lcd.o(.text)
    LCD_WriteCmd                             0x00003759   Thumb Code   118  lcd.o(.text)
    LCD_FillAll                              0x000037cf   Thumb Code    68  lcd.o(.text)
    LCD_ClearSCR                             0x00003813   Thumb Code    44  lcd.o(.text)
    Power_Delay                              0x0000383f   Thumb Code    16  lcd.o(.text)
    Reset_Delay                              0x0000384f   Thumb Code    18  lcd.o(.text)
    LCD_Initialize                           0x00003861   Thumb Code   206  lcd.o(.text)
    LCD_Power_On                             0x0000392f   Thumb Code    44  lcd.o(.text)
    LCD_Power_Off                            0x0000395b   Thumb Code    24  lcd.o(.text)
    LCD_Sleep_Enter                          0x00003973   Thumb Code    34  lcd.o(.text)
    LCD_Sleep_Exit                           0x00003995   Thumb Code    44  lcd.o(.text)
    LCD_DisplayOn                            0x000039c1   Thumb Code    10  lcd.o(.text)
    LCD_DisplayOff                           0x000039cb   Thumb Code    10  lcd.o(.text)
    LCD_UpdatePoint                          0x000039d5   Thumb Code    58  lcd.o(.text)
    LCD_PutChar                              0x00003a0f   Thumb Code   304  lcd.o(.text)
    LCD_PutString                            0x00003b3f   Thumb Code    40  lcd.o(.text)
    Init_ADC                                 0x00003b6d   Thumb Code   104  adc.o(.text)
    Init_PWM                                 0x00003bd5   Thumb Code   176  adc.o(.text)
    Update_PWM                               0x00003c85   Thumb Code    22  adc.o(.text)
    Keyboard_Init                            0x00003cb5   Thumb Code    30  key.o(.text)
    Keyboard_Scan                            0x00003cd3   Thumb Code   124  key.o(.text)
    Keyboard_Exec                            0x00003d4f   Thumb Code   220  key.o(.text)
    Keyboard_Key01                           0x00003e2b   Thumb Code    30  key.o(.text)
    Keyboard_Key02                           0x00003e49   Thumb Code    34  key.o(.text)
    Keyboard_Key03                           0x00003e6b   Thumb Code    34  key.o(.text)
    Keyboard_Key04                           0x00003e8d   Thumb Code    40  key.o(.text)
    Keyboard_Key05                           0x00003eb5   Thumb Code     2  key.o(.text)
    Keyboard_Key06                           0x00003eb7   Thumb Code     2  key.o(.text)
    Keyboard_Key07                           0x00003eb9   Thumb Code     2  key.o(.text)
    Keyboard_Key11                           0x00003ebb   Thumb Code     2  key.o(.text)
    Keyboard_Key12                           0x00003ebd   Thumb Code     2  key.o(.text)
    Keyboard_Key13                           0x00003ebf   Thumb Code     2  key.o(.text)
    Keyboard_Key14                           0x00003ec1   Thumb Code     2  key.o(.text)
    Keyboard_Key15                           0x00003ec3   Thumb Code     2  key.o(.text)
    Keyboard_Key16                           0x00003ec5   Thumb Code     2  key.o(.text)
    Keyboard_Key17                           0x00003ec7   Thumb Code     2  key.o(.text)
    Keyboard_Key21                           0x00003ec9   Thumb Code     2  key.o(.text)
    Keyboard_Key22                           0x00003ecb   Thumb Code     2  key.o(.text)
    Keyboard_Key23                           0x00003ecd   Thumb Code     2  key.o(.text)
    Keyboard_Key24                           0x00003ecf   Thumb Code     2  key.o(.text)
    Keyboard_Key25                           0x00003ed1   Thumb Code     2  key.o(.text)
    Keyboard_Key26                           0x00003ed3   Thumb Code     2  key.o(.text)
    Keyboard_Key27                           0x00003ed5   Thumb Code     2  key.o(.text)
    strlen                                   0x00003f0d   Thumb Code    14  strlen.o(.text)
    __aeabi_uidiv                            0x00003f1b   Thumb Code     0  uidiv.o(.text)
    __aeabi_uidivmod                         0x00003f1b   Thumb Code    44  uidiv.o(.text)
    __scatterload                            0x00003f49   Thumb Code    28  init.o(.text)
    __scatterload_rt2                        0x00003f49   Thumb Code     0  init.o(.text)
    __0sprintf$3                             0x00003f6d   Thumb Code    34  printf3.o(i.__0sprintf$3)
    __1sprintf$3                             0x00003f6d   Thumb Code     0  printf3.o(i.__0sprintf$3)
    __2sprintf                               0x00003f6d   Thumb Code     0  printf3.o(i.__0sprintf$3)
    __scatterload_copy                       0x00003f95   Thumb Code    14  handlers.o(i.__scatterload_copy)
    __scatterload_null                       0x00003fa3   Thumb Code     2  handlers.o(i.__scatterload_null)
    __scatterload_zeroinit                   0x00003fa5   Thumb Code    14  handlers.o(i.__scatterload_zeroinit)
    OSUnMapTbl                               0x00004176   Data         256  os_core.o(.constdata)
    OSDebugEn                                0x00004278   Data           2  os_dbg.o(.constdata)
    OSEndiannessTest                         0x0000427c   Data           4  os_dbg.o(.constdata)
    OSEventEn                                0x00004280   Data           2  os_dbg.o(.constdata)
    OSEventMax                               0x00004282   Data           2  os_dbg.o(.constdata)
    OSEventNameSize                          0x00004284   Data           2  os_dbg.o(.constdata)
    OSEventSize                              0x00004286   Data           2  os_dbg.o(.constdata)
    OSEventTblSize                           0x00004288   Data           2  os_dbg.o(.constdata)
    OSEventMultiEn                           0x0000428a   Data           2  os_dbg.o(.constdata)
    OSFlagEn                                 0x0000428c   Data           2  os_dbg.o(.constdata)
    OSFlagGrpSize                            0x0000428e   Data           2  os_dbg.o(.constdata)
    OSFlagNodeSize                           0x00004290   Data           2  os_dbg.o(.constdata)
    OSFlagWidth                              0x00004292   Data           2  os_dbg.o(.constdata)
    OSFlagMax                                0x00004294   Data           2  os_dbg.o(.constdata)
    OSFlagNameSize                           0x00004296   Data           2  os_dbg.o(.constdata)
    OSLowestPrio                             0x00004298   Data           2  os_dbg.o(.constdata)
    OSMboxEn                                 0x0000429a   Data           2  os_dbg.o(.constdata)
    OSMemEn                                  0x0000429c   Data           2  os_dbg.o(.constdata)
    OSMemMax                                 0x0000429e   Data           2  os_dbg.o(.constdata)
    OSMemNameSize                            0x000042a0   Data           2  os_dbg.o(.constdata)
    OSMemSize                                0x000042a2   Data           2  os_dbg.o(.constdata)
    OSMemTblSize                             0x000042a4   Data           2  os_dbg.o(.constdata)
    OSMutexEn                                0x000042a6   Data           2  os_dbg.o(.constdata)
    OSPtrSize                                0x000042a8   Data           2  os_dbg.o(.constdata)
    OSQEn                                    0x000042aa   Data           2  os_dbg.o(.constdata)
    OSQMax                                   0x000042ac   Data           2  os_dbg.o(.constdata)
    OSQSize                                  0x000042ae   Data           2  os_dbg.o(.constdata)
    OSRdyTblSize                             0x000042b0   Data           2  os_dbg.o(.constdata)
    OSSemEn                                  0x000042b2   Data           2  os_dbg.o(.constdata)
    OSStkWidth                               0x000042b4   Data           2  os_dbg.o(.constdata)
    OSTaskCreateEn                           0x000042b6   Data           2  os_dbg.o(.constdata)
    OSTaskCreateExtEn                        0x000042b8   Data           2  os_dbg.o(.constdata)
    OSTaskDelEn                              0x000042ba   Data           2  os_dbg.o(.constdata)
    OSTaskIdleStkSize                        0x000042bc   Data           2  os_dbg.o(.constdata)
    OSTaskProfileEn                          0x000042be   Data           2  os_dbg.o(.constdata)
    OSTaskMax                                0x000042c0   Data           2  os_dbg.o(.constdata)
    OSTaskNameSize                           0x000042c2   Data           2  os_dbg.o(.constdata)
    OSTaskStatEn                             0x000042c4   Data           2  os_dbg.o(.constdata)
    OSTaskStatStkSize                        0x000042c6   Data           2  os_dbg.o(.constdata)
    OSTaskStatStkChkEn                       0x000042c8   Data           2  os_dbg.o(.constdata)
    OSTaskSwHookEn                           0x000042ca   Data           2  os_dbg.o(.constdata)
    OSTCBPrioTblMax                          0x000042cc   Data           2  os_dbg.o(.constdata)
    OSTCBSize                                0x000042ce   Data           2  os_dbg.o(.constdata)
    OSTicksPerSec                            0x000042d0   Data           2  os_dbg.o(.constdata)
    OSTimeTickHookEn                         0x000042d2   Data           2  os_dbg.o(.constdata)
    OSVersionNbr                             0x000042d4   Data           2  os_dbg.o(.constdata)
    OSTmrEn                                  0x000042d6   Data           2  os_dbg.o(.constdata)
    OSTmrCfgMax                              0x000042d8   Data           2  os_dbg.o(.constdata)
    OSTmrCfgNameSize                         0x000042da   Data           2  os_dbg.o(.constdata)
    OSTmrCfgWheelSize                        0x000042dc   Data           2  os_dbg.o(.constdata)
    OSTmrCfgTicksPerSec                      0x000042de   Data           2  os_dbg.o(.constdata)
    OSTmrSize                                0x000042e0   Data           2  os_dbg.o(.constdata)
    OSTmrTblSize                             0x000042e2   Data           2  os_dbg.o(.constdata)
    OSTmrWheelSize                           0x000042e4   Data           2  os_dbg.o(.constdata)
    OSTmrWheelTblSize                        0x000042e6   Data           2  os_dbg.o(.constdata)
    OSDataSize                               0x000042e8   Data           2  os_dbg.o(.constdata)
    FONTTYPE8_8                              0x000042ea   Data         560  lcd.o(.constdata)
    BIT_MASK                                 0x0000451a   Data           8  lcd.o(.constdata)
    Region$$Table$$Base                      0x00004674   Number         0  anon$$obj.o(Region$$Table)
    Region$$Table$$Limit                     0x00004694   Number         0  anon$$obj.o(Region$$Table)
    CriticalSecCntr                          0x20000000   Data           4  main.o(.data)
    AD_Data                                  0x20000004   Data           2  main.o(.data)
    AD_Data_temp                             0x20000006   Data           2  main.o(.data)
    LcdFlag                                  0x20000008   Data           1  main.o(.data)
    FlagCounter                              0x2000000a   Data           2  main.o(.data)
    VaulePwm                                 0x2000000c   Data           2  main.o(.data)
    status                                   0x2000000e   Data           1  main.o(.data)
    delayed_100_ms_cnt                       0x20000010   Data           4  main.o(.data)
    lcd_dsp_buf                              0x20000014   Data          96  main.o(.data)
    page_id                                  0x20000074   Data           1  main.o(.data)
    ad_update_flag                           0x20000075   Data           1  main.o(.data)
    cpu_usage                                0x20000076   Data           1  main.o(.data)
    cpu_usage_flag                           0x20000077   Data           1  main.o(.data)
    g_sec                                    0x20000078   Data           4  main.o(.data)
    g_sec_temp                               0x2000007c   Data           4  main.o(.data)
    time_update_flag                         0x20000080   Data           4  main.o(.data)
    key_flag                                 0x20000084   Data           1  main.o(.data)
    idle_stk_used                            0x20000088   Data           4  main.o(.data)
    idle_stk_remain                          0x2000008c   Data           4  main.o(.data)
    stat_stk_used                            0x20000090   Data           4  main.o(.data)
    stat_stk_remain                          0x20000094   Data           4  main.o(.data)
    ad_stk_used                              0x20000098   Data           4  main.o(.data)
    ad_stk_remain                            0x2000009c   Data           4  main.o(.data)
    key_stk_used                             0x200000a0   Data           4  main.o(.data)
    key_stk_remain                           0x200000a4   Data           4  main.o(.data)
    mon_stk_used                             0x200000a8   Data           4  main.o(.data)
    mon_stk_remain                           0x200000ac   Data           4  main.o(.data)
    stk_update_flag                          0x200000b0   Data           1  main.o(.data)
    Tmr1Tick                                 0x200000b4   Data           4  main.o(.data)
    SystemCoreClock                          0x200000b8   Data           4  system_mb9bf50x.o(.data)
    OSCtxSwCtr                               0x200000bc   Data           4  os_core.o(.data)
    OSEventFreeList                          0x200000c0   Data           4  os_core.o(.data)
    OSFlagFreeList                           0x200000c4   Data           4  os_core.o(.data)
    OSCPUUsage                               0x200000c8   Data           1  os_core.o(.data)
    OSIdleCtrMax                             0x200000cc   Data           4  os_core.o(.data)
    OSIdleCtrRun                             0x200000d0   Data           4  os_core.o(.data)
    OSStatRdy                                0x200000d4   Data           1  os_core.o(.data)
    OSIntNesting                             0x200000d5   Data           1  os_core.o(.data)
    OSLockNesting                            0x200000d6   Data           1  os_core.o(.data)
    OSPrioCur                                0x200000d7   Data           1  os_core.o(.data)
    OSPrioHighRdy                            0x200000d8   Data           1  os_core.o(.data)
    OSRdyGrp                                 0x200000da   Data           2  os_core.o(.data)
    OSRunning                                0x200000dc   Data           1  os_core.o(.data)
    OSTaskCtr                                0x200000dd   Data           1  os_core.o(.data)
    OSIdleCtr                                0x200000e0   Data           4  os_core.o(.data)
    OSTCBCur                                 0x200000e4   Data           4  os_core.o(.data)
    OSTCBFreeList                            0x200000e8   Data           4  os_core.o(.data)
    OSTCBHighRdy                             0x200000ec   Data           4  os_core.o(.data)
    OSTCBList                                0x200000f0   Data           4  os_core.o(.data)
    OSTickStepState                          0x200000f4   Data           1  os_core.o(.data)
    OSMemFreeList                            0x200000f8   Data           4  os_core.o(.data)
    OSQFreeList                              0x200000fc   Data           4  os_core.o(.data)
    OSTime                                   0x20000100   Data           4  os_core.o(.data)
    PressCount                               0x20000104   Data           7  key.o(.data)
    PressTimes                               0x2000010b   Data           7  key.o(.data)
    Count                                    0x20000112   Data           1  key.o(.data)
    Task_Start_STK                           0x20000114   Data         512  main.o(.bss)
    Task_AD_STK                              0x20000314   Data         512  main.o(.bss)
    Task_KEY_STK                             0x20000514   Data         512  main.o(.bss)
    Task_Monitor_STK                         0x20000714   Data        1024  main.o(.bss)
    Task_LED_STK                             0x20000b14   Data         512  main.o(.bss)
    disp                                     0x20000d14   Data          16  main.o(.bss)
    OSEventTbl                               0x20000d24   Data         600  os_core.o(.bss)
    OSFlagTbl                                0x20000f7c   Data         140  os_core.o(.bss)
    OSTaskStatStk                            0x20001008   Data         256  os_core.o(.bss)
    OSRdyTbl                                 0x20001108   Data          32  os_core.o(.bss)
    OSTaskIdleStk                            0x20001128   Data         128  os_core.o(.bss)
    OSTCBPrioTbl                             0x200011a8   Data        1012  os_core.o(.bss)
    OSTCBTbl                                 0x2000159c   Data        2112  os_core.o(.bss)
    OSMemTbl                                 0x20001ddc   Data         180  os_core.o(.bss)
    OSQTbl                                   0x20001e90   Data          96  os_core.o(.bss)
    __initial_sp                             0x200026f0   Data           0  startup_mb9bf50x.o(STACK)



==============================================================================

Memory Map of the image

  Image Entry point : 0x00000101

  Load Region LR_IROM1 (Base: 0x00000000, Size: 0x000047a8, Max: 0x00040000, ABSOLUTE)

    Execution Region ER_IROM1 (Exec base: 0x00000000, Load base: 0x00000000, Size: 0x00004694, Max: 0x00040000, ABSOLUTE)

    Exec Addr    Load Addr    Size         Type   Attr      Idx    E Section Name        Object

    0x00000000   0x00000000   0x00000100   Data   RO            3    RESET               startup_mb9bf50x.o
    0x00000100   0x00000100   0x00000000   Code   RO          415  * .ARM.Collect$$$$00000000  mc_w.l(entry.o)
    0x00000100   0x00000100   0x00000004   Code   RO          681    .ARM.Collect$$$$00000001  mc_w.l(entry2.o)
    0x00000104   0x00000104   0x00000004   Code   RO          684    .ARM.Collect$$$$00000004  mc_w.l(entry5.o)
    0x00000108   0x00000108   0x00000000   Code   RO          686    .ARM.Collect$$$$00000008  mc_w.l(entry7b.o)
    0x00000108   0x00000108   0x00000000   Code   RO          688    .ARM.Collect$$$$0000000A  mc_w.l(entry8b.o)
    0x00000108   0x00000108   0x00000008   Code   RO          689    .ARM.Collect$$$$0000000B  mc_w.l(entry9a.o)
    0x00000110   0x00000110   0x00000000   Code   RO          691    .ARM.Collect$$$$0000000D  mc_w.l(entry10a.o)
    0x00000110   0x00000110   0x00000000   Code   RO          693    .ARM.Collect$$$$0000000F  mc_w.l(entry11a.o)
    0x00000110   0x00000110   0x00000004   Code   RO          682    .ARM.Collect$$$$00002712  mc_w.l(entry2.o)
    0x00000114   0x00000114   0x00000024   Code   RO            4    .text               startup_mb9bf50x.o
    0x00000138   0x00000138   0x000009b4   Code   RO           86    .text               main.o
    0x00000aec   0x00000aec   0x000001a0   Code   RO          161    .text               system_mb9bf50x.o
    0x00000c8c   0x00000c8c   0x00000d90   Code   RO          192    .text               os_core.o
    0x00001a1c   0x00001a1c   0x00000118   Code   RO          212    .text               os_dbg.o
    0x00001b34   0x00001b34   0x00000840   Code   RO          227    .text               os_flag.o
    0x00002374   0x00002374   0x000001fc   Code   RO          251    .text               os_mem.o
    0x00002570   0x00002570   0x00000608   Code   RO          275    .text               os_q.o
    0x00002b78   0x00002b78   0x000007f8   Code   RO          299    .text               os_task.o
    0x00003370   0x00003370   0x000001c4   Code   RO          311    .text               os_time.o
    0x00003534   0x00003534   0x000000f8   Code   RO          323    .text               os_cpu_c.o
    0x0000362c   0x0000362c   0x000000a4   Code   RO          342    .text               os_cpu_a.o
    0x000036d0   0x000036d0   0x0000049c   Code   RO          346    .text               lcd.o
    0x00003b6c   0x00003b6c   0x00000148   Code   RO          372    .text               adc.o
    0x00003cb4   0x00003cb4   0x00000258   Code   RO          388    .text               key.o
    0x00003f0c   0x00003f0c   0x0000000e   Code   RO          418    .text               mc_w.l(strlen.o)
    0x00003f1a   0x00003f1a   0x0000002c   Code   RO          695    .text               mc_w.l(uidiv.o)
    0x00003f46   0x00003f46   0x00000002   PAD
    0x00003f48   0x00003f48   0x00000024   Code   RO          710    .text               mc_w.l(init.o)
    0x00003f6c   0x00003f6c   0x00000028   Code   RO          511    i.__0sprintf$3      mc_w.l(printf3.o)
    0x00003f94   0x00003f94   0x0000000e   Code   RO          722    i.__scatterload_copy  mc_w.l(handlers.o)
    0x00003fa2   0x00003fa2   0x00000002   Code   RO          723    i.__scatterload_null  mc_w.l(handlers.o)
    0x00003fa4   0x00003fa4   0x0000000e   Code   RO          724    i.__scatterload_zeroinit  mc_w.l(handlers.o)
    0x00003fb2   0x00003fb2   0x00000002   PAD
    0x00003fb4   0x00003fb4   0x000001b8   Code   RO          516    i._printf_core      mc_w.l(printf3.o)
    0x0000416c   0x0000416c   0x0000000a   Code   RO          518    i._sputc            mc_w.l(printf3.o)
    0x00004176   0x00004176   0x00000100   Data   RO          194    .constdata          os_core.o
    0x00004276   0x00004276   0x00000002   PAD
    0x00004278   0x00004278   0x00000072   Data   RO          213    .constdata          os_dbg.o
    0x000042ea   0x000042ea   0x00000238   Data   RO          348    .constdata          lcd.o
    0x00004522   0x00004522   0x00000002   PAD
    0x00004524   0x00004524   0x00000054   Data   RO          390    .constdata          key.o
    0x00004578   0x00004578   0x000000fa   Data   RO           88    .conststring        main.o
    0x00004672   0x00004672   0x00000002   PAD
    0x00004674   0x00004674   0x00000020   Data   RO          720    Region$$Table       anon$$obj.o


    Execution Region RW_IRAM1 (Exec base: 0x20000000, Load base: 0x00004694, Size: 0x000026f0, Max: 0x00004000, ABSOLUTE)

    Exec Addr    Load Addr    Size         Type   Attr      Idx    E Section Name        Object

    0x20000000   0x00004694   0x000000b8   Data   RW           89    .data               main.o
    0x200000b8   0x0000474c   0x00000004   Data   RW          162    .data               system_mb9bf50x.o
    0x200000bc   0x00004750   0x00000048   Data   RW          195    .data               os_core.o
    0x20000104   0x00004798   0x0000000f   Data   RW          391    .data               key.o
    0x20000113   0x000047a7   0x00000001   PAD
    0x20000114        -       0x00000c10   Zero   RW           87    .bss                main.o
    0x20000d24        -       0x000011cc   Zero   RW          193    .bss                os_core.o
    0x20001ef0        -       0x00000400   Zero   RW          347    .bss                lcd.o
    0x200022f0        -       0x00000400   Zero   RW            1    STACK               startup_mb9bf50x.o


==============================================================================

Image component sizes


      Code (inc. data)   RO Data    RW Data    ZI Data      Debug   Object Name

       328         26          0          0          0        871   adc.o
       600         54         84         15          0       4135   key.o
      1180         26        568          0       1024       9327   lcd.o
      2484        304        250        184       3088       7744   main.o
      3472        282        256         72       4556      20270   os_core.o
       164         32          0          0          0        360   os_cpu_a.o
       248         10          0          0          0      13221   os_cpu_c.o
       280        184        114          0          0       3451   os_dbg.o
      2112         38          0          0          0       7216   os_flag.o
       508         12          0          0          0       3376   os_mem.o
      1544         32          0          0          0       5853   os_q.o
      2040         66          0          0          0       7165   os_task.o
       452         26          0          0          0       1930   os_time.o
         0          0          0          0          0      14751   serial.o
        36          8        256          0       1024        812   startup_mb9bf50x.o
       416         52          0          4          0       1225   system_mb9bf50x.o

    ----------------------------------------------------------------------
     15864       1152       1566        276       9692     101707   Object Totals
         0          0         32          0          0          0   (incl. Generated)
         0          0          6          1          0          0   (incl. Padding)

    ----------------------------------------------------------------------

      Code (inc. data)   RO Data    RW Data    ZI Data      Debug   Library Member Name

         0          0          0          0          0          0   entry.o
         0          0          0          0          0          0   entry10a.o
         0          0          0          0          0          0   entry11a.o
         8          4          0          0          0          0   entry2.o
         4          0          0          0          0          0   entry5.o
         0          0          0          0          0          0   entry7b.o
         0          0          0          0          0          0   entry8b.o
         8          4          0          0          0          0   entry9a.o
        30          0          0          0          0          0   handlers.o
        36          8          0          0          0         68   init.o
       490         10          0          0          0        252   printf3.o
        14          0          0          0          0         68   strlen.o
        44          0          0          0          0         80   uidiv.o

    ----------------------------------------------------------------------
       638         26          0          0          0        468   Library Totals
         4          0          0          0          0          0   (incl. Padding)

    ----------------------------------------------------------------------

      Code (inc. data)   RO Data    RW Data    ZI Data      Debug   Library Name

       634         26          0          0          0        468   mc_w.l

    ----------------------------------------------------------------------
       638         26          0          0          0        468   Library Totals

    ----------------------------------------------------------------------

==============================================================================


      Code (inc. data)   RO Data    RW Data    ZI Data      Debug   

     16502       1178       1566        276       9692     101131   Grand Totals
     16502       1178       1566        276       9692     101131   ELF Image Totals
     16502       1178       1566        276          0          0   ROM Totals

==============================================================================

    Total RO  Size (Code + RO Data)                18068 (  17.64kB)
    Total RW  Size (RW Data + ZI Data)              9968 (   9.73kB)
    Total ROM Size (Code + RO Data + RW Data)      18344 (  17.91kB)

==============================================================================

