ARM Linker, 4.1 [Build 561] [Standard]

==============================================================================

Section Cross References

    startup_mb9bf50x.o(RESET) refers to startup_mb9bf50x.o(STACK) for __initial_sp
    startup_mb9bf50x.o(RESET) refers to startup_mb9bf50x.o(.text) for Reset_Handler
    startup_mb9bf50x.o(RESET) refers to irq.o(.text) for SysTick_Handler
    startup_mb9bf50x.o(.text) refers to system_mb9bf50x.o(.text) for SystemInit
    startup_mb9bf50x.o(.text) refers to entry.o(.ARM.Collect$$$$00000000) for __main
    system_mb9bf50x.o(.text) refers to system_mb9bf50x.o(.data) for SystemCoreClock
    blinky.o(.text) refers to serial.o(.text) for SER_init
    blinky.o(.text) refers to printf8.o(i.__0printf$8) for __2printf
    blinky.o(.text) refers to blinky.o(.constdata) for led_mask
    blinky.o(.text) refers to system_mb9bf50x.o(.data) for SystemCoreClock
    blinky.o(.text) refers to irq.o(.data) for AD_last
    blinky.o(.text) refers to blinky.o(.data) for AD_dbg
    irq.o(.text) refers to blinky.o(.text) for LED_Out
    irq.o(.text) refers to irq.o(.data) for ticks
    retarget.o(.text) refers to serial.o(.text) for sendchar
    entry.o(.ARM.Collect$$$$00000000) refers (Special) to entry7.o(.ARM.Collect$$$$00000007) for _main_init
    entry.o(.ARM.Collect$$$$00000000) refers (Special) to entry5.o(.ARM.Collect$$$$00000004) for _main_scatterload
    entry.o(.ARM.Collect$$$$00000000) refers (Special) to entry2.o(.ARM.Collect$$$$00000001) for _main_stk
    printfb.o(i.__0fprintf$bare) refers to printfb.o(i._printf_core) for _printf_core
    printfb.o(i.__0fprintf$bare) refers to retarget.o(.text) for fputc
    printfb.o(i.__0printf$bare) refers to printfb.o(i._printf_core) for _printf_core
    printfb.o(i.__0printf$bare) refers to retarget.o(.text) for fputc
    printfb.o(i.__0printf$bare) refers to retarget.o(.data) for __stdout
    printfb.o(i.__0snprintf$bare) refers to printfb.o(i._printf_core) for _printf_core
    printfb.o(i.__0snprintf$bare) refers to printfb.o(i._snputc) for _snputc
    printfb.o(i.__0sprintf$bare) refers to printfb.o(i._printf_core) for _printf_core
    printfb.o(i.__0sprintf$bare) refers to printfb.o(i._sputc) for _sputc
    printfb.o(i.__0vfprintf$bare) refers to printfb.o(i._printf_core) for _printf_core
    printfb.o(i.__0vfprintf$bare) refers to retarget.o(.text) for fputc
    printfb.o(i.__0vprintf$bare) refers to printfb.o(i._printf_core) for _printf_core
    printfb.o(i.__0vprintf$bare) refers to retarget.o(.text) for fputc
    printfb.o(i.__0vprintf$bare) refers to retarget.o(.data) for __stdout
    printfb.o(i.__0vsnprintf$bare) refers to printfb.o(i._printf_core) for _printf_core
    printfb.o(i.__0vsnprintf$bare) refers to printfb.o(i._snputc) for _snputc
    printfb.o(i.__0vsprintf$bare) refers to printfb.o(i._printf_core) for _printf_core
    printfb.o(i.__0vsprintf$bare) refers to printfb.o(i._sputc) for _sputc
    printf0.o(i.__0fprintf$0) refers to printf0.o(i._printf_core) for _printf_core
    printf0.o(i.__0fprintf$0) refers to retarget.o(.text) for fputc
    printf0.o(i.__0printf$0) refers to printf0.o(i._printf_core) for _printf_core
    printf0.o(i.__0printf$0) refers to retarget.o(.text) for fputc
    printf0.o(i.__0printf$0) refers to retarget.o(.data) for __stdout
    printf0.o(i.__0snprintf$0) refers to printf0.o(i._printf_core) for _printf_core
    printf0.o(i.__0snprintf$0) refers to printf0.o(i._snputc) for _snputc
    printf0.o(i.__0sprintf$0) refers to printf0.o(i._printf_core) for _printf_core
    printf0.o(i.__0sprintf$0) refers to printf0.o(i._sputc) for _sputc
    printf0.o(i.__0vfprintf$0) refers to printf0.o(i._printf_core) for _printf_core
    printf0.o(i.__0vfprintf$0) refers to retarget.o(.text) for fputc
    printf0.o(i.__0vprintf$0) refers to printf0.o(i._printf_core) for _printf_core
    printf0.o(i.__0vprintf$0) refers to retarget.o(.text) for fputc
    printf0.o(i.__0vprintf$0) refers to retarget.o(.data) for __stdout
    printf0.o(i.__0vsnprintf$0) refers to printf0.o(i._printf_core) for _printf_core
    printf0.o(i.__0vsnprintf$0) refers to printf0.o(i._snputc) for _snputc
    printf0.o(i.__0vsprintf$0) refers to printf0.o(i._printf_core) for _printf_core
    printf0.o(i.__0vsprintf$0) refers to printf0.o(i._sputc) for _sputc
    printf1.o(i.__0fprintf$1) refers to printf1.o(i._printf_core) for _printf_core
    printf1.o(i.__0fprintf$1) refers to retarget.o(.text) for fputc
    printf1.o(i.__0printf$1) refers to printf1.o(i._printf_core) for _printf_core
    printf1.o(i.__0printf$1) refers to retarget.o(.text) for fputc
    printf1.o(i.__0printf$1) refers to retarget.o(.data) for __stdout
    printf1.o(i.__0snprintf$1) refers to printf1.o(i._printf_core) for _printf_core
    printf1.o(i.__0snprintf$1) refers to printf1.o(i._snputc) for _snputc
    printf1.o(i.__0sprintf$1) refers to printf1.o(i._printf_core) for _printf_core
    printf1.o(i.__0sprintf$1) refers to printf1.o(i._sputc) for _sputc
    printf1.o(i.__0vfprintf$1) refers to printf1.o(i._printf_core) for _printf_core
    printf1.o(i.__0vfprintf$1) refers to retarget.o(.text) for fputc
    printf1.o(i.__0vprintf$1) refers to printf1.o(i._printf_core) for _printf_core
    printf1.o(i.__0vprintf$1) refers to retarget.o(.text) for fputc
    printf1.o(i.__0vprintf$1) refers to retarget.o(.data) for __stdout
    printf1.o(i.__0vsnprintf$1) refers to printf1.o(i._printf_core) for _printf_core
    printf1.o(i.__0vsnprintf$1) refers to printf1.o(i._snputc) for _snputc
    printf1.o(i.__0vsprintf$1) refers to printf1.o(i._printf_core) for _printf_core
    printf1.o(i.__0vsprintf$1) refers to printf1.o(i._sputc) for _sputc
    printf1.o(i._printf_core) refers to uidiv.o(.text) for __aeabi_uidivmod
    printf2.o(i.__0fprintf$2) refers to printf2.o(i._printf_core) for _printf_core
    printf2.o(i.__0fprintf$2) refers to retarget.o(.text) for fputc
    printf2.o(i.__0printf$2) refers to printf2.o(i._printf_core) for _printf_core
    printf2.o(i.__0printf$2) refers to retarget.o(.text) for fputc
    printf2.o(i.__0printf$2) refers to retarget.o(.data) for __stdout
    printf2.o(i.__0snprintf$2) refers to printf2.o(i._printf_core) for _printf_core
    printf2.o(i.__0snprintf$2) refers to printf2.o(i._snputc) for _snputc
    printf2.o(i.__0sprintf$2) refers to printf2.o(i._printf_core) for _printf_core
    printf2.o(i.__0sprintf$2) refers to printf2.o(i._sputc) for _sputc
    printf2.o(i.__0vfprintf$2) refers to printf2.o(i._printf_core) for _printf_core
    printf2.o(i.__0vfprintf$2) refers to retarget.o(.text) for fputc
    printf2.o(i.__0vprintf$2) refers to printf2.o(i._printf_core) for _printf_core
    printf2.o(i.__0vprintf$2) refers to retarget.o(.text) for fputc
    printf2.o(i.__0vprintf$2) refers to retarget.o(.data) for __stdout
    printf2.o(i.__0vsnprintf$2) refers to printf2.o(i._printf_core) for _printf_core
    printf2.o(i.__0vsnprintf$2) refers to printf2.o(i._snputc) for _snputc
    printf2.o(i.__0vsprintf$2) refers to printf2.o(i._printf_core) for _printf_core
    printf2.o(i.__0vsprintf$2) refers to printf2.o(i._sputc) for _sputc
    printf3.o(i.__0fprintf$3) refers to printf3.o(i._printf_core) for _printf_core
    printf3.o(i.__0fprintf$3) refers to retarget.o(.text) for fputc
    printf3.o(i.__0printf$3) refers to printf3.o(i._printf_core) for _printf_core
    printf3.o(i.__0printf$3) refers to retarget.o(.text) for fputc
    printf3.o(i.__0printf$3) refers to retarget.o(.data) for __stdout
    printf3.o(i.__0snprintf$3) refers to printf3.o(i._printf_core) for _printf_core
    printf3.o(i.__0snprintf$3) refers to printf3.o(i._snputc) for _snputc
    printf3.o(i.__0sprintf$3) refers to printf3.o(i._printf_core) for _printf_core
    printf3.o(i.__0sprintf$3) refers to printf3.o(i._sputc) for _sputc
    printf3.o(i.__0vfprintf$3) refers to printf3.o(i._printf_core) for _printf_core
    printf3.o(i.__0vfprintf$3) refers to retarget.o(.text) for fputc
    printf3.o(i.__0vprintf$3) refers to printf3.o(i._printf_core) for _printf_core
    printf3.o(i.__0vprintf$3) refers to retarget.o(.text) for fputc
    printf3.o(i.__0vprintf$3) refers to retarget.o(.data) for __stdout
    printf3.o(i.__0vsnprintf$3) refers to printf3.o(i._printf_core) for _printf_core
    printf3.o(i.__0vsnprintf$3) refers to printf3.o(i._snputc) for _snputc
    printf3.o(i.__0vsprintf$3) refers to printf3.o(i._printf_core) for _printf_core
    printf3.o(i.__0vsprintf$3) refers to printf3.o(i._sputc) for _sputc
    printf3.o(i._printf_core) refers to uidiv.o(.text) for __aeabi_uidivmod
    printf4.o(i.__0fprintf$4) refers to printf4.o(i._printf_core) for _printf_core
    printf4.o(i.__0fprintf$4) refers to retarget.o(.text) for fputc
    printf4.o(i.__0printf$4) refers to printf4.o(i._printf_core) for _printf_core
    printf4.o(i.__0printf$4) refers to retarget.o(.text) for fputc
    printf4.o(i.__0printf$4) refers to retarget.o(.data) for __stdout
    printf4.o(i.__0snprintf$4) refers to printf4.o(i._printf_core) for _printf_core
    printf4.o(i.__0snprintf$4) refers to printf4.o(i._snputc) for _snputc
    printf4.o(i.__0sprintf$4) refers to printf4.o(i._printf_core) for _printf_core
    printf4.o(i.__0sprintf$4) refers to printf4.o(i._sputc) for _sputc
    printf4.o(i.__0vfprintf$4) refers to printf4.o(i._printf_core) for _printf_core
    printf4.o(i.__0vfprintf$4) refers to retarget.o(.text) for fputc
    printf4.o(i.__0vprintf$4) refers to printf4.o(i._printf_core) for _printf_core
    printf4.o(i.__0vprintf$4) refers to retarget.o(.text) for fputc
    printf4.o(i.__0vprintf$4) refers to retarget.o(.data) for __stdout
    printf4.o(i.__0vsnprintf$4) refers to printf4.o(i._printf_core) for _printf_core
    printf4.o(i.__0vsnprintf$4) refers to printf4.o(i._snputc) for _snputc
    printf4.o(i.__0vsprintf$4) refers to printf4.o(i._printf_core) for _printf_core
    printf4.o(i.__0vsprintf$4) refers to printf4.o(i._sputc) for _sputc
    printf4.o(i._printf_core) refers to uldiv.o(.text) for __aeabi_uldivmod
    printf5.o(i.__0fprintf$5) refers to printf5.o(i._printf_core) for _printf_core
    printf5.o(i.__0fprintf$5) refers to retarget.o(.text) for fputc
    printf5.o(i.__0printf$5) refers to printf5.o(i._printf_core) for _printf_core
    printf5.o(i.__0printf$5) refers to retarget.o(.text) for fputc
    printf5.o(i.__0printf$5) refers to retarget.o(.data) for __stdout
    printf5.o(i.__0snprintf$5) refers to printf5.o(i._printf_core) for _printf_core
    printf5.o(i.__0snprintf$5) refers to printf5.o(i._snputc) for _snputc
    printf5.o(i.__0sprintf$5) refers to printf5.o(i._printf_core) for _printf_core
    printf5.o(i.__0sprintf$5) refers to printf5.o(i._sputc) for _sputc
    printf5.o(i.__0vfprintf$5) refers to printf5.o(i._printf_core) for _printf_core
    printf5.o(i.__0vfprintf$5) refers to retarget.o(.text) for fputc
    printf5.o(i.__0vprintf$5) refers to printf5.o(i._printf_core) for _printf_core
    printf5.o(i.__0vprintf$5) refers to retarget.o(.text) for fputc
    printf5.o(i.__0vprintf$5) refers to retarget.o(.data) for __stdout
    printf5.o(i.__0vsnprintf$5) refers to printf5.o(i._printf_core) for _printf_core
    printf5.o(i.__0vsnprintf$5) refers to printf5.o(i._snputc) for _snputc
    printf5.o(i.__0vsprintf$5) refers to printf5.o(i._printf_core) for _printf_core
    printf5.o(i.__0vsprintf$5) refers to printf5.o(i._sputc) for _sputc
    printf5.o(i._printf_core) refers to uldiv.o(.text) for __aeabi_uldivmod
    printf6.o(i.__0fprintf$6) refers to printf6.o(i._printf_core) for _printf_core
    printf6.o(i.__0fprintf$6) refers to retarget.o(.text) for fputc
    printf6.o(i.__0printf$6) refers to printf6.o(i._printf_core) for _printf_core
    printf6.o(i.__0printf$6) refers to retarget.o(.text) for fputc
    printf6.o(i.__0printf$6) refers to retarget.o(.data) for __stdout
    printf6.o(i.__0snprintf$6) refers to printf6.o(i._printf_core) for _printf_core
    printf6.o(i.__0snprintf$6) refers to printf6.o(i._snputc) for _snputc
    printf6.o(i.__0sprintf$6) refers to printf6.o(i._printf_core) for _printf_core
    printf6.o(i.__0sprintf$6) refers to printf6.o(i._sputc) for _sputc
    printf6.o(i.__0vfprintf$6) refers to printf6.o(i._printf_core) for _printf_core
    printf6.o(i.__0vfprintf$6) refers to retarget.o(.text) for fputc
    printf6.o(i.__0vprintf$6) refers to printf6.o(i._printf_core) for _printf_core
    printf6.o(i.__0vprintf$6) refers to retarget.o(.text) for fputc
    printf6.o(i.__0vprintf$6) refers to retarget.o(.data) for __stdout
    printf6.o(i.__0vsnprintf$6) refers to printf6.o(i._printf_core) for _printf_core
    printf6.o(i.__0vsnprintf$6) refers to printf6.o(i._snputc) for _snputc
    printf6.o(i.__0vsprintf$6) refers to printf6.o(i._printf_core) for _printf_core
    printf6.o(i.__0vsprintf$6) refers to printf6.o(i._sputc) for _sputc
    printf6.o(i._printf_core) refers to printf6.o(i._printf_pre_padding) for _printf_pre_padding
    printf6.o(i._printf_core) refers to uidiv.o(.text) for __aeabi_uidivmod
    printf6.o(i._printf_core) refers to printf6.o(i._printf_post_padding) for _printf_post_padding
    printf7.o(i.__0fprintf$7) refers to printf7.o(i._printf_core) for _printf_core
    printf7.o(i.__0fprintf$7) refers to retarget.o(.text) for fputc
    printf7.o(i.__0printf$7) refers to printf7.o(i._printf_core) for _printf_core
    printf7.o(i.__0printf$7) refers to retarget.o(.text) for fputc
    printf7.o(i.__0printf$7) refers to retarget.o(.data) for __stdout
    printf7.o(i.__0snprintf$7) refers to printf7.o(i._printf_core) for _printf_core
    printf7.o(i.__0snprintf$7) refers to printf7.o(i._snputc) for _snputc
    printf7.o(i.__0sprintf$7) refers to printf7.o(i._printf_core) for _printf_core
    printf7.o(i.__0sprintf$7) refers to printf7.o(i._sputc) for _sputc
    printf7.o(i.__0vfprintf$7) refers to printf7.o(i._printf_core) for _printf_core
    printf7.o(i.__0vfprintf$7) refers to retarget.o(.text) for fputc
    printf7.o(i.__0vprintf$7) refers to printf7.o(i._printf_core) for _printf_core
    printf7.o(i.__0vprintf$7) refers to retarget.o(.text) for fputc
    printf7.o(i.__0vprintf$7) refers to retarget.o(.data) for __stdout
    printf7.o(i.__0vsnprintf$7) refers to printf7.o(i._printf_core) for _printf_core
    printf7.o(i.__0vsnprintf$7) refers to printf7.o(i._snputc) for _snputc
    printf7.o(i.__0vsprintf$7) refers to printf7.o(i._printf_core) for _printf_core
    printf7.o(i.__0vsprintf$7) refers to printf7.o(i._sputc) for _sputc
    printf7.o(i._printf_core) refers to printf7.o(i._printf_pre_padding) for _printf_pre_padding
    printf7.o(i._printf_core) refers to uldiv.o(.text) for __aeabi_uldivmod
    printf7.o(i._printf_core) refers to printf7.o(i._printf_post_padding) for _printf_post_padding
    printf8.o(i.__0fprintf$8) refers to printf8.o(i._printf_core) for _printf_core
    printf8.o(i.__0fprintf$8) refers to retarget.o(.text) for fputc
    printf8.o(i.__0printf$8) refers to printf8.o(i._printf_core) for _printf_core
    printf8.o(i.__0printf$8) refers to retarget.o(.text) for fputc
    printf8.o(i.__0printf$8) refers to retarget.o(.data) for __stdout
    printf8.o(i.__0snprintf$8) refers to printf8.o(i._printf_core) for _printf_core
    printf8.o(i.__0snprintf$8) refers to printf8.o(i._snputc) for _snputc
    printf8.o(i.__0sprintf$8) refers to printf8.o(i._printf_core) for _printf_core
    printf8.o(i.__0sprintf$8) refers to printf8.o(i._sputc) for _sputc
    printf8.o(i.__0vfprintf$8) refers to printf8.o(i._printf_core) for _printf_core
    printf8.o(i.__0vfprintf$8) refers to retarget.o(.text) for fputc
    printf8.o(i.__0vprintf$8) refers to printf8.o(i._printf_core) for _printf_core
    printf8.o(i.__0vprintf$8) refers to retarget.o(.text) for fputc
    printf8.o(i.__0vprintf$8) refers to retarget.o(.data) for __stdout
    printf8.o(i.__0vsnprintf$8) refers to printf8.o(i._printf_core) for _printf_core
    printf8.o(i.__0vsnprintf$8) refers to printf8.o(i._snputc) for _snputc
    printf8.o(i.__0vsprintf$8) refers to printf8.o(i._printf_core) for _printf_core
    printf8.o(i.__0vsprintf$8) refers to printf8.o(i._sputc) for _sputc
    printf8.o(i._printf_core) refers to printf8.o(i._printf_pre_padding) for _printf_pre_padding
    printf8.o(i._printf_core) refers to uldiv.o(.text) for __aeabi_uldivmod
    printf8.o(i._printf_core) refers to printf8.o(i._printf_post_padding) for _printf_post_padding
    printfa.o(i.__0fprintf) refers (Special) to iusefp.o(.text) for __I$use$fp
    printfa.o(i.__0fprintf) refers to printfa.o(i._printf_core) for _printf_core
    printfa.o(i.__0fprintf) refers to retarget.o(.text) for fputc
    printfa.o(i.__0printf) refers (Special) to iusefp.o(.text) for __I$use$fp
    printfa.o(i.__0printf) refers to printfa.o(i._printf_core) for _printf_core
    printfa.o(i.__0printf) refers to retarget.o(.text) for fputc
    printfa.o(i.__0printf) refers to retarget.o(.data) for __stdout
    printfa.o(i.__0snprintf) refers (Special) to iusefp.o(.text) for __I$use$fp
    printfa.o(i.__0snprintf) refers to printfa.o(i._printf_core) for _printf_core
    printfa.o(i.__0snprintf) refers to printfa.o(i._snputc) for _snputc
    printfa.o(i.__0sprintf) refers (Special) to iusefp.o(.text) for __I$use$fp
    printfa.o(i.__0sprintf) refers to printfa.o(i._printf_core) for _printf_core
    printfa.o(i.__0sprintf) refers to printfa.o(i._sputc) for _sputc
    printfa.o(i.__0vfprintf) refers (Special) to iusefp.o(.text) for __I$use$fp
    printfa.o(i.__0vfprintf) refers to printfa.o(i._printf_core) for _printf_core
    printfa.o(i.__0vfprintf) refers to retarget.o(.text) for fputc
    printfa.o(i.__0vprintf) refers (Special) to iusefp.o(.text) for __I$use$fp
    printfa.o(i.__0vprintf) refers to printfa.o(i._printf_core) for _printf_core
    printfa.o(i.__0vprintf) refers to retarget.o(.text) for fputc
    printfa.o(i.__0vprintf) refers to retarget.o(.data) for __stdout
    printfa.o(i.__0vsnprintf) refers (Special) to iusefp.o(.text) for __I$use$fp
    printfa.o(i.__0vsnprintf) refers to printfa.o(i._printf_core) for _printf_core
    printfa.o(i.__0vsnprintf) refers to printfa.o(i._snputc) for _snputc
    printfa.o(i.__0vsprintf) refers (Special) to iusefp.o(.text) for __I$use$fp
    printfa.o(i.__0vsprintf) refers to printfa.o(i._printf_core) for _printf_core
    printfa.o(i.__0vsprintf) refers to printfa.o(i._sputc) for _sputc
    printfa.o(i._fp_digits) refers (Special) to iusefp.o(.text) for __I$use$fp
    printfa.o(i._fp_digits) refers to dmul.o(.text) for __aeabi_dmul
    printfa.o(i._fp_digits) refers to ddiv.o(.text) for __aeabi_ddiv
    printfa.o(i._fp_digits) refers to cdrcmple.o(.text) for __aeabi_cdrcmple
    printfa.o(i._fp_digits) refers to dadd.o(.text) for __aeabi_dadd
    printfa.o(i._fp_digits) refers to dfixul.o(.text) for __aeabi_d2ulz
    printfa.o(i._fp_digits) refers to uldiv.o(.text) for __aeabi_uldivmod
    printfa.o(i._printf_core) refers (Special) to iusefp.o(.text) for __I$use$fp
    printfa.o(i._printf_core) refers to printfa.o(i._printf_pre_padding) for _printf_pre_padding
    printfa.o(i._printf_core) refers to uldiv.o(.text) for __aeabi_uldivmod
    printfa.o(i._printf_core) refers to printfa.o(i._printf_post_padding) for _printf_post_padding
    printfa.o(i._printf_core) refers to printfa.o(i._fp_digits) for _fp_digits
    printfa.o(i._printf_core) refers to uidiv.o(.text) for __aeabi_uidivmod
    printfa.o(i._printf_post_padding) refers (Special) to iusefp.o(.text) for __I$use$fp
    printfa.o(i._printf_pre_padding) refers (Special) to iusefp.o(.text) for __I$use$fp
    printfa.o(i._snputc) refers (Special) to iusefp.o(.text) for __I$use$fp
    printfa.o(i._sputc) refers (Special) to iusefp.o(.text) for __I$use$fp
    entry2.o(.ARM.Collect$$$$00000001) refers to entry2.o(.ARM.Collect$$$$00002712) for __lit__00000000
    entry2.o(.ARM.Collect$$$$00002712) refers to startup_mb9bf50x.o(STACK) for __initial_sp
    entry2.o(__vectab_stack_and_reset_area) refers to startup_mb9bf50x.o(STACK) for __initial_sp
    entry2.o(__vectab_stack_and_reset_area) refers to entry.o(.ARM.Collect$$$$00000000) for __main
    entry5.o(.ARM.Collect$$$$00000004) refers to init.o(.text) for __scatterload
    entry7.o(.ARM.Collect$$$$00000007) refers to blinky.o(.text) for main
    uldiv.o(.text) refers to llushr.o(.text) for __aeabi_llsr
    uldiv.o(.text) refers to llshl.o(.text) for __aeabi_llsl
    dadd.o(.text) refers to llshl.o(.text) for __aeabi_llsl
    dadd.o(.text) refers to llsshr.o(.text) for __aeabi_lasr
    dadd.o(.text) refers to depilogue.o(.text) for _double_epilogue
    dmul.o(.text) refers to depilogue.o(.text) for _double_epilogue
    ddiv.o(.text) refers to depilogue.o(.text) for _double_round
    dfixul.o(.text) refers to llushr.o(.text) for __aeabi_llsr
    dfixul.o(.text) refers to llshl.o(.text) for __aeabi_llsl
    init.o(.text) refers to entry5.o(.ARM.Collect$$$$00000004) for __main_after_scatterload
    depilogue.o(.text) refers to llshl.o(.text) for __aeabi_llsl
    depilogue.o(.text) refers to llushr.o(.text) for __aeabi_llsr


==============================================================================

Removing Unused input sections from the image.

    Removing startup_mb9bf50x.o(HEAP), (0 bytes).
    Removing system_mb9bf50x.o(.emb_text), (8 bytes).
    Removing blinky.o(.emb_text), (8 bytes).
    Removing blinky.o(.bss), (40 bytes).
    Removing irq.o(.emb_text), (8 bytes).
    Removing serial.o(.emb_text), (8 bytes).
    Removing dadd.o(.text), (330 bytes).
    Removing dmul.o(.text), (226 bytes).
    Removing ddiv.o(.text), (222 bytes).
    Removing dfixul.o(.text), (48 bytes).
    Removing cdrcmple.o(.text), (40 bytes).
    Removing depilogue.o(.text), (194 bytes).

12 unused section(s) (total 1132 bytes) removed from the image.

==============================================================================

Image Symbol Table

    Local Symbols

    Symbol Name                              Value     Ov Type        Size  Object(Section)

    ../../microlib/division.c                0x00000000   Number         0  uldiv.o ABSOLUTE
    ../../microlib/division.c                0x00000000   Number         0  uidiv.o ABSOLUTE
    ../../microlib/fpadd.c                   0x00000000   Number         0  dadd.o ABSOLUTE
    ../../microlib/fpdiv.c                   0x00000000   Number         0  ddiv.o ABSOLUTE
    ../../microlib/fpepilogue.c              0x00000000   Number         0  depilogue.o ABSOLUTE
    ../../microlib/fpfix.c                   0x00000000   Number         0  dfixul.o ABSOLUTE
    ../../microlib/fpmul.c                   0x00000000   Number         0  dmul.o ABSOLUTE
    ../../microlib/init/entry.s              0x00000000   Number         0  entry7.o ABSOLUTE
    ../../microlib/init/entry.s              0x00000000   Number         0  entry2.o ABSOLUTE
    ../../microlib/init/entry.s              0x00000000   Number         0  entry5.o ABSOLUTE
    ../../microlib/init/entry.s              0x00000000   Number         0  entry.o ABSOLUTE
    ../../microlib/longlong.c                0x00000000   Number         0  llsshr.o ABSOLUTE
    ../../microlib/longlong.c                0x00000000   Number         0  llushr.o ABSOLUTE
    ../../microlib/longlong.c                0x00000000   Number         0  llshl.o ABSOLUTE
    ../../microlib/printf/printf.c           0x00000000   Number         0  printf3.o ABSOLUTE
    ../../microlib/printf/printf.c           0x00000000   Number         0  printf4.o ABSOLUTE
    ../../microlib/printf/printf.c           0x00000000   Number         0  printf5.o ABSOLUTE
    ../../microlib/printf/printf.c           0x00000000   Number         0  printf8.o ABSOLUTE
    ../../microlib/printf/printf.c           0x00000000   Number         0  printf6.o ABSOLUTE
    ../../microlib/printf/printf.c           0x00000000   Number         0  printf7.o ABSOLUTE
    ../../microlib/printf/printf.c           0x00000000   Number         0  printfa.o ABSOLUTE
    ../../microlib/printf/printf.c           0x00000000   Number         0  printfb.o ABSOLUTE
    ../../microlib/printf/printf.c           0x00000000   Number         0  printf0.o ABSOLUTE
    ../../microlib/printf/printf.c           0x00000000   Number         0  printf1.o ABSOLUTE
    ../../microlib/printf/printf.c           0x00000000   Number         0  printf2.o ABSOLUTE
    ../../microlib/printf/stubs.s            0x00000000   Number         0  stubs.o ABSOLUTE
    ../../microlib/stubs.s                   0x00000000   Number         0  useno.o ABSOLUTE
    ../../microlib/stubs.s                   0x00000000   Number         0  iusefp.o ABSOLUTE
    Blinky.c                                 0x00000000   Number         0  blinky.o ABSOLUTE
    Blinky.c                                 0x00000000   Number         0  blinky.o ABSOLUTE
    IRQ.c                                    0x00000000   Number         0  irq.o ABSOLUTE
    IRQ.c                                    0x00000000   Number         0  irq.o ABSOLUTE
    Retarget.c                               0x00000000   Number         0  retarget.o ABSOLUTE
    Serial.c                                 0x00000000   Number         0  serial.o ABSOLUTE
    Serial.c                                 0x00000000   Number         0  serial.o ABSOLUTE
    cdrcmple.s                               0x00000000   Number         0  cdrcmple.o ABSOLUTE
    dc.s                                     0x00000000   Number         0  dc.o ABSOLUTE
    handlers.s                               0x00000000   Number         0  handlers.o ABSOLUTE
    init.s                                   0x00000000   Number         0  init.o ABSOLUTE
    startup_MB9BF50x.s                       0x00000000   Number         0  startup_mb9bf50x.o ABSOLUTE
    system_MB9BF50x.c                        0x00000000   Number         0  system_mb9bf50x.o ABSOLUTE
    system_MB9BF50x.c                        0x00000000   Number         0  system_mb9bf50x.o ABSOLUTE
    .ARM.__at_0x02FC                         0x000002fc   Section        4  startup_mb9bf50x.o(.ARM.__at_0x02FC)
    RESET                                    0x20000000   Section      256  startup_mb9bf50x.o(RESET)
    .ARM.Collect$$$$00000000                 0x20000100   Section        0  entry.o(.ARM.Collect$$$$00000000)
    .ARM.Collect$$$$00000001                 0x20000100   Section        4  entry2.o(.ARM.Collect$$$$00000001)
    .ARM.Collect$$$$00000004                 0x20000104   Section        4  entry5.o(.ARM.Collect$$$$00000004)
    .ARM.Collect$$$$00000007                 0x20000108   Section        8  entry7.o(.ARM.Collect$$$$00000007)
    .ARM.Collect$$$$00002712                 0x20000110   Section        4  entry2.o(.ARM.Collect$$$$00002712)
    __lit__00000000                          0x20000110   Data           4  entry2.o(.ARM.Collect$$$$00002712)
    .text                                    0x20000114   Section       36  startup_mb9bf50x.o(.text)
    .text                                    0x20000138   Section        0  system_mb9bf50x.o(.text)
    .text                                    0x200002b4   Section        0  blinky.o(.text)
    .text                                    0x20000484   Section        0  irq.o(.text)
    .text                                    0x20000524   Section        0  serial.o(.text)
    .text                                    0x20000570   Section        0  retarget.o(.text)
    .text                                    0x200005a0   Section        0  uldiv.o(.text)
    .text                                    0x20000608   Section       36  init.o(.text)
    .text                                    0x2000062c   Section        0  llshl.o(.text)
    .text                                    0x2000064a   Section        0  llushr.o(.text)
    i.__0printf$8                            0x2000066c   Section        0  printf8.o(i.__0printf$8)
    i.__scatterload_copy                     0x2000068c   Section       14  handlers.o(i.__scatterload_copy)
    i.__scatterload_null                     0x2000069a   Section        2  handlers.o(i.__scatterload_null)
    i.__scatterload_zeroinit                 0x2000069c   Section       14  handlers.o(i.__scatterload_zeroinit)
    i._printf_core                           0x200006ac   Section        0  printf8.o(i._printf_core)
    _printf_core                             0x200006ad   Thumb Code  1064  printf8.o(i._printf_core)
    i._printf_post_padding                   0x20000ad4   Section        0  printf8.o(i._printf_post_padding)
    _printf_post_padding                     0x20000ad5   Thumb Code    38  printf8.o(i._printf_post_padding)
    i._printf_pre_padding                    0x20000afa   Section        0  printf8.o(i._printf_pre_padding)
    _printf_pre_padding                      0x20000afb   Thumb Code    46  printf8.o(i._printf_pre_padding)
    .constdata                               0x20000b28   Section       32  blinky.o(.constdata)
    .data                                    0x20002000   Section        4  system_mb9bf50x.o(.data)
    .data                                    0x20002004   Section        2  blinky.o(.data)
    .data                                    0x20002008   Section       13  irq.o(.data)
    ticks                                    0x20002008   Data           4  irq.o(.data)
    timetick                                 0x2000200c   Data           4  irq.o(.data)
    leds                                     0x20002010   Data           1  irq.o(.data)
    .data                                    0x20002018   Section        8  retarget.o(.data)
    STACK                                    0x20002020   Section      512  startup_mb9bf50x.o(STACK)

    Global Symbols

    Symbol Name                              Value     Ov Type        Size  Object(Section)

    BuildAttributes$$THM_ISAv4$P$D$K$B$S$PE$A:L22UL41UL21$X:L11$S22US41US21$IEEE1$IW$USESV6$~STKCKD$USESV7$~SHL$OSPACE$ROPI$EBA8$MICROLIB$REQ8$PRES8$EABIv2 0x00000000   Number         0  anon$$obj.o ABSOLUTE
    __ARM_use_no_argv                        0x00000000   Number         0  blinky.o ABSOLUTE
    __use_no_errno                           0x00000000   Number         0  useno.o ABSOLUTE
    __use_no_exception_handling              0x00000000   Number         0  useno.o ABSOLUTE
    __use_no_fp                              0x00000000   Number         0  useno.o ABSOLUTE
    __use_no_heap                            0x00000000   Number         0  useno.o ABSOLUTE
    __use_no_heap_region                     0x00000000   Number         0  useno.o ABSOLUTE
    __use_no_semihosting                     0x00000000   Number         0  useno.o ABSOLUTE
    __use_no_semihosting_swi                 0x00000000   Number         0  useno.o ABSOLUTE
    __use_no_signal_handling                 0x00000000   Number         0  useno.o ABSOLUTE
    _printf_a                                0x00000000   Number         0  stubs.o ABSOLUTE
    _printf_c                                0x00000000   Number         0  stubs.o ABSOLUTE
    _printf_charcount                        0x00000000   Number         0  stubs.o ABSOLUTE
    _printf_d                                0x00000000   Number         0  stubs.o ABSOLUTE
    _printf_e                                0x00000000   Number         0  stubs.o ABSOLUTE
    _printf_f                                0x00000000   Number         0  stubs.o ABSOLUTE
    _printf_flags                            0x00000000   Number         0  stubs.o ABSOLUTE
    _printf_fp_dec                           0x00000000   Number         0  stubs.o ABSOLUTE
    _printf_fp_hex                           0x00000000   Number         0  stubs.o ABSOLUTE
    _printf_g                                0x00000000   Number         0  stubs.o ABSOLUTE
    _printf_i                                0x00000000   Number         0  stubs.o ABSOLUTE
    _printf_int_dec                          0x00000000   Number         0  stubs.o ABSOLUTE
    _printf_l                                0x00000000   Number         0  stubs.o ABSOLUTE
    _printf_lc                               0x00000000   Number         0  stubs.o ABSOLUTE
    _printf_ll                               0x00000000   Number         0  stubs.o ABSOLUTE
    _printf_lld                              0x00000000   Number         0  stubs.o ABSOLUTE
    _printf_lli                              0x00000000   Number         0  stubs.o ABSOLUTE
    _printf_llo                              0x00000000   Number         0  stubs.o ABSOLUTE
    _printf_llu                              0x00000000   Number         0  stubs.o ABSOLUTE
    _printf_llx                              0x00000000   Number         0  stubs.o ABSOLUTE
    _printf_longlong_dec                     0x00000000   Number         0  stubs.o ABSOLUTE
    _printf_longlong_hex                     0x00000000   Number         0  stubs.o ABSOLUTE
    _printf_longlong_oct                     0x00000000   Number         0  stubs.o ABSOLUTE
    _printf_ls                               0x00000000   Number         0  stubs.o ABSOLUTE
    _printf_mbtowc                           0x00000000   Number         0  stubs.o ABSOLUTE
    _printf_n                                0x00000000   Number         0  stubs.o ABSOLUTE
    _printf_o                                0x00000000   Number         0  stubs.o ABSOLUTE
    _printf_p                                0x00000000   Number         0  stubs.o ABSOLUTE
    _printf_percent                          0x00000000   Number         0  stubs.o ABSOLUTE
    _printf_pre_padding                      0x00000000   Number         0  stubs.o ABSOLUTE
    _printf_return_value                     0x00000000   Number         0  stubs.o ABSOLUTE
    _printf_s                                0x00000000   Number         0  stubs.o ABSOLUTE
    _printf_sizespec                         0x00000000   Number         0  stubs.o ABSOLUTE
    _printf_str                              0x00000000   Number         0  stubs.o ABSOLUTE
    _printf_truncate_signed                  0x00000000   Number         0  stubs.o ABSOLUTE
    _printf_truncate_unsigned                0x00000000   Number         0  stubs.o ABSOLUTE
    _printf_u                                0x00000000   Number         0  stubs.o ABSOLUTE
    _printf_wc                               0x00000000   Number         0  stubs.o ABSOLUTE
    _printf_wctomb                           0x00000000   Number         0  stubs.o ABSOLUTE
    _printf_widthprec                        0x00000000   Number         0  stubs.o ABSOLUTE
    _printf_x                                0x00000000   Number         0  stubs.o ABSOLUTE
    __decompress                              - Undefined Weak Reference
    __Vectors                                0x20000000   Data           4  startup_mb9bf50x.o(RESET)
    __main                                   0x20000101   Thumb Code     0  entry.o(.ARM.Collect$$$$00000000)
    _main_stk                                0x20000101   Thumb Code     0  entry2.o(.ARM.Collect$$$$00000001)
    _main_scatterload                        0x20000105   Thumb Code     0  entry5.o(.ARM.Collect$$$$00000004)
    __main_after_scatterload                 0x20000109   Thumb Code     0  entry5.o(.ARM.Collect$$$$00000004)
    _main_init                               0x20000109   Thumb Code     0  entry7.o(.ARM.Collect$$$$00000007)
    Reset_Handler                            0x20000115   Thumb Code     8  startup_mb9bf50x.o(.text)
    NMI_Handler                              0x2000011d   Thumb Code     2  startup_mb9bf50x.o(.text)
    HardFault_Handler                        0x2000011f   Thumb Code     2  startup_mb9bf50x.o(.text)
    MemManage_Handler                        0x20000121   Thumb Code     2  startup_mb9bf50x.o(.text)
    BusFault_Handler                         0x20000123   Thumb Code     2  startup_mb9bf50x.o(.text)
    UsageFault_Handler                       0x20000125   Thumb Code     2  startup_mb9bf50x.o(.text)
    SVC_Handler                              0x20000127   Thumb Code     2  startup_mb9bf50x.o(.text)
    DebugMon_Handler                         0x20000129   Thumb Code     2  startup_mb9bf50x.o(.text)
    PendSV_Handler                           0x2000012b   Thumb Code     2  startup_mb9bf50x.o(.text)
    ADC1_IRQHandler                          0x2000012f   Thumb Code     0  startup_mb9bf50x.o(.text)
    ADC2_IRQHandler                          0x2000012f   Thumb Code     0  startup_mb9bf50x.o(.text)
    BTIM_IRQHandler                          0x2000012f   Thumb Code     0  startup_mb9bf50x.o(.text)
    CAN0_IRQHandler                          0x2000012f   Thumb Code     0  startup_mb9bf50x.o(.text)
    CAN1_IRQHandler                          0x2000012f   Thumb Code     0  startup_mb9bf50x.o(.text)
    DMA0_IRQHandler                          0x2000012f   Thumb Code     0  startup_mb9bf50x.o(.text)
    DMA1_IRQHandler                          0x2000012f   Thumb Code     0  startup_mb9bf50x.o(.text)
    DMA2_IRQHandler                          0x2000012f   Thumb Code     0  startup_mb9bf50x.o(.text)
    DMA3_IRQHandler                          0x2000012f   Thumb Code     0  startup_mb9bf50x.o(.text)
    DMA4_IRQHandler                          0x2000012f   Thumb Code     0  startup_mb9bf50x.o(.text)
    DMA5_IRQHandler                          0x2000012f   Thumb Code     0  startup_mb9bf50x.o(.text)
    DMA6_IRQHandler                          0x2000012f   Thumb Code     0  startup_mb9bf50x.o(.text)
    DMA7_IRQHandler                          0x2000012f   Thumb Code     0  startup_mb9bf50x.o(.text)
    EXTI15_8_IRQHandler                      0x2000012f   Thumb Code     0  startup_mb9bf50x.o(.text)
    EXTI7_0_IRQHandler                       0x2000012f   Thumb Code     0  startup_mb9bf50x.o(.text)
    FCS_IRQHandler                           0x2000012f   Thumb Code     0  startup_mb9bf50x.o(.text)
    FMS2_R_IRQHandler                        0x2000012f   Thumb Code     0  startup_mb9bf50x.o(.text)
    LVD_IRQHandler                           0x2000012f   Thumb Code     0  startup_mb9bf50x.o(.text)
    MFS0_R_IRQHandler                        0x2000012f   Thumb Code     0  startup_mb9bf50x.o(.text)
    MFS0_TS_IRQHandler                       0x2000012f   Thumb Code     0  startup_mb9bf50x.o(.text)
    MFS1_R_IRQHandler                        0x2000012f   Thumb Code     0  startup_mb9bf50x.o(.text)
    MFS1_TS_IRQHandler                       0x2000012f   Thumb Code     0  startup_mb9bf50x.o(.text)
    MFS2_TS_IRQHandler                       0x2000012f   Thumb Code     0  startup_mb9bf50x.o(.text)
    MFS3_R_IRQHandler                        0x2000012f   Thumb Code     0  startup_mb9bf50x.o(.text)
    MFS3_TS_IRQHandler                       0x2000012f   Thumb Code     0  startup_mb9bf50x.o(.text)
    MFS4_R_IRQHandler                        0x2000012f   Thumb Code     0  startup_mb9bf50x.o(.text)
    MFS4_TS_IRQHandler                       0x2000012f   Thumb Code     0  startup_mb9bf50x.o(.text)
    MFS5_R_IRQHandler                        0x2000012f   Thumb Code     0  startup_mb9bf50x.o(.text)
    MFS5_TS_IRQHandler                       0x2000012f   Thumb Code     0  startup_mb9bf50x.o(.text)
    MFS6_R_IRQHandler                        0x2000012f   Thumb Code     0  startup_mb9bf50x.o(.text)
    MFS6_TS_IRQHandler                       0x2000012f   Thumb Code     0  startup_mb9bf50x.o(.text)
    MFS7_R_IRQHandler                        0x2000012f   Thumb Code     0  startup_mb9bf50x.o(.text)
    MFS7_TS_IRQHandler                       0x2000012f   Thumb Code     0  startup_mb9bf50x.o(.text)
    MFT_FRT_IRQHandler                       0x2000012f   Thumb Code     0  startup_mb9bf50x.o(.text)
    MFT_IC_IRQHandler                        0x2000012f   Thumb Code     0  startup_mb9bf50x.o(.text)
    MFT_OC_IRQHandler                        0x2000012f   Thumb Code     0  startup_mb9bf50x.o(.text)
    MFT_WFG_IRQHandler                       0x2000012f   Thumb Code     0  startup_mb9bf50x.o(.text)
    OSC_PLL_WCNT_IRQHandler                  0x2000012f   Thumb Code     0  startup_mb9bf50x.o(.text)
    PPG_IRQHandler                           0x2000012f   Thumb Code     0  startup_mb9bf50x.o(.text)
    SWWDT_IRQHandler                         0x2000012f   Thumb Code     0  startup_mb9bf50x.o(.text)
    TIM_QPRC_IRQHandler                      0x2000012f   Thumb Code     0  startup_mb9bf50x.o(.text)
    USB_EP0_STA_IRQHandler                   0x2000012f   Thumb Code     0  startup_mb9bf50x.o(.text)
    USB_EP1_EP5_IRQHandler                   0x2000012f   Thumb Code     0  startup_mb9bf50x.o(.text)
    SystemCoreClockUpdate                    0x20000139   Thumb Code   174  system_mb9bf50x.o(.text)
    SystemInit                               0x200001e7   Thumb Code   178  system_mb9bf50x.o(.text)
    ADC_init                                 0x200002b5   Thumb Code   116  blinky.o(.text)
    LED_init                                 0x20000329   Thumb Code    50  blinky.o(.text)
    LED_On                                   0x2000035b   Thumb Code    20  blinky.o(.text)
    LED_Off                                  0x2000036f   Thumb Code    20  blinky.o(.text)
    LED_Out                                  0x20000383   Thumb Code    38  blinky.o(.text)
    main                                     0x200003a9   Thumb Code   138  blinky.o(.text)
    SysTick_Handler                          0x20000485   Thumb Code    96  irq.o(.text)
    ADC0_IRQHandler                          0x200004e5   Thumb Code    38  irq.o(.text)
    SER_init                                 0x20000525   Thumb Code     2  serial.o(.text)
    sendchar                                 0x20000527   Thumb Code    54  serial.o(.text)
    getkey                                   0x2000055d   Thumb Code     6  serial.o(.text)
    fputc                                    0x20000571   Thumb Code    14  retarget.o(.text)
    fgetc                                    0x2000057f   Thumb Code    10  retarget.o(.text)
    ferror                                   0x20000589   Thumb Code     8  retarget.o(.text)
    _ttywrch                                 0x20000591   Thumb Code    12  retarget.o(.text)
    _sys_exit                                0x2000059d   Thumb Code     4  retarget.o(.text)
    __aeabi_uldivmod                         0x200005a1   Thumb Code   102  uldiv.o(.text)
    __scatterload                            0x20000609   Thumb Code    28  init.o(.text)
    __scatterload_rt2                        0x20000609   Thumb Code     0  init.o(.text)
    __aeabi_llsl                             0x2000062d   Thumb Code    30  llshl.o(.text)
    _ll_shift_l                              0x2000062d   Thumb Code     0  llshl.o(.text)
    __aeabi_llsr                             0x2000064b   Thumb Code    32  llushr.o(.text)
    _ll_ushift_r                             0x2000064b   Thumb Code     0  llushr.o(.text)
    __0printf$8                              0x2000066d   Thumb Code    22  printf8.o(i.__0printf$8)
    __1printf$8                              0x2000066d   Thumb Code     0  printf8.o(i.__0printf$8)
    __2printf                                0x2000066d   Thumb Code     0  printf8.o(i.__0printf$8)
    __scatterload_copy                       0x2000068d   Thumb Code    14  handlers.o(i.__scatterload_copy)
    __scatterload_null                       0x2000069b   Thumb Code     2  handlers.o(i.__scatterload_null)
    __scatterload_zeroinit                   0x2000069d   Thumb Code    14  handlers.o(i.__scatterload_zeroinit)
    led_mask                                 0x20000b28   Data          32  blinky.o(.constdata)
    Region$$Table$$Base                      0x20000b48   Number         0  anon$$obj.o(Region$$Table)
    Region$$Table$$Limit                     0x20000b68   Number         0  anon$$obj.o(Region$$Table)
    SystemCoreClock                          0x20002000   Data           4  system_mb9bf50x.o(.data)
    AD_dbg                                   0x20002004   Data           2  blinky.o(.data)
    AD_last                                  0x20002012   Data           2  irq.o(.data)
    clock_1s                                 0x20002014   Data           1  irq.o(.data)
    __stdout                                 0x20002018   Data           4  retarget.o(.data)
    __stdin                                  0x2000201c   Data           4  retarget.o(.data)
    __initial_sp                             0x20002220   Data           0  startup_mb9bf50x.o(STACK)



==============================================================================

Memory Map of the image

  Image Entry point : 0x20000101

  Load Region LR_IROM1 (Base: 0x20000000, Size: 0x00000b88, Max: 0x00002000, ABSOLUTE)

    Execution Region ER_IROM1 (Base: 0x20000000, Size: 0x00000b68, Max: 0x00002000, ABSOLUTE)

    Base Addr    Size         Type   Attr      Idx    E Section Name        Object

    0x20000000   0x00000100   Data   RO            3    RESET               startup_mb9bf50x.o
    0x20000100   0x00000000   Code   RO          147  * .ARM.Collect$$$$00000000  mc_w.l(entry.o)
    0x20000100   0x00000004   Code   RO          411    .ARM.Collect$$$$00000001  mc_w.l(entry2.o)
    0x20000104   0x00000004   Code   RO          414    .ARM.Collect$$$$00000004  mc_w.l(entry5.o)
    0x20000108   0x00000008   Code   RO          415    .ARM.Collect$$$$00000007  mc_w.l(entry7.o)
    0x20000110   0x00000004   Code   RO          412    .ARM.Collect$$$$00002712  mc_w.l(entry2.o)
    0x20000114   0x00000024   Code   RO            5    .text               startup_mb9bf50x.o
    0x20000138   0x0000017c   Code   RO           14    .text               system_mb9bf50x.o
    0x200002b4   0x000001d0   Code   RO           53    .text               blinky.o
    0x20000484   0x000000a0   Code   RO           87    .text               irq.o
    0x20000524   0x0000004c   Code   RO          106    .text               serial.o
    0x20000570   0x00000030   Code   RO          125    .text               retarget.o
    0x200005a0   0x00000066   Code   RO          418    .text               mc_w.l(uldiv.o)
    0x20000606   0x00000002   PAD
    0x20000608   0x00000024   Code   RO          431    .text               mc_w.l(init.o)
    0x2000062c   0x0000001e   Code   RO          433    .text               mc_w.l(llshl.o)
    0x2000064a   0x00000020   Code   RO          435    .text               mc_w.l(llushr.o)
    0x2000066a   0x00000002   PAD
    0x2000066c   0x00000020   Code   RO          357    i.__0printf$8       mc_w.l(printf8.o)
    0x2000068c   0x0000000e   Code   RO          443    i.__scatterload_copy  mc_w.l(handlers.o)
    0x2000069a   0x00000002   Code   RO          444    i.__scatterload_null  mc_w.l(handlers.o)
    0x2000069c   0x0000000e   Code   RO          445    i.__scatterload_zeroinit  mc_w.l(handlers.o)
    0x200006aa   0x00000002   PAD
    0x200006ac   0x00000428   Code   RO          364    i._printf_core      mc_w.l(printf8.o)
    0x20000ad4   0x00000026   Code   RO          365    i._printf_post_padding  mc_w.l(printf8.o)
    0x20000afa   0x0000002e   Code   RO          366    i._printf_pre_padding  mc_w.l(printf8.o)
    0x20000b28   0x00000020   Data   RO           55    .constdata          blinky.o
    0x20000b48   0x00000020   Data   RO          441    Region$$Table       anon$$obj.o


    Execution Region RW_IRAM1 (Base: 0x20002000, Size: 0x00000220, Max: 0x00002000, ABSOLUTE)

    Base Addr    Size         Type   Attr      Idx    E Section Name        Object

    0x20002000   0x00000004   Data   RW           15    .data               system_mb9bf50x.o
    0x20002004   0x00000002   Data   RW           56    .data               blinky.o
    0x20002006   0x00000002   PAD
    0x20002008   0x0000000d   Data   RW           88    .data               irq.o
    0x20002015   0x00000003   PAD
    0x20002018   0x00000008   Data   RW          126    .data               retarget.o
    0x20002020   0x00000200   Zero   RW            1    STACK               startup_mb9bf50x.o



  Load Region LR$$.ARM.__at_0x02FC (Base: 0x000002fc, Size: 0x00000004, Max: 0x00000004, ABSOLUTE)

    Execution Region ER$$.ARM.__at_0x02FC (Base: 0x000002fc, Size: 0x00000004, Max: 0x00000004, ABSOLUTE, UNINIT)

    Base Addr    Size         Type   Attr      Idx    E Section Name        Object

    0x000002fc   0x00000004   Code   RO            4    .ARM.__at_0x02FC    startup_mb9bf50x.o


==============================================================================

Image component sizes


      Code (inc. data)   RO Data    RW Data    ZI Data      Debug   Object Name

       464         82         32          2          0      18309   blinky.o
       160         26          0         13          0        865   irq.o
        48          0          0          8          0       2646   retarget.o
        76         14          0          0          0      16966   serial.o
        40         12        256          0        512        892   startup_mb9bf50x.o
       380         42          0          4          0      22745   system_mb9bf50x.o

    ----------------------------------------------------------------------
      1168        176        320         32        512      62423   Object Totals
         0          0         32          0          0          0   (incl. Generated)
         0          0          0          5          0          1   (incl. Padding)

    ----------------------------------------------------------------------

      Code (inc. data)   RO Data    RW Data    ZI Data      Debug   Library Member Name

         0          0          0          0          0          0   entry.o
         8          4          0          0          0          0   entry2.o
         4          0          0          0          0          0   entry5.o
         8          4          0          0          0          0   entry7.o
        30          0          0          0          0          0   handlers.o
        36          8          0          0          0         68   init.o
        30          0          0          0          0         68   llshl.o
        32          0          0          0          0         68   llushr.o
      1180         54          0          0          0        352   printf8.o
       102          0          0          0          0         92   uldiv.o

    ----------------------------------------------------------------------
      1436         70          0          0          0        648   Library Totals
         6          0          0          0          0          0   (incl. Padding)

    ----------------------------------------------------------------------

      Code (inc. data)   RO Data    RW Data    ZI Data      Debug   Library Name

      1430         70          0          0          0        648   mc_w.l

    ----------------------------------------------------------------------
      1436         70          0          0          0        648   Library Totals

    ----------------------------------------------------------------------

==============================================================================


      Code (inc. data)   RO Data    RW Data    ZI Data      Debug   

      2604        246        320         32        512      62292   Grand Totals
      2604        246        320         32        512      62292   ELF Image Totals
      2604        246        320         32          0          0   ROM Totals

==============================================================================

    Total RO  Size (Code + RO Data)                 2924 (   2.86kB)
    Total RW  Size (RW Data + ZI Data)               544 (   0.53kB)
    Total ROM Size (Code + RO Data + RW Data)       2956 (   2.89kB)

==============================================================================

