<!doctype html public "-//w3c//dtd html 4.0 transitional//en">
<html><head>
<title>Static Call Graph - [.\RAM\Blinky.axf]</title></head>
<body><HR>
<H1>Static Call Graph for image .\RAM\Blinky.axf</H1><HR>
<BR><P>#&#060CALLGRAPH&#062# ARM Linker, 4.1 [Build 561]: Last Updated: Mon Jan 10 16:42:22 2011
<BR><P>
<H3>Maximum Stack Usage =         24 bytes + Unknown(Cycles, Untraceable Function Pointers)</H3><H3>
Call chain for Maximum Stack Depth:</H3>
main &rArr; __2printf
<P>
<H3>
Mutually Recursive functions
</H3> <LI><a href="#[1]">NMI_Handler</a>&nbsp;&nbsp;&nbsp;&rArr;&nbsp;&nbsp;&nbsp;<a href="#[1]">NMI_Handler</a><BR>
 <LI><a href="#[2]">HardFault_Handler</a>&nbsp;&nbsp;&nbsp;&rArr;&nbsp;&nbsp;&nbsp;<a href="#[2]">HardFault_Handler</a><BR>
 <LI><a href="#[3]">MemManage_Handler</a>&nbsp;&nbsp;&nbsp;&rArr;&nbsp;&nbsp;&nbsp;<a href="#[3]">MemManage_Handler</a><BR>
 <LI><a href="#[4]">BusFault_Handler</a>&nbsp;&nbsp;&nbsp;&rArr;&nbsp;&nbsp;&nbsp;<a href="#[4]">BusFault_Handler</a><BR>
 <LI><a href="#[5]">UsageFault_Handler</a>&nbsp;&nbsp;&nbsp;&rArr;&nbsp;&nbsp;&nbsp;<a href="#[5]">UsageFault_Handler</a><BR>
 <LI><a href="#[6]">SVC_Handler</a>&nbsp;&nbsp;&nbsp;&rArr;&nbsp;&nbsp;&nbsp;<a href="#[6]">SVC_Handler</a><BR>
 <LI><a href="#[7]">DebugMon_Handler</a>&nbsp;&nbsp;&nbsp;&rArr;&nbsp;&nbsp;&nbsp;<a href="#[7]">DebugMon_Handler</a><BR>
 <LI><a href="#[8]">PendSV_Handler</a>&nbsp;&nbsp;&nbsp;&rArr;&nbsp;&nbsp;&nbsp;<a href="#[8]">PendSV_Handler</a><BR>
 <LI><a href="#[24]">ADC1_IRQHandler</a>&nbsp;&nbsp;&nbsp;&rArr;&nbsp;&nbsp;&nbsp;<a href="#[24]">ADC1_IRQHandler</a><BR>
</UL>
<P>
<H3>
Function Pointers
</H3><UL>
 <LI><a href="#[23]">ADC0_IRQHandler</a> from irq.o(.text) referenced from startup_mb9bf50x.o(RESET)
 <LI><a href="#[24]">ADC1_IRQHandler</a> from startup_mb9bf50x.o(.text) referenced from startup_mb9bf50x.o(RESET)
 <LI><a href="#[25]">ADC2_IRQHandler</a> from startup_mb9bf50x.o(.text) referenced from startup_mb9bf50x.o(RESET)
 <LI><a href="#[29]">BTIM_IRQHandler</a> from startup_mb9bf50x.o(.text) referenced from startup_mb9bf50x.o(RESET)
 <LI><a href="#[4]">BusFault_Handler</a> from startup_mb9bf50x.o(.text) referenced from startup_mb9bf50x.o(RESET)
 <LI><a href="#[2a]">CAN0_IRQHandler</a> from startup_mb9bf50x.o(.text) referenced from startup_mb9bf50x.o(RESET)
 <LI><a href="#[2b]">CAN1_IRQHandler</a> from startup_mb9bf50x.o(.text) referenced from startup_mb9bf50x.o(RESET)
 <LI><a href="#[2e]">DMA0_IRQHandler</a> from startup_mb9bf50x.o(.text) referenced from startup_mb9bf50x.o(RESET)
 <LI><a href="#[2f]">DMA1_IRQHandler</a> from startup_mb9bf50x.o(.text) referenced from startup_mb9bf50x.o(RESET)
 <LI><a href="#[30]">DMA2_IRQHandler</a> from startup_mb9bf50x.o(.text) referenced from startup_mb9bf50x.o(RESET)
 <LI><a href="#[31]">DMA3_IRQHandler</a> from startup_mb9bf50x.o(.text) referenced from startup_mb9bf50x.o(RESET)
 <LI><a href="#[32]">DMA4_IRQHandler</a> from startup_mb9bf50x.o(.text) referenced from startup_mb9bf50x.o(RESET)
 <LI><a href="#[33]">DMA5_IRQHandler</a> from startup_mb9bf50x.o(.text) referenced from startup_mb9bf50x.o(RESET)
 <LI><a href="#[34]">DMA6_IRQHandler</a> from startup_mb9bf50x.o(.text) referenced from startup_mb9bf50x.o(RESET)
 <LI><a href="#[35]">DMA7_IRQHandler</a> from startup_mb9bf50x.o(.text) referenced from startup_mb9bf50x.o(RESET)
 <LI><a href="#[7]">DebugMon_Handler</a> from startup_mb9bf50x.o(.text) referenced from startup_mb9bf50x.o(RESET)
 <LI><a href="#[f]">EXTI15_8_IRQHandler</a> from startup_mb9bf50x.o(.text) referenced from startup_mb9bf50x.o(RESET)
 <LI><a href="#[e]">EXTI7_0_IRQHandler</a> from startup_mb9bf50x.o(.text) referenced from startup_mb9bf50x.o(RESET)
 <LI><a href="#[a]">FCS_IRQHandler</a> from startup_mb9bf50x.o(.text) referenced from startup_mb9bf50x.o(RESET)
 <LI><a href="#[15]">FMS2_R_IRQHandler</a> from startup_mb9bf50x.o(.text) referenced from startup_mb9bf50x.o(RESET)
 <LI><a href="#[2]">HardFault_Handler</a> from startup_mb9bf50x.o(.text) referenced from startup_mb9bf50x.o(RESET)
 <LI><a href="#[c]">LVD_IRQHandler</a> from startup_mb9bf50x.o(.text) referenced from startup_mb9bf50x.o(RESET)
 <LI><a href="#[11]">MFS0_R_IRQHandler</a> from startup_mb9bf50x.o(.text) referenced from startup_mb9bf50x.o(RESET)
 <LI><a href="#[12]">MFS0_TS_IRQHandler</a> from startup_mb9bf50x.o(.text) referenced from startup_mb9bf50x.o(RESET)
 <LI><a href="#[13]">MFS1_R_IRQHandler</a> from startup_mb9bf50x.o(.text) referenced from startup_mb9bf50x.o(RESET)
 <LI><a href="#[14]">MFS1_TS_IRQHandler</a> from startup_mb9bf50x.o(.text) referenced from startup_mb9bf50x.o(RESET)
 <LI><a href="#[16]">MFS2_TS_IRQHandler</a> from startup_mb9bf50x.o(.text) referenced from startup_mb9bf50x.o(RESET)
 <LI><a href="#[17]">MFS3_R_IRQHandler</a> from startup_mb9bf50x.o(.text) referenced from startup_mb9bf50x.o(RESET)
 <LI><a href="#[18]">MFS3_TS_IRQHandler</a> from startup_mb9bf50x.o(.text) referenced from startup_mb9bf50x.o(RESET)
 <LI><a href="#[19]">MFS4_R_IRQHandler</a> from startup_mb9bf50x.o(.text) referenced from startup_mb9bf50x.o(RESET)
 <LI><a href="#[1a]">MFS4_TS_IRQHandler</a> from startup_mb9bf50x.o(.text) referenced from startup_mb9bf50x.o(RESET)
 <LI><a href="#[1b]">MFS5_R_IRQHandler</a> from startup_mb9bf50x.o(.text) referenced from startup_mb9bf50x.o(RESET)
 <LI><a href="#[1c]">MFS5_TS_IRQHandler</a> from startup_mb9bf50x.o(.text) referenced from startup_mb9bf50x.o(RESET)
 <LI><a href="#[1d]">MFS6_R_IRQHandler</a> from startup_mb9bf50x.o(.text) referenced from startup_mb9bf50x.o(RESET)
 <LI><a href="#[1e]">MFS6_TS_IRQHandler</a> from startup_mb9bf50x.o(.text) referenced from startup_mb9bf50x.o(RESET)
 <LI><a href="#[1f]">MFS7_R_IRQHandler</a> from startup_mb9bf50x.o(.text) referenced from startup_mb9bf50x.o(RESET)
 <LI><a href="#[20]">MFS7_TS_IRQHandler</a> from startup_mb9bf50x.o(.text) referenced from startup_mb9bf50x.o(RESET)
 <LI><a href="#[26]">MFT_FRT_IRQHandler</a> from startup_mb9bf50x.o(.text) referenced from startup_mb9bf50x.o(RESET)
 <LI><a href="#[27]">MFT_IC_IRQHandler</a> from startup_mb9bf50x.o(.text) referenced from startup_mb9bf50x.o(RESET)
 <LI><a href="#[28]">MFT_OC_IRQHandler</a> from startup_mb9bf50x.o(.text) referenced from startup_mb9bf50x.o(RESET)
 <LI><a href="#[d]">MFT_WFG_IRQHandler</a> from startup_mb9bf50x.o(.text) referenced from startup_mb9bf50x.o(RESET)
 <LI><a href="#[3]">MemManage_Handler</a> from startup_mb9bf50x.o(.text) referenced from startup_mb9bf50x.o(RESET)
 <LI><a href="#[1]">NMI_Handler</a> from startup_mb9bf50x.o(.text) referenced from startup_mb9bf50x.o(RESET)
 <LI><a href="#[22]">OSC_PLL_WCNT_IRQHandler</a> from startup_mb9bf50x.o(.text) referenced from startup_mb9bf50x.o(RESET)
 <LI><a href="#[21]">PPG_IRQHandler</a> from startup_mb9bf50x.o(.text) referenced from startup_mb9bf50x.o(RESET)
 <LI><a href="#[8]">PendSV_Handler</a> from startup_mb9bf50x.o(.text) referenced from startup_mb9bf50x.o(RESET)
 <LI><a href="#[0]">Reset_Handler</a> from startup_mb9bf50x.o(.text) referenced from startup_mb9bf50x.o(RESET)
 <LI><a href="#[6]">SVC_Handler</a> from startup_mb9bf50x.o(.text) referenced from startup_mb9bf50x.o(RESET)
 <LI><a href="#[b]">SWWDT_IRQHandler</a> from startup_mb9bf50x.o(.text) referenced from startup_mb9bf50x.o(RESET)
 <LI><a href="#[9]">SysTick_Handler</a> from irq.o(.text) referenced from startup_mb9bf50x.o(RESET)
 <LI><a href="#[37]">SystemInit</a> from system_mb9bf50x.o(.text) referenced from startup_mb9bf50x.o(.text)
 <LI><a href="#[10]">TIM_QPRC_IRQHandler</a> from startup_mb9bf50x.o(.text) referenced from startup_mb9bf50x.o(RESET)
 <LI><a href="#[2d]">USB_EP0_STA_IRQHandler</a> from startup_mb9bf50x.o(.text) referenced from startup_mb9bf50x.o(RESET)
 <LI><a href="#[2c]">USB_EP1_EP5_IRQHandler</a> from startup_mb9bf50x.o(.text) referenced from startup_mb9bf50x.o(RESET)
 <LI><a href="#[5]">UsageFault_Handler</a> from startup_mb9bf50x.o(.text) referenced from startup_mb9bf50x.o(RESET)
 <LI><a href="#[38]">__main</a> from entry.o(.ARM.Collect$$$$00000000) referenced from startup_mb9bf50x.o(.text)
 <LI><a href="#[39]">fputc</a> from retarget.o(.text) referenced from printf8.o(i.__0printf$8)
 <LI><a href="#[36]">main</a> from blinky.o(.text) referenced from entry7.o(.ARM.Collect$$$$00000007)
</UL>
<P>
<H3>
Global Symbols
</H3>
<P><STRONG><a name="[38]"></a>__main</STRONG> (Thumb, 0 bytes, Stack size unknown bytes, entry.o(.ARM.Collect$$$$00000000))
<BR>[Address Reference Count : 1]<UL><LI> startup_mb9bf50x.o(.text)
</UL>
<P><STRONG><a name="[4f]"></a>_main_stk</STRONG> (Thumb, 0 bytes, Stack size unknown bytes, entry2.o(.ARM.Collect$$$$00000001))

<P><STRONG><a name="[3a]"></a>_main_scatterload</STRONG> (Thumb, 0 bytes, Stack size unknown bytes, entry5.o(.ARM.Collect$$$$00000004))
<BR><BR>[Calls]<UL><LI><a href="#[3b]">&gt;&gt;</a>&nbsp;&nbsp;&nbsp;__scatterload
</UL>

<P><STRONG><a name="[4a]"></a>__main_after_scatterload</STRONG> (Thumb, 0 bytes, Stack size unknown bytes, entry5.o(.ARM.Collect$$$$00000004))
<BR><BR>[Called By]<UL><LI><a href="#[3b]">&gt;&gt;</a>&nbsp;&nbsp;&nbsp;__scatterload
</UL>

<P><STRONG><a name="[50]"></a>_main_init</STRONG> (Thumb, 0 bytes, Stack size unknown bytes, entry7.o(.ARM.Collect$$$$00000007))

<P><STRONG><a name="[0]"></a>Reset_Handler</STRONG> (Thumb, 8 bytes, Stack size 0 bytes, startup_mb9bf50x.o(.text))
<BR>[Address Reference Count : 1]<UL><LI> startup_mb9bf50x.o(RESET)
</UL>
<P><STRONG><a name="[1]"></a>NMI_Handler</STRONG> (Thumb, 2 bytes, Stack size 0 bytes, startup_mb9bf50x.o(.text))
<BR><BR>[Calls]<UL><LI><a href="#[1]">&gt;&gt;</a>&nbsp;&nbsp;&nbsp;NMI_Handler
</UL>
<BR>[Called By]<UL><LI><a href="#[1]">&gt;&gt;</a>&nbsp;&nbsp;&nbsp;NMI_Handler
</UL>
<BR>[Address Reference Count : 1]<UL><LI> startup_mb9bf50x.o(RESET)
</UL>
<P><STRONG><a name="[2]"></a>HardFault_Handler</STRONG> (Thumb, 2 bytes, Stack size 0 bytes, startup_mb9bf50x.o(.text))
<BR><BR>[Calls]<UL><LI><a href="#[2]">&gt;&gt;</a>&nbsp;&nbsp;&nbsp;HardFault_Handler
</UL>
<BR>[Called By]<UL><LI><a href="#[2]">&gt;&gt;</a>&nbsp;&nbsp;&nbsp;HardFault_Handler
</UL>
<BR>[Address Reference Count : 1]<UL><LI> startup_mb9bf50x.o(RESET)
</UL>
<P><STRONG><a name="[3]"></a>MemManage_Handler</STRONG> (Thumb, 2 bytes, Stack size 0 bytes, startup_mb9bf50x.o(.text))
<BR><BR>[Calls]<UL><LI><a href="#[3]">&gt;&gt;</a>&nbsp;&nbsp;&nbsp;MemManage_Handler
</UL>
<BR>[Called By]<UL><LI><a href="#[3]">&gt;&gt;</a>&nbsp;&nbsp;&nbsp;MemManage_Handler
</UL>
<BR>[Address Reference Count : 1]<UL><LI> startup_mb9bf50x.o(RESET)
</UL>
<P><STRONG><a name="[4]"></a>BusFault_Handler</STRONG> (Thumb, 2 bytes, Stack size 0 bytes, startup_mb9bf50x.o(.text))
<BR><BR>[Calls]<UL><LI><a href="#[4]">&gt;&gt;</a>&nbsp;&nbsp;&nbsp;BusFault_Handler
</UL>
<BR>[Called By]<UL><LI><a href="#[4]">&gt;&gt;</a>&nbsp;&nbsp;&nbsp;BusFault_Handler
</UL>
<BR>[Address Reference Count : 1]<UL><LI> startup_mb9bf50x.o(RESET)
</UL>
<P><STRONG><a name="[5]"></a>UsageFault_Handler</STRONG> (Thumb, 2 bytes, Stack size 0 bytes, startup_mb9bf50x.o(.text))
<BR><BR>[Calls]<UL><LI><a href="#[5]">&gt;&gt;</a>&nbsp;&nbsp;&nbsp;UsageFault_Handler
</UL>
<BR>[Called By]<UL><LI><a href="#[5]">&gt;&gt;</a>&nbsp;&nbsp;&nbsp;UsageFault_Handler
</UL>
<BR>[Address Reference Count : 1]<UL><LI> startup_mb9bf50x.o(RESET)
</UL>
<P><STRONG><a name="[6]"></a>SVC_Handler</STRONG> (Thumb, 2 bytes, Stack size 0 bytes, startup_mb9bf50x.o(.text))
<BR><BR>[Calls]<UL><LI><a href="#[6]">&gt;&gt;</a>&nbsp;&nbsp;&nbsp;SVC_Handler
</UL>
<BR>[Called By]<UL><LI><a href="#[6]">&gt;&gt;</a>&nbsp;&nbsp;&nbsp;SVC_Handler
</UL>
<BR>[Address Reference Count : 1]<UL><LI> startup_mb9bf50x.o(RESET)
</UL>
<P><STRONG><a name="[7]"></a>DebugMon_Handler</STRONG> (Thumb, 2 bytes, Stack size 0 bytes, startup_mb9bf50x.o(.text))
<BR><BR>[Calls]<UL><LI><a href="#[7]">&gt;&gt;</a>&nbsp;&nbsp;&nbsp;DebugMon_Handler
</UL>
<BR>[Called By]<UL><LI><a href="#[7]">&gt;&gt;</a>&nbsp;&nbsp;&nbsp;DebugMon_Handler
</UL>
<BR>[Address Reference Count : 1]<UL><LI> startup_mb9bf50x.o(RESET)
</UL>
<P><STRONG><a name="[8]"></a>PendSV_Handler</STRONG> (Thumb, 2 bytes, Stack size 0 bytes, startup_mb9bf50x.o(.text))
<BR><BR>[Calls]<UL><LI><a href="#[8]">&gt;&gt;</a>&nbsp;&nbsp;&nbsp;PendSV_Handler
</UL>
<BR>[Called By]<UL><LI><a href="#[8]">&gt;&gt;</a>&nbsp;&nbsp;&nbsp;PendSV_Handler
</UL>
<BR>[Address Reference Count : 1]<UL><LI> startup_mb9bf50x.o(RESET)
</UL>
<P><STRONG><a name="[24]"></a>ADC1_IRQHandler</STRONG> (Thumb, 0 bytes, Stack size 0 bytes, startup_mb9bf50x.o(.text))
<BR><BR>[Calls]<UL><LI><a href="#[24]">&gt;&gt;</a>&nbsp;&nbsp;&nbsp;ADC1_IRQHandler
</UL>
<BR>[Called By]<UL><LI><a href="#[24]">&gt;&gt;</a>&nbsp;&nbsp;&nbsp;ADC1_IRQHandler
</UL>
<BR>[Address Reference Count : 1]<UL><LI> startup_mb9bf50x.o(RESET)
</UL>
<P><STRONG><a name="[25]"></a>ADC2_IRQHandler</STRONG> (Thumb, 0 bytes, Stack size 0 bytes, startup_mb9bf50x.o(.text))
<BR>[Address Reference Count : 1]<UL><LI> startup_mb9bf50x.o(RESET)
</UL>
<P><STRONG><a name="[29]"></a>BTIM_IRQHandler</STRONG> (Thumb, 0 bytes, Stack size 0 bytes, startup_mb9bf50x.o(.text))
<BR>[Address Reference Count : 1]<UL><LI> startup_mb9bf50x.o(RESET)
</UL>
<P><STRONG><a name="[2a]"></a>CAN0_IRQHandler</STRONG> (Thumb, 0 bytes, Stack size 0 bytes, startup_mb9bf50x.o(.text))
<BR>[Address Reference Count : 1]<UL><LI> startup_mb9bf50x.o(RESET)
</UL>
<P><STRONG><a name="[2b]"></a>CAN1_IRQHandler</STRONG> (Thumb, 0 bytes, Stack size 0 bytes, startup_mb9bf50x.o(.text))
<BR>[Address Reference Count : 1]<UL><LI> startup_mb9bf50x.o(RESET)
</UL>
<P><STRONG><a name="[2e]"></a>DMA0_IRQHandler</STRONG> (Thumb, 0 bytes, Stack size 0 bytes, startup_mb9bf50x.o(.text))
<BR>[Address Reference Count : 1]<UL><LI> startup_mb9bf50x.o(RESET)
</UL>
<P><STRONG><a name="[2f]"></a>DMA1_IRQHandler</STRONG> (Thumb, 0 bytes, Stack size 0 bytes, startup_mb9bf50x.o(.text))
<BR>[Address Reference Count : 1]<UL><LI> startup_mb9bf50x.o(RESET)
</UL>
<P><STRONG><a name="[30]"></a>DMA2_IRQHandler</STRONG> (Thumb, 0 bytes, Stack size 0 bytes, startup_mb9bf50x.o(.text))
<BR>[Address Reference Count : 1]<UL><LI> startup_mb9bf50x.o(RESET)
</UL>
<P><STRONG><a name="[31]"></a>DMA3_IRQHandler</STRONG> (Thumb, 0 bytes, Stack size 0 bytes, startup_mb9bf50x.o(.text))
<BR>[Address Reference Count : 1]<UL><LI> startup_mb9bf50x.o(RESET)
</UL>
<P><STRONG><a name="[32]"></a>DMA4_IRQHandler</STRONG> (Thumb, 0 bytes, Stack size 0 bytes, startup_mb9bf50x.o(.text))
<BR>[Address Reference Count : 1]<UL><LI> startup_mb9bf50x.o(RESET)
</UL>
<P><STRONG><a name="[33]"></a>DMA5_IRQHandler</STRONG> (Thumb, 0 bytes, Stack size 0 bytes, startup_mb9bf50x.o(.text))
<BR>[Address Reference Count : 1]<UL><LI> startup_mb9bf50x.o(RESET)
</UL>
<P><STRONG><a name="[34]"></a>DMA6_IRQHandler</STRONG> (Thumb, 0 bytes, Stack size 0 bytes, startup_mb9bf50x.o(.text))
<BR>[Address Reference Count : 1]<UL><LI> startup_mb9bf50x.o(RESET)
</UL>
<P><STRONG><a name="[35]"></a>DMA7_IRQHandler</STRONG> (Thumb, 0 bytes, Stack size 0 bytes, startup_mb9bf50x.o(.text))
<BR>[Address Reference Count : 1]<UL><LI> startup_mb9bf50x.o(RESET)
</UL>
<P><STRONG><a name="[f]"></a>EXTI15_8_IRQHandler</STRONG> (Thumb, 0 bytes, Stack size 0 bytes, startup_mb9bf50x.o(.text))
<BR>[Address Reference Count : 1]<UL><LI> startup_mb9bf50x.o(RESET)
</UL>
<P><STRONG><a name="[e]"></a>EXTI7_0_IRQHandler</STRONG> (Thumb, 0 bytes, Stack size 0 bytes, startup_mb9bf50x.o(.text))
<BR>[Address Reference Count : 1]<UL><LI> startup_mb9bf50x.o(RESET)
</UL>
<P><STRONG><a name="[a]"></a>FCS_IRQHandler</STRONG> (Thumb, 0 bytes, Stack size 0 bytes, startup_mb9bf50x.o(.text))
<BR>[Address Reference Count : 1]<UL><LI> startup_mb9bf50x.o(RESET)
</UL>
<P><STRONG><a name="[15]"></a>FMS2_R_IRQHandler</STRONG> (Thumb, 0 bytes, Stack size 0 bytes, startup_mb9bf50x.o(.text))
<BR>[Address Reference Count : 1]<UL><LI> startup_mb9bf50x.o(RESET)
</UL>
<P><STRONG><a name="[c]"></a>LVD_IRQHandler</STRONG> (Thumb, 0 bytes, Stack size 0 bytes, startup_mb9bf50x.o(.text))
<BR>[Address Reference Count : 1]<UL><LI> startup_mb9bf50x.o(RESET)
</UL>
<P><STRONG><a name="[11]"></a>MFS0_R_IRQHandler</STRONG> (Thumb, 0 bytes, Stack size 0 bytes, startup_mb9bf50x.o(.text))
<BR>[Address Reference Count : 1]<UL><LI> startup_mb9bf50x.o(RESET)
</UL>
<P><STRONG><a name="[12]"></a>MFS0_TS_IRQHandler</STRONG> (Thumb, 0 bytes, Stack size 0 bytes, startup_mb9bf50x.o(.text))
<BR>[Address Reference Count : 1]<UL><LI> startup_mb9bf50x.o(RESET)
</UL>
<P><STRONG><a name="[13]"></a>MFS1_R_IRQHandler</STRONG> (Thumb, 0 bytes, Stack size 0 bytes, startup_mb9bf50x.o(.text))
<BR>[Address Reference Count : 1]<UL><LI> startup_mb9bf50x.o(RESET)
</UL>
<P><STRONG><a name="[14]"></a>MFS1_TS_IRQHandler</STRONG> (Thumb, 0 bytes, Stack size 0 bytes, startup_mb9bf50x.o(.text))
<BR>[Address Reference Count : 1]<UL><LI> startup_mb9bf50x.o(RESET)
</UL>
<P><STRONG><a name="[16]"></a>MFS2_TS_IRQHandler</STRONG> (Thumb, 0 bytes, Stack size 0 bytes, startup_mb9bf50x.o(.text))
<BR>[Address Reference Count : 1]<UL><LI> startup_mb9bf50x.o(RESET)
</UL>
<P><STRONG><a name="[17]"></a>MFS3_R_IRQHandler</STRONG> (Thumb, 0 bytes, Stack size 0 bytes, startup_mb9bf50x.o(.text))
<BR>[Address Reference Count : 1]<UL><LI> startup_mb9bf50x.o(RESET)
</UL>
<P><STRONG><a name="[18]"></a>MFS3_TS_IRQHandler</STRONG> (Thumb, 0 bytes, Stack size 0 bytes, startup_mb9bf50x.o(.text))
<BR>[Address Reference Count : 1]<UL><LI> startup_mb9bf50x.o(RESET)
</UL>
<P><STRONG><a name="[19]"></a>MFS4_R_IRQHandler</STRONG> (Thumb, 0 bytes, Stack size 0 bytes, startup_mb9bf50x.o(.text))
<BR>[Address Reference Count : 1]<UL><LI> startup_mb9bf50x.o(RESET)
</UL>
<P><STRONG><a name="[1a]"></a>MFS4_TS_IRQHandler</STRONG> (Thumb, 0 bytes, Stack size 0 bytes, startup_mb9bf50x.o(.text))
<BR>[Address Reference Count : 1]<UL><LI> startup_mb9bf50x.o(RESET)
</UL>
<P><STRONG><a name="[1b]"></a>MFS5_R_IRQHandler</STRONG> (Thumb, 0 bytes, Stack size 0 bytes, startup_mb9bf50x.o(.text))
<BR>[Address Reference Count : 1]<UL><LI> startup_mb9bf50x.o(RESET)
</UL>
<P><STRONG><a name="[1c]"></a>MFS5_TS_IRQHandler</STRONG> (Thumb, 0 bytes, Stack size 0 bytes, startup_mb9bf50x.o(.text))
<BR>[Address Reference Count : 1]<UL><LI> startup_mb9bf50x.o(RESET)
</UL>
<P><STRONG><a name="[1d]"></a>MFS6_R_IRQHandler</STRONG> (Thumb, 0 bytes, Stack size 0 bytes, startup_mb9bf50x.o(.text))
<BR>[Address Reference Count : 1]<UL><LI> startup_mb9bf50x.o(RESET)
</UL>
<P><STRONG><a name="[1e]"></a>MFS6_TS_IRQHandler</STRONG> (Thumb, 0 bytes, Stack size 0 bytes, startup_mb9bf50x.o(.text))
<BR>[Address Reference Count : 1]<UL><LI> startup_mb9bf50x.o(RESET)
</UL>
<P><STRONG><a name="[1f]"></a>MFS7_R_IRQHandler</STRONG> (Thumb, 0 bytes, Stack size 0 bytes, startup_mb9bf50x.o(.text))
<BR>[Address Reference Count : 1]<UL><LI> startup_mb9bf50x.o(RESET)
</UL>
<P><STRONG><a name="[20]"></a>MFS7_TS_IRQHandler</STRONG> (Thumb, 0 bytes, Stack size 0 bytes, startup_mb9bf50x.o(.text))
<BR>[Address Reference Count : 1]<UL><LI> startup_mb9bf50x.o(RESET)
</UL>
<P><STRONG><a name="[26]"></a>MFT_FRT_IRQHandler</STRONG> (Thumb, 0 bytes, Stack size 0 bytes, startup_mb9bf50x.o(.text))
<BR>[Address Reference Count : 1]<UL><LI> startup_mb9bf50x.o(RESET)
</UL>
<P><STRONG><a name="[27]"></a>MFT_IC_IRQHandler</STRONG> (Thumb, 0 bytes, Stack size 0 bytes, startup_mb9bf50x.o(.text))
<BR>[Address Reference Count : 1]<UL><LI> startup_mb9bf50x.o(RESET)
</UL>
<P><STRONG><a name="[28]"></a>MFT_OC_IRQHandler</STRONG> (Thumb, 0 bytes, Stack size 0 bytes, startup_mb9bf50x.o(.text))
<BR>[Address Reference Count : 1]<UL><LI> startup_mb9bf50x.o(RESET)
</UL>
<P><STRONG><a name="[d]"></a>MFT_WFG_IRQHandler</STRONG> (Thumb, 0 bytes, Stack size 0 bytes, startup_mb9bf50x.o(.text))
<BR>[Address Reference Count : 1]<UL><LI> startup_mb9bf50x.o(RESET)
</UL>
<P><STRONG><a name="[22]"></a>OSC_PLL_WCNT_IRQHandler</STRONG> (Thumb, 0 bytes, Stack size 0 bytes, startup_mb9bf50x.o(.text))
<BR>[Address Reference Count : 1]<UL><LI> startup_mb9bf50x.o(RESET)
</UL>
<P><STRONG><a name="[21]"></a>PPG_IRQHandler</STRONG> (Thumb, 0 bytes, Stack size 0 bytes, startup_mb9bf50x.o(.text))
<BR>[Address Reference Count : 1]<UL><LI> startup_mb9bf50x.o(RESET)
</UL>
<P><STRONG><a name="[b]"></a>SWWDT_IRQHandler</STRONG> (Thumb, 0 bytes, Stack size 0 bytes, startup_mb9bf50x.o(.text))
<BR>[Address Reference Count : 1]<UL><LI> startup_mb9bf50x.o(RESET)
</UL>
<P><STRONG><a name="[10]"></a>TIM_QPRC_IRQHandler</STRONG> (Thumb, 0 bytes, Stack size 0 bytes, startup_mb9bf50x.o(.text))
<BR>[Address Reference Count : 1]<UL><LI> startup_mb9bf50x.o(RESET)
</UL>
<P><STRONG><a name="[2d]"></a>USB_EP0_STA_IRQHandler</STRONG> (Thumb, 0 bytes, Stack size 0 bytes, startup_mb9bf50x.o(.text))
<BR>[Address Reference Count : 1]<UL><LI> startup_mb9bf50x.o(RESET)
</UL>
<P><STRONG><a name="[2c]"></a>USB_EP1_EP5_IRQHandler</STRONG> (Thumb, 0 bytes, Stack size 0 bytes, startup_mb9bf50x.o(.text))
<BR>[Address Reference Count : 1]<UL><LI> startup_mb9bf50x.o(RESET)
</UL>
<P><STRONG><a name="[51]"></a>SystemCoreClockUpdate</STRONG> (Thumb, 174 bytes, Stack size 0 bytes, system_mb9bf50x.o(.text), UNUSED)

<P><STRONG><a name="[37]"></a>SystemInit</STRONG> (Thumb, 178 bytes, Stack size 0 bytes, system_mb9bf50x.o(.text))
<BR>[Address Reference Count : 1]<UL><LI> startup_mb9bf50x.o(.text)
</UL>
<P><STRONG><a name="[40]"></a>ADC_init</STRONG> (Thumb, 116 bytes, Stack size 0 bytes, blinky.o(.text))
<BR><BR>[Called By]<UL><LI><a href="#[36]">&gt;&gt;</a>&nbsp;&nbsp;&nbsp;main
</UL>

<P><STRONG><a name="[3f]"></a>LED_init</STRONG> (Thumb, 50 bytes, Stack size 0 bytes, blinky.o(.text))
<BR><BR>[Called By]<UL><LI><a href="#[36]">&gt;&gt;</a>&nbsp;&nbsp;&nbsp;main
</UL>

<P><STRONG><a name="[3d]"></a>LED_On</STRONG> (Thumb, 20 bytes, Stack size 0 bytes, blinky.o(.text))
<BR><BR>[Called By]<UL><LI><a href="#[3c]">&gt;&gt;</a>&nbsp;&nbsp;&nbsp;LED_Out
</UL>

<P><STRONG><a name="[3e]"></a>LED_Off</STRONG> (Thumb, 20 bytes, Stack size 0 bytes, blinky.o(.text))
<BR><BR>[Called By]<UL><LI><a href="#[3c]">&gt;&gt;</a>&nbsp;&nbsp;&nbsp;LED_Out
</UL>

<P><STRONG><a name="[3c]"></a>LED_Out</STRONG> (Thumb, 38 bytes, Stack size 8 bytes, blinky.o(.text))
<BR><BR>[Stack]<UL><LI>Max Depth = 8<LI>Call Chain = LED_Out
</UL>
<BR>[Calls]<UL><LI><a href="#[3e]">&gt;&gt;</a>&nbsp;&nbsp;&nbsp;LED_Off
<LI><a href="#[3d]">&gt;&gt;</a>&nbsp;&nbsp;&nbsp;LED_On
</UL>
<BR>[Called By]<UL><LI><a href="#[9]">&gt;&gt;</a>&nbsp;&nbsp;&nbsp;SysTick_Handler
</UL>

<P><STRONG><a name="[36]"></a>main</STRONG> (Thumb, 138 bytes, Stack size 0 bytes, blinky.o(.text))
<BR><BR>[Stack]<UL><LI>Max Depth = 24<LI>Call Chain = main &rArr; __2printf
</UL>
<BR>[Calls]<UL><LI><a href="#[42]">&gt;&gt;</a>&nbsp;&nbsp;&nbsp;__2printf
<LI><a href="#[41]">&gt;&gt;</a>&nbsp;&nbsp;&nbsp;SER_init
<LI><a href="#[3f]">&gt;&gt;</a>&nbsp;&nbsp;&nbsp;LED_init
<LI><a href="#[40]">&gt;&gt;</a>&nbsp;&nbsp;&nbsp;ADC_init
</UL>
<BR>[Address Reference Count : 1]<UL><LI> entry7.o(.ARM.Collect$$$$00000007)
</UL>
<P><STRONG><a name="[9]"></a>SysTick_Handler</STRONG> (Thumb, 96 bytes, Stack size 8 bytes, irq.o(.text))
<BR><BR>[Stack]<UL><LI>Max Depth = 16<LI>Call Chain = SysTick_Handler &rArr; LED_Out
</UL>
<BR>[Calls]<UL><LI><a href="#[3c]">&gt;&gt;</a>&nbsp;&nbsp;&nbsp;LED_Out
</UL>
<BR>[Address Reference Count : 1]<UL><LI> startup_mb9bf50x.o(RESET)
</UL>
<P><STRONG><a name="[23]"></a>ADC0_IRQHandler</STRONG> (Thumb, 38 bytes, Stack size 0 bytes, irq.o(.text))
<BR>[Address Reference Count : 1]<UL><LI> startup_mb9bf50x.o(RESET)
</UL>
<P><STRONG><a name="[41]"></a>SER_init</STRONG> (Thumb, 2 bytes, Stack size 0 bytes, serial.o(.text))
<BR><BR>[Called By]<UL><LI><a href="#[36]">&gt;&gt;</a>&nbsp;&nbsp;&nbsp;main
</UL>

<P><STRONG><a name="[43]"></a>sendchar</STRONG> (Thumb, 54 bytes, Stack size 0 bytes, serial.o(.text))
<BR><BR>[Called By]<UL><LI><a href="#[46]">&gt;&gt;</a>&nbsp;&nbsp;&nbsp;_ttywrch
<LI><a href="#[39]">&gt;&gt;</a>&nbsp;&nbsp;&nbsp;fputc
</UL>

<P><STRONG><a name="[45]"></a>getkey</STRONG> (Thumb, 6 bytes, Stack size 0 bytes, serial.o(.text), UNUSED)
<BR><BR>[Called By]<UL><LI><a href="#[44]">&gt;&gt;</a>&nbsp;&nbsp;&nbsp;fgetc
</UL>

<P><STRONG><a name="[39]"></a>fputc</STRONG> (Thumb, 14 bytes, Stack size 16 bytes, retarget.o(.text))
<BR><BR>[Stack]<UL><LI>Max Depth = 16<LI>Call Chain = fputc
</UL>
<BR>[Calls]<UL><LI><a href="#[43]">&gt;&gt;</a>&nbsp;&nbsp;&nbsp;sendchar
</UL>
<BR>[Address Reference Count : 1]<UL><LI> printf8.o(i.__0printf$8)
</UL>
<P><STRONG><a name="[44]"></a>fgetc</STRONG> (Thumb, 10 bytes, Stack size 8 bytes, retarget.o(.text), UNUSED)
<BR><BR>[Calls]<UL><LI><a href="#[45]">&gt;&gt;</a>&nbsp;&nbsp;&nbsp;getkey
</UL>

<P><STRONG><a name="[52]"></a>ferror</STRONG> (Thumb, 8 bytes, Stack size 0 bytes, retarget.o(.text), UNUSED)

<P><STRONG><a name="[46]"></a>_ttywrch</STRONG> (Thumb, 12 bytes, Stack size 8 bytes, retarget.o(.text), UNUSED)
<BR><BR>[Calls]<UL><LI><a href="#[43]">&gt;&gt;</a>&nbsp;&nbsp;&nbsp;sendchar
</UL>

<P><STRONG><a name="[53]"></a>_sys_exit</STRONG> (Thumb, 4 bytes, Stack size 0 bytes, retarget.o(.text), UNUSED)

<P><STRONG><a name="[47]"></a>__aeabi_uldivmod</STRONG> (Thumb, 102 bytes, Stack size 40 bytes, uldiv.o(.text), UNUSED)
<BR><BR>[Calls]<UL><LI><a href="#[48]">&gt;&gt;</a>&nbsp;&nbsp;&nbsp;__aeabi_llsr
<LI><a href="#[49]">&gt;&gt;</a>&nbsp;&nbsp;&nbsp;__aeabi_llsl
</UL>
<BR>[Called By]<UL><LI><a href="#[4c]">&gt;&gt;</a>&nbsp;&nbsp;&nbsp;_printf_core
</UL>

<P><STRONG><a name="[3b]"></a>__scatterload</STRONG> (Thumb, 28 bytes, Stack size 0 bytes, init.o(.text))
<BR><BR>[Calls]<UL><LI><a href="#[4a]">&gt;&gt;</a>&nbsp;&nbsp;&nbsp;__main_after_scatterload
</UL>
<BR>[Called By]<UL><LI><a href="#[3a]">&gt;&gt;</a>&nbsp;&nbsp;&nbsp;_main_scatterload
</UL>

<P><STRONG><a name="[54]"></a>__scatterload_rt2</STRONG> (Thumb, 0 bytes, Stack size 0 bytes, init.o(.text), UNUSED)

<P><STRONG><a name="[49]"></a>__aeabi_llsl</STRONG> (Thumb, 30 bytes, Stack size 0 bytes, llshl.o(.text), UNUSED)
<BR><BR>[Called By]<UL><LI><a href="#[47]">&gt;&gt;</a>&nbsp;&nbsp;&nbsp;__aeabi_uldivmod
</UL>

<P><STRONG><a name="[55]"></a>_ll_shift_l</STRONG> (Thumb, 0 bytes, Stack size 0 bytes, llshl.o(.text), UNUSED)

<P><STRONG><a name="[48]"></a>__aeabi_llsr</STRONG> (Thumb, 32 bytes, Stack size 0 bytes, llushr.o(.text), UNUSED)
<BR><BR>[Called By]<UL><LI><a href="#[47]">&gt;&gt;</a>&nbsp;&nbsp;&nbsp;__aeabi_uldivmod
</UL>

<P><STRONG><a name="[56]"></a>_ll_ushift_r</STRONG> (Thumb, 0 bytes, Stack size 0 bytes, llushr.o(.text), UNUSED)

<P><STRONG><a name="[4b]"></a>__0printf$8</STRONG> (Thumb, 22 bytes, Stack size 24 bytes, printf8.o(i.__0printf$8), UNUSED)
<BR><BR>[Calls]<UL><LI><a href="#[4c]">&gt;&gt;</a>&nbsp;&nbsp;&nbsp;_printf_core
</UL>

<P><STRONG><a name="[57]"></a>__1printf$8</STRONG> (Thumb, 0 bytes, Stack size 24 bytes, printf8.o(i.__0printf$8), UNUSED)

<P><STRONG><a name="[42]"></a>__2printf</STRONG> (Thumb, 0 bytes, Stack size 24 bytes, printf8.o(i.__0printf$8))
<BR><BR>[Stack]<UL><LI>Max Depth = 24<LI>Call Chain = __2printf
</UL>
<BR>[Called By]<UL><LI><a href="#[36]">&gt;&gt;</a>&nbsp;&nbsp;&nbsp;main
</UL>

<P><STRONG><a name="[58]"></a>__scatterload_copy</STRONG> (Thumb, 14 bytes, Stack size unknown bytes, handlers.o(i.__scatterload_copy), UNUSED)

<P><STRONG><a name="[59]"></a>__scatterload_null</STRONG> (Thumb, 2 bytes, Stack size unknown bytes, handlers.o(i.__scatterload_null), UNUSED)

<P><STRONG><a name="[5a]"></a>__scatterload_zeroinit</STRONG> (Thumb, 14 bytes, Stack size unknown bytes, handlers.o(i.__scatterload_zeroinit), UNUSED)
<P>
<H3>
Local Symbols
</H3>
<P><STRONG><a name="[4c]"></a>_printf_core</STRONG> (Thumb, 1064 bytes, Stack size 104 bytes, printf8.o(i._printf_core), UNUSED)
<BR><BR>[Calls]<UL><LI><a href="#[47]">&gt;&gt;</a>&nbsp;&nbsp;&nbsp;__aeabi_uldivmod
<LI><a href="#[4d]">&gt;&gt;</a>&nbsp;&nbsp;&nbsp;_printf_pre_padding
<LI><a href="#[4e]">&gt;&gt;</a>&nbsp;&nbsp;&nbsp;_printf_post_padding
</UL>
<BR>[Called By]<UL><LI><a href="#[4b]">&gt;&gt;</a>&nbsp;&nbsp;&nbsp;__0printf$8
</UL>

<P><STRONG><a name="[4e]"></a>_printf_post_padding</STRONG> (Thumb, 38 bytes, Stack size 24 bytes, printf8.o(i._printf_post_padding), UNUSED)
<BR><BR>[Called By]<UL><LI><a href="#[4c]">&gt;&gt;</a>&nbsp;&nbsp;&nbsp;_printf_core
</UL>

<P><STRONG><a name="[4d]"></a>_printf_pre_padding</STRONG> (Thumb, 46 bytes, Stack size 24 bytes, printf8.o(i._printf_pre_padding), UNUSED)
<BR><BR>[Called By]<UL><LI><a href="#[4c]">&gt;&gt;</a>&nbsp;&nbsp;&nbsp;_printf_core
</UL>
<P>
<H3>
Undefined Global Symbols
</H3><HR></body></html>
